Archive member included because of file (symbol)

/home/niklas/Downloads/gcc-arm-none-eabi-4_8-2014q3/bin/../lib/gcc/arm-none-eabi/4.8.4/../../../../arm-none-eabi/lib/armv6-m/libc_s.a(lib_a-exit.o)
                              /home/niklas/Downloads/gcc-arm-none-eabi-4_8-2014q3/bin/../lib/gcc/arm-none-eabi/4.8.4/../../../../arm-none-eabi/lib/armv6-m/crt0.o (exit)
/home/niklas/Downloads/gcc-arm-none-eabi-4_8-2014q3/bin/../lib/gcc/arm-none-eabi/4.8.4/../../../../arm-none-eabi/lib/armv6-m/libc_s.a(lib_a-impure.o)
                              /home/niklas/Downloads/gcc-arm-none-eabi-4_8-2014q3/bin/../lib/gcc/arm-none-eabi/4.8.4/../../../../arm-none-eabi/lib/armv6-m/libc_s.a(lib_a-exit.o) (_global_impure_ptr)
/home/niklas/Downloads/gcc-arm-none-eabi-4_8-2014q3/bin/../lib/gcc/arm-none-eabi/4.8.4/../../../../arm-none-eabi/lib/armv6-m/libc_s.a(lib_a-init.o)
                              /home/niklas/Downloads/gcc-arm-none-eabi-4_8-2014q3/bin/../lib/gcc/arm-none-eabi/4.8.4/../../../../arm-none-eabi/lib/armv6-m/crt0.o (__libc_init_array)
/home/niklas/Downloads/gcc-arm-none-eabi-4_8-2014q3/bin/../lib/gcc/arm-none-eabi/4.8.4/../../../../arm-none-eabi/lib/armv6-m/libc_s.a(lib_a-malloc.o)
                              build/curebuffer.o (malloc)
/home/niklas/Downloads/gcc-arm-none-eabi-4_8-2014q3/bin/../lib/gcc/arm-none-eabi/4.8.4/../../../../arm-none-eabi/lib/armv6-m/libc_s.a(lib_a-memcpy-stub.o)
                              build/stm32f0xx_hal_rcc.o (memcpy)
/home/niklas/Downloads/gcc-arm-none-eabi-4_8-2014q3/bin/../lib/gcc/arm-none-eabi/4.8.4/../../../../arm-none-eabi/lib/armv6-m/libc_s.a(lib_a-memset.o)
                              /home/niklas/Downloads/gcc-arm-none-eabi-4_8-2014q3/bin/../lib/gcc/arm-none-eabi/4.8.4/../../../../arm-none-eabi/lib/armv6-m/crt0.o (memset)
/home/niklas/Downloads/gcc-arm-none-eabi-4_8-2014q3/bin/../lib/gcc/arm-none-eabi/4.8.4/../../../../arm-none-eabi/lib/armv6-m/libc_s.a(lib_a-nano-freer.o)
                              /home/niklas/Downloads/gcc-arm-none-eabi-4_8-2014q3/bin/../lib/gcc/arm-none-eabi/4.8.4/../../../../arm-none-eabi/lib/armv6-m/libc_s.a(lib_a-malloc.o) (_free_r)
/home/niklas/Downloads/gcc-arm-none-eabi-4_8-2014q3/bin/../lib/gcc/arm-none-eabi/4.8.4/../../../../arm-none-eabi/lib/armv6-m/libc_s.a(lib_a-nano-mallocr.o)
                              /home/niklas/Downloads/gcc-arm-none-eabi-4_8-2014q3/bin/../lib/gcc/arm-none-eabi/4.8.4/../../../../arm-none-eabi/lib/armv6-m/libc_s.a(lib_a-malloc.o) (_malloc_r)
/home/niklas/Downloads/gcc-arm-none-eabi-4_8-2014q3/bin/../lib/gcc/arm-none-eabi/4.8.4/../../../../arm-none-eabi/lib/armv6-m/libc_s.a(lib_a-sbrkr.o)
                              /home/niklas/Downloads/gcc-arm-none-eabi-4_8-2014q3/bin/../lib/gcc/arm-none-eabi/4.8.4/../../../../arm-none-eabi/lib/armv6-m/libc_s.a(lib_a-nano-mallocr.o) (_sbrk_r)
/home/niklas/Downloads/gcc-arm-none-eabi-4_8-2014q3/bin/../lib/gcc/arm-none-eabi/4.8.4/../../../../arm-none-eabi/lib/armv6-m/libc_s.a(lib_a-reent.o)
                              /home/niklas/Downloads/gcc-arm-none-eabi-4_8-2014q3/bin/../lib/gcc/arm-none-eabi/4.8.4/../../../../arm-none-eabi/lib/armv6-m/libc_s.a(lib_a-sbrkr.o) (errno)
/home/niklas/Downloads/gcc-arm-none-eabi-4_8-2014q3/bin/../lib/gcc/arm-none-eabi/4.8.4/../../../../arm-none-eabi/lib/armv6-m/libm.a(lib_a-w_pow.o)
                              build/main.o (pow)
/home/niklas/Downloads/gcc-arm-none-eabi-4_8-2014q3/bin/../lib/gcc/arm-none-eabi/4.8.4/../../../../arm-none-eabi/lib/armv6-m/libm.a(lib_a-e_pow.o)
                              /home/niklas/Downloads/gcc-arm-none-eabi-4_8-2014q3/bin/../lib/gcc/arm-none-eabi/4.8.4/../../../../arm-none-eabi/lib/armv6-m/libm.a(lib_a-w_pow.o) (__ieee754_pow)
/home/niklas/Downloads/gcc-arm-none-eabi-4_8-2014q3/bin/../lib/gcc/arm-none-eabi/4.8.4/../../../../arm-none-eabi/lib/armv6-m/libm.a(lib_a-e_sqrt.o)
                              /home/niklas/Downloads/gcc-arm-none-eabi-4_8-2014q3/bin/../lib/gcc/arm-none-eabi/4.8.4/../../../../arm-none-eabi/lib/armv6-m/libm.a(lib_a-e_pow.o) (__ieee754_sqrt)
/home/niklas/Downloads/gcc-arm-none-eabi-4_8-2014q3/bin/../lib/gcc/arm-none-eabi/4.8.4/../../../../arm-none-eabi/lib/armv6-m/libm.a(lib_a-s_fabs.o)
                              /home/niklas/Downloads/gcc-arm-none-eabi-4_8-2014q3/bin/../lib/gcc/arm-none-eabi/4.8.4/../../../../arm-none-eabi/lib/armv6-m/libm.a(lib_a-e_pow.o) (fabs)
/home/niklas/Downloads/gcc-arm-none-eabi-4_8-2014q3/bin/../lib/gcc/arm-none-eabi/4.8.4/../../../../arm-none-eabi/lib/armv6-m/libm.a(lib_a-s_finite.o)
                              /home/niklas/Downloads/gcc-arm-none-eabi-4_8-2014q3/bin/../lib/gcc/arm-none-eabi/4.8.4/../../../../arm-none-eabi/lib/armv6-m/libm.a(lib_a-w_pow.o) (finite)
/home/niklas/Downloads/gcc-arm-none-eabi-4_8-2014q3/bin/../lib/gcc/arm-none-eabi/4.8.4/../../../../arm-none-eabi/lib/armv6-m/libm.a(lib_a-s_fpclassify.o)
[...]
Memory Configuration

Name             Origin             Length             Attributes
FLASH            0x08000000         0x00020000         xr
RAM              0x20000000         0x00004000         xrw
*default*        0x00000000         0xffffffff

Linker script and memory map

LOAD /home/niklas/Downloads/gcc-arm-none-eabi-4_8-2014q3/bin/../lib/gcc/arm-none-eabi/4.8.4/armv6-m/crti.o
LOAD /home/niklas/Downloads/gcc-arm-none-eabi-4_8-2014q3/bin/../lib/gcc/arm-none-eabi/4.8.4/armv6-m/crtbegin.o
LOAD /home/niklas/Downloads/gcc-arm-none-eabi-4_8-2014q3/bin/../lib/gcc/arm-none-eabi/4.8.4/../../../../arm-none-eabi/lib/armv6-m/crt0.o
LOAD build/stm32f0xx_hal_flash.o
LOAD build/stm32f0xx_hal_gpio.o
LOAD build/stm32f0xx_hal_rcc.o
LOAD build/stm32f0xx_hal_dac.o
LOAD build/stm32f0xx_hal_dma.o
LOAD build/stm32f0xx_hal_adc_ex.o
LOAD build/stm32f0xx_hal_i2c_ex.o
LOAD build/stm32f0xx_it.o
LOAD build/system_stm32f0xx.o
LOAD build/stm32f0xx_hal_msp.o
LOAD build/stm32f0xx_hal_tim_ex.o
LOAD build/stm32f0xx_hal_pcd_ex.o
LOAD build/stm32f0xx_hal_i2c.o
LOAD build/stm32f0xx_hal_pwr.o
LOAD build/stm32f0xx_hal_pcd.o
LOAD build/stm32f0xx_hal_tim.o
LOAD build/stm32f0xx_hal_flash_ex.o
LOAD build/stm32f0xx_hal_adc.o
LOAD build/stm32f0xx_hal_cortex.o
LOAD build/stm32f0xx_hal.o
LOAD build/main.o
LOAD build/led_blink.o
LOAD build/usb_device.o
LOAD build/usbd_conf.o
LOAD build/usbd_desc.o
LOAD build/usbd_midi_if.o
LOAD build/curebuffer.o
LOAD build/stm32f0xx_hal_rcc_ex.o
LOAD build/stm32f0xx_hal_pwr_ex.o
LOAD build/stm32f0xx_hal_dac_ex.o
LOAD build/usbd_core.o
LOAD build/usbd_ctlreq.o
LOAD build/usbd_ioreq.o
LOAD build/usbd_midi.o
LOAD build/startup_stm32f072xb.o
LOAD /home/niklas/Downloads/gcc-arm-none-eabi-4_8-2014q3/bin/../lib/gcc/arm-none-eabi/4.8.4/../../../../arm-none-eabi/lib/armv6-m/libc_s.a
LOAD /home/niklas/Downloads/gcc-arm-none-eabi-4_8-2014q3/bin/../lib/gcc/arm-none-eabi/4.8.4/../../../../arm-none-eabi/lib/armv6-m/libm.a
LOAD /home/niklas/Downloads/gcc-arm-none-eabi-4_8-2014q3/bin/../lib/gcc/arm-none-eabi/4.8.4/../../../../arm-none-eabi/lib/armv6-m/libnosys.a
START GROUP
LOAD /home/niklas/Downloads/gcc-arm-none-eabi-4_8-2014q3/bin/../lib/gcc/arm-none-eabi/4.8.4/armv6-m/libgcc.a
LOAD /home/niklas/Downloads/gcc-arm-none-eabi-4_8-2014q3/bin/../lib/gcc/arm-none-eabi/4.8.4/../../../../arm-none-eabi/lib/armv6-m/libc_s.a
END GROUP
START GROUP
LOAD /home/niklas/Downloads/gcc-arm-none-eabi-4_8-2014q3/bin/../lib/gcc/arm-none-eabi/4.8.4/armv6-m/libgcc.a
LOAD /home/niklas/Downloads/gcc-arm-none-eabi-4_8-2014q3/bin/../lib/gcc/arm-none-eabi/4.8.4/../../../../arm-none-eabi/lib/armv6-m/libc_s.a
END GROUP
LOAD /home/niklas/Downloads/gcc-arm-none-eabi-4_8-2014q3/bin/../lib/gcc/arm-none-eabi/4.8.4/armv6-m/crtend.o
LOAD /home/niklas/Downloads/gcc-arm-none-eabi-4_8-2014q3/bin/../lib/gcc/arm-none-eabi/4.8.4/armv6-m/crtn.o
                0x20003fff                _estack = 0x20003fff
                0x00000000                _Min_Heap_Size = 0x0
                0x00000400                _Min_Stack_Size = 0x400

.isr_vector     0x08000000       0xc0
                0x08000000                . = ALIGN (0x4)
 *(.isr_vector)
 .isr_vector    0x08000000       0xc0 build/startup_stm32f072xb.o
                0x08000000                g_pfnVectors
                0x080000c0                . = ALIGN (0x4)

.text           0x080000c0     0x6c10
                0x080000c0                . = ALIGN (0x4)
 *(.text)
 .text          0x080000c0       0x60 /home/niklas/Downloads/gcc-arm-none-eabi-4_8-2014q3/bin/../lib/gcc/arm-none-eabi/4.8.4/armv6-m/crtbegin.o
 .text          0x08000120       0x9c /home/niklas/Downloads/gcc-arm-none-eabi-4_8-2014q3/bin/../lib/gcc/arm-none-eabi/4.8.4/armv6-m/libgcc.a(_udivsi3.o)
                0x08000120                __udivsi3
                0x08000120                __aeabi_uidiv
                0x080001a8                __aeabi_uidivmod
 .text          0x080001bc        0x4 /home/niklas/Downloads/gcc-arm-none-eabi-4_8-2014q3/bin/../lib/gcc/arm-none-eabi/4.8.4/armv6-m/libgcc.a(_dvmd_tls.o)
                0x080001bc                __aeabi_ldiv0
                0x080001bc                __aeabi_idiv0
 .text          0x080001c0       0x7c /home/niklas/Downloads/gcc-arm-none-eabi-4_8-2014q3/bin/../lib/gcc/arm-none-eabi/4.8.4/armv6-m/libgcc.a(_arm_cmpdf2.o)
                0x080001c0                __aeabi_cdrcmple
                0x080001d0                __aeabi_cdcmple
                0x080001d0                __aeabi_cdcmpeq
                0x080001e0                __aeabi_dcmpeq
                0x080001ec                __aeabi_dcmplt
                0x08000200                __aeabi_dcmple
                0x08000214                __aeabi_dcmpgt
                0x08000228                __aeabi_dcmpge
 *fill*         0x0800023c        0x4 
 .text          0x08000240       0x40 /home/niklas/Downloads/gcc-arm-none-eabi-4_8-2014q3/bin/../lib/gcc/arm-none-eabi/4.8.4/armv6-m/libgcc.a(_fixunsdfsi.o)
                0x08000240                __fixunsdfsi
                0x08000240                __aeabi_d2uiz
 .text          0x08000280      0x644 /home/niklas/Downloads/gcc-arm-none-eabi-4_8-2014q3/bin/../lib/gcc/arm-none-eabi/4.8.4/armv6-m/libgcc.a(adddf3.o)
                0x08000280                __aeabi_dadd
 .text          0x080008c4      0x648 /home/niklas/Downloads/gcc-arm-none-eabi-4_8-2014q3/bin/../lib/gcc/arm-none-eabi/4.8.4/armv6-m/libgcc.a(divdf3.o)
                0x080008c4                __aeabi_ddiv
 .text          0x08000f0c       0x94 /home/niklas/Downloads/gcc-arm-none-eabi-4_8-2014q3/bin/../lib/gcc/arm-none-eabi/4.8.4/armv6-m/libgcc.a(eqdf2.o)
                0x08000f0c                __eqdf2
                0x08000f0c                __nedf2
 .text          0x08000fa0       0xfc /home/niklas/Downloads/gcc-arm-none-eabi-4_8-2014q3/bin/../lib/gcc/arm-none-eabi/4.8.4/armv6-m/libgcc.a(gedf2.o)
                0x08000fa0                __gtdf2
                0x08000fa0                __gedf2
 .text          0x0800109c       0xfc /home/niklas/Downloads/gcc-arm-none-eabi-4_8-2014q3/bin/../lib/gcc/arm-none-eabi/4.8.4/armv6-m/libgcc.a(ledf2.o)
                0x0800109c                __ltdf2
                0x0800109c                __ledf2
 .text          0x08001198      0x520 /home/niklas/Downloads/gcc-arm-none-eabi-4_8-2014q3/bin/../lib/gcc/arm-none-eabi/4.8.4/armv6-m/libgcc.a(muldf3.o)
                0x08001198                __aeabi_dmul
 .text          0x080016b8      0x668 /home/niklas/Downloads/gcc-arm-none-eabi-4_8-2014q3/bin/../lib/gcc/arm-none-eabi/4.8.4/armv6-m/libgcc.a(subdf3.o)
                0x080016b8                __aeabi_dsub
 .text          0x08001d20       0x68 /home/niklas/Downloads/gcc-arm-none-eabi-4_8-2014q3/bin/../lib/gcc/arm-none-eabi/4.8.4/armv6-m/libgcc.a(fixdfsi.o)
                0x08001d20                __aeabi_d2iz
 .text          0x08001d88       0x7c /home/niklas/Downloads/gcc-arm-none-eabi-4_8-2014q3/bin/../lib/gcc/arm-none-eabi/4.8.4/armv6-m/libgcc.a(floatsidf.o)
                0x08001d88                __aeabi_i2d
 .text          0x08001e04       0x3c /home/niklas/Downloads/gcc-arm-none-eabi-4_8-2014q3/bin/../lib/gcc/arm-none-eabi/4.8.4/armv6-m/libgcc.a(_clzsi2.o)
                0x08001e04                __clzsi2
 *(.text*)
 .text.HAL_GPIO_Init
                0x08001e40      0x1e4 build/stm32f0xx_hal_gpio.o
                0x08001e40                HAL_GPIO_Init
 .text.HAL_GPIO_WritePin
                0x08002024        0xc build/stm32f0xx_hal_gpio.o
                0x08002024                HAL_GPIO_WritePin
 .text.HAL_RCC_OscConfig
                0x08002030      0x580 build/stm32f0xx_hal_rcc.o
                0x08002030                HAL_RCC_OscConfig
 .text.HAL_RCC_GetSysClockFreq
                0x080025b0       0x90 build/stm32f0xx_hal_rcc.o
                0x080025b0                HAL_RCC_GetSysClockFreq
 .text.HAL_RCC_ClockConfig
                0x08002640      0x1c0 build/stm32f0xx_hal_rcc.o
                0x08002640                HAL_RCC_ClockConfig
 .text.HAL_RCC_GetHCLKFreq
                0x08002800        0xc build/stm32f0xx_hal_rcc.o
                0x08002800                HAL_RCC_GetHCLKFreq
 .text.NMI_Handler
                0x0800280c        0x4 build/stm32f0xx_it.o
                0x0800280c                NMI_Handler
 .text.HardFault_Handler
                0x08002810        0x4 build/stm32f0xx_it.o
                0x08002810                HardFault_Handler
 .text.SVC_Handler
                0x08002814        0x4 build/stm32f0xx_it.o
                0x08002814                SVC_Handler
 .text.PendSV_Handler
                0x08002818        0x4 build/stm32f0xx_it.o
                0x08002818                PendSV_Handler
 .text.SysTick_Handler
                0x0800281c        0xc build/stm32f0xx_it.o
                0x0800281c                SysTick_Handler
 .text.TIM17_IRQHandler
                0x08002828       0x10 build/stm32f0xx_it.o
                0x08002828                TIM17_IRQHandler
 .text.USB_IRQHandler
                0x08002838       0x10 build/stm32f0xx_it.o
                0x08002838                USB_IRQHandler
 .text.SystemInit
                0x08002848       0x60 build/system_stm32f0xx.o
                0x08002848                SystemInit
 .text.HAL_MspInit
                0x080028a8       0x54 build/stm32f0xx_hal_msp.o
                0x080028a8                HAL_MspInit
 .text.HAL_TIM_Base_MspInit
                0x080028fc       0x5c build/stm32f0xx_hal_msp.o
                0x080028fc                HAL_TIM_Base_MspInit
 .text.HAL_TIM_MspPostInit
                0x08002958       0x2c build/stm32f0xx_hal_msp.o
                0x08002958                HAL_TIM_MspPostInit
 .text.HAL_TIMEx_MasterConfigSynchronization
                0x08002984       0x4c build/stm32f0xx_hal_tim_ex.o
                0x08002984                HAL_TIMEx_MasterConfigSynchronization
 .text.HAL_TIMEx_CommutationCallback
                0x080029d0        0x4 build/stm32f0xx_hal_tim_ex.o
                0x080029d0                HAL_TIMEx_CommutationCallback
 .text.HAL_TIMEx_BreakCallback
                0x080029d4        0x4 build/stm32f0xx_hal_tim_ex.o
                0x080029d4                HAL_TIMEx_BreakCallback
 .text.HAL_PCDEx_PMAConfig
                0x080029d8       0x3c build/stm32f0xx_hal_pcd_ex.o
                0x080029d8                HAL_PCDEx_PMAConfig
 .text.HAL_PCD_Init
                0x08002a14       0xb8 build/stm32f0xx_hal_pcd.o
                0x08002a14                HAL_PCD_Init
 .text.HAL_PCD_Start
                0x08002acc       0x14 build/stm32f0xx_hal_pcd.o
                0x08002acc                HAL_PCD_Start
 .text.HAL_PCD_SetAddress
                0x08002ae0       0x34 build/stm32f0xx_hal_pcd.o
                0x08002ae0                HAL_PCD_SetAddress
 .text.HAL_PCD_EP_Open
                0x08002b14      0x31c build/stm32f0xx_hal_pcd.o
                0x08002b14                HAL_PCD_EP_Open
 .text.HAL_PCD_EP_Close
                0x08002e30      0x1b8 build/stm32f0xx_hal_pcd.o
                0x08002e30                HAL_PCD_EP_Close
 .text.HAL_PCD_EP_Receive
                0x08002fe8      0x184 build/stm32f0xx_hal_pcd.o
                0x08002fe8                HAL_PCD_EP_Receive
 .text.HAL_PCD_EP_SetStall
                0x0800316c       0xbc build/stm32f0xx_hal_pcd.o
                0x0800316c                HAL_PCD_EP_SetStall
 .text.HAL_PCD_EP_ClrStall
                0x08003228       0xd8 build/stm32f0xx_hal_pcd.o
                0x08003228                HAL_PCD_EP_ClrStall
 .text.PCD_WritePMA
                0x08003300       0x28 build/stm32f0xx_hal_pcd.o
                0x08003300                PCD_WritePMA
 .text.HAL_PCD_EP_Transmit
                0x08003328      0x1b4 build/stm32f0xx_hal_pcd.o
                0x08003328                HAL_PCD_EP_Transmit
 .text.PCD_ReadPMA
                0x080034dc       0x2c build/stm32f0xx_hal_pcd.o
                0x080034dc                PCD_ReadPMA
 .text.PCD_EP_ISR_Handler
                0x08003508      0x3bc build/stm32f0xx_hal_pcd.o
 .text.HAL_PCD_IRQHandler
                0x080038c4      0x114 build/stm32f0xx_hal_pcd.o
                0x080038c4                HAL_PCD_IRQHandler
 .text.TIM_OC1_SetConfig
                0x080039d8       0x88 build/stm32f0xx_hal_tim.o
 .text.TIM_OC3_SetConfig
                0x08003a60       0x90 build/stm32f0xx_hal_tim.o
 .text.TIM_OC4_SetConfig
                0x08003af0       0x74 build/stm32f0xx_hal_tim.o
 .text.HAL_TIM_Base_Start_IT
                0x08003b64       0x18 build/stm32f0xx_hal_tim.o
                0x08003b64                HAL_TIM_Base_Start_IT
 .text.HAL_TIM_PWM_MspInit
                0x08003b7c        0x4 build/stm32f0xx_hal_tim.o
                0x08003b7c                HAL_TIM_PWM_MspInit
 .text.HAL_TIM_OC_DelayElapsedCallback
                0x08003b80        0x4 build/stm32f0xx_hal_tim.o
                0x08003b80                HAL_TIM_OC_DelayElapsedCallback
 .text.HAL_TIM_IC_CaptureCallback
                0x08003b84        0x4 build/stm32f0xx_hal_tim.o
                0x08003b84                HAL_TIM_IC_CaptureCallback
 .text.HAL_TIM_PWM_PulseFinishedCallback
                0x08003b88        0x4 build/stm32f0xx_hal_tim.o
                0x08003b88                HAL_TIM_PWM_PulseFinishedCallback
 .text.HAL_TIM_TriggerCallback
                0x08003b8c        0x4 build/stm32f0xx_hal_tim.o
                0x08003b8c                HAL_TIM_TriggerCallback
 .text.HAL_TIM_IRQHandler
                0x08003b90      0x154 build/stm32f0xx_hal_tim.o
                0x08003b90                HAL_TIM_IRQHandler
 .text.TIM_Base_SetConfig
                0x08003ce4       0xa4 build/stm32f0xx_hal_tim.o
                0x08003ce4                TIM_Base_SetConfig
 .text.HAL_TIM_Base_Init
                0x08003d88       0x34 build/stm32f0xx_hal_tim.o
                0x08003d88                HAL_TIM_Base_Init
 .text.HAL_TIM_PWM_Init
                0x08003dbc       0x34 build/stm32f0xx_hal_tim.o
                0x08003dbc                HAL_TIM_PWM_Init
 .text.TIM_OC2_SetConfig
                0x08003df0       0x84 build/stm32f0xx_hal_tim.o
                0x08003df0                TIM_OC2_SetConfig
 .text.HAL_TIM_PWM_ConfigChannel
                0x08003e74       0xf0 build/stm32f0xx_hal_tim.o
                0x08003e74                HAL_TIM_PWM_ConfigChannel
 .text.TIM_CCxChannelCmd
                0x08003f64       0x18 build/stm32f0xx_hal_tim.o
                0x08003f64                TIM_CCxChannelCmd
 .text.HAL_TIM_PWM_Start
                0x08003f7c       0x64 build/stm32f0xx_hal_tim.o
                0x08003f7c                HAL_TIM_PWM_Start
 .text.HAL_NVIC_SetPriority
                0x08003fe0       0x64 build/stm32f0xx_hal_cortex.o
                0x08003fe0                HAL_NVIC_SetPriority
 .text.HAL_NVIC_EnableIRQ
                0x08004044       0x14 build/stm32f0xx_hal_cortex.o
                0x08004044                HAL_NVIC_EnableIRQ
 .text.HAL_SYSTICK_Config
                0x08004058       0x38 build/stm32f0xx_hal_cortex.o
                0x08004058                HAL_SYSTICK_Config
 .text.HAL_SYSTICK_CLKSourceConfig
                0x08004090       0x20 build/stm32f0xx_hal_cortex.o
                0x08004090                HAL_SYSTICK_CLKSourceConfig
 .text.HAL_SYSTICK_Callback
                0x080040b0        0x4 build/stm32f0xx_hal_cortex.o
                0x080040b0                HAL_SYSTICK_Callback
 .text.HAL_SYSTICK_IRQHandler
                0x080040b4        0x8 build/stm32f0xx_hal_cortex.o
                0x080040b4                HAL_SYSTICK_IRQHandler
 .text.HAL_InitTick
                0x080040bc       0x24 build/stm32f0xx_hal.o
                0x080040bc                HAL_InitTick
 .text.HAL_Init
                0x080040e0       0x20 build/stm32f0xx_hal.o
                0x080040e0                HAL_Init
 .text.HAL_IncTick
                0x08004100       0x10 build/stm32f0xx_hal.o
                0x08004100                HAL_IncTick
 .text.HAL_GetTick
                0x08004110        0xc build/stm32f0xx_hal.o
                0x08004110                HAL_GetTick
 .text.HAL_Delay
                0x0800411c       0x24 build/stm32f0xx_hal.o
                0x0800411c                HAL_Delay
 .text.MX_GPIO_Init
                0x08004140       0x88 build/main.o
 .text.USER_TIM2_Init
                0x080041c8       0x70 build/main.o
 .text.HAL_TIM_PeriodElapsedCallback
                0x08004238       0x14 build/main.o
                0x08004238                HAL_TIM_PeriodElapsedCallback
 .text._Error_Handler
                0x0800424c        0x4 build/main.o
                0x0800424c                _Error_Handler
 .text.MX_TIM17_Init
                0x08004250       0x40 build/main.o
 .text.SystemClock_Config
                0x08004290       0x98 build/main.o
                0x08004290                SystemClock_Config
 .text.main     0x08004328      0x270 build/main.o
                0x08004328                main
 .text.ledIncrementState
                0x08004598       0x28 build/led_blink.o
                0x08004598                ledIncrementState
 .text.MX_USB_MIDI_INIT
                0x080045c0       0x38 build/usb_device.o
                0x080045c0                MX_USB_MIDI_INIT
 .text.HAL_PCD_MspInit
                0x080045f8       0x3c build/usbd_conf.o
                0x080045f8                HAL_PCD_MspInit
 .text.HAL_PCD_SetupStageCallback
                0x08004634       0x14 build/usbd_conf.o
                0x08004634                HAL_PCD_SetupStageCallback
 .text.HAL_PCD_DataOutStageCallback
                0x08004648       0x20 build/usbd_conf.o
                0x08004648                HAL_PCD_DataOutStageCallback
 .text.HAL_PCD_DataInStageCallback
                0x08004668       0x1c build/usbd_conf.o
                0x08004668                HAL_PCD_DataInStageCallback
 .text.HAL_PCD_SOFCallback
                0x08004684       0x10 build/usbd_conf.o
                0x08004684                HAL_PCD_SOFCallback
 .text.HAL_PCD_ResetCallback
                0x08004694       0x18 build/usbd_conf.o
                0x08004694                HAL_PCD_ResetCallback
 .text.HAL_PCD_SuspendCallback
                0x080046ac       0x24 build/usbd_conf.o
                0x080046ac                HAL_PCD_SuspendCallback
 .text.HAL_PCD_ResumeCallback
                0x080046d0       0x10 build/usbd_conf.o
                0x080046d0                HAL_PCD_ResumeCallback
 .text.USBD_LL_Init
                0x080046e0       0x90 build/usbd_conf.o
                0x080046e0                USBD_LL_Init
 .text.USBD_LL_Start
                0x08004770       0x24 build/usbd_conf.o
                0x08004770                USBD_LL_Start
 .text.USBD_LL_OpenEP
                0x08004794       0x28 build/usbd_conf.o
                0x08004794                USBD_LL_OpenEP
 .text.USBD_LL_CloseEP
                0x080047bc       0x24 build/usbd_conf.o
                0x080047bc                USBD_LL_CloseEP
 .text.USBD_LL_StallEP
                0x080047e0       0x24 build/usbd_conf.o
                0x080047e0                USBD_LL_StallEP
 .text.USBD_LL_ClearStallEP
                0x08004804       0x24 build/usbd_conf.o
                0x08004804                USBD_LL_ClearStallEP
 .text.USBD_LL_IsStallEP
                0x08004828       0x34 build/usbd_conf.o
                0x08004828                USBD_LL_IsStallEP
 .text.USBD_LL_SetUSBAddress
                0x0800485c       0x24 build/usbd_conf.o
                0x0800485c                USBD_LL_SetUSBAddress
 .text.USBD_LL_Transmit
                0x08004880       0x24 build/usbd_conf.o
                0x08004880                USBD_LL_Transmit
 .text.USBD_LL_PrepareReceive
                0x080048a4       0x24 build/usbd_conf.o
                0x080048a4                USBD_LL_PrepareReceive
 .text.USBD_FS_DeviceDescriptor
                0x080048c8        0xc build/usbd_desc.o
                0x080048c8                USBD_FS_DeviceDescriptor
 .text.USBD_FS_LangIDStrDescriptor
                0x080048d4        0xc build/usbd_desc.o
                0x080048d4                USBD_FS_LangIDStrDescriptor
 .text.USBD_FS_ProductStrDescriptor
                0x080048e0       0x28 build/usbd_desc.o
                0x080048e0                USBD_FS_ProductStrDescriptor
 .text.USBD_FS_ManufacturerStrDescriptor
                0x08004908       0x1c build/usbd_desc.o
                0x08004908                USBD_FS_ManufacturerStrDescriptor
 .text.USBD_FS_SerialStrDescriptor
                0x08004924       0x28 build/usbd_desc.o
                0x08004924                USBD_FS_SerialStrDescriptor
 .text.USBD_FS_ConfigStrDescriptor
                0x0800494c       0x28 build/usbd_desc.o
                0x0800494c                USBD_FS_ConfigStrDescriptor
 .text.USBD_FS_InterfaceStrDescriptor
                0x08004974       0x28 build/usbd_desc.o
                0x08004974                USBD_FS_InterfaceStrDescriptor
 .text.MIDI_DataTx
                0x0800499c       0x40 build/usbd_midi_if.o
 .text.MIDI_DataRx
                0x080049dc       0x94 build/usbd_midi_if.o
 .text.midiInit
                0x08004a70       0x9c build/usbd_midi_if.o
                0x08004a70                midiInit
 .text.midiGetFromUsbRx
                0x08004b0c       0x20 build/usbd_midi_if.o
                0x08004b0c                midiGetFromUsbRx
 .text.cureRingBufferU8Free
                0x08004b2c       0x1c build/curebuffer.o
                0x08004b2c                cureRingBufferU8Free
 .text.cureRingBufferU8Init
                0x08004b48       0x34 build/curebuffer.o
                0x08004b48                cureRingBufferU8Init
 .text.cureRingBufferU8Enqueue
                0x08004b7c       0x2c build/curebuffer.o
                0x08004b7c                cureRingBufferU8Enqueue
 .text.cureRingBufferU8Dequeue
                0x08004ba8       0x24 build/curebuffer.o
                0x08004ba8                cureRingBufferU8Dequeue
 .text.HAL_RCCEx_PeriphCLKConfig
                0x08004bcc      0x178 build/stm32f0xx_hal_rcc_ex.o
                0x08004bcc                HAL_RCCEx_PeriphCLKConfig
 .text.USBD_Init
                0x08004d44       0x38 build/usbd_core.o
                0x08004d44                USBD_Init
 .text.USBD_RegisterClass
                0x08004d7c       0x14 build/usbd_core.o
                0x08004d7c                USBD_RegisterClass
 .text.USBD_Start
                0x08004d90        0xc build/usbd_core.o
                0x08004d90                USBD_Start
 .text.USBD_SetClassConfig
                0x08004d9c       0x20 build/usbd_core.o
                0x08004d9c                USBD_SetClassConfig
 .text.USBD_ClrClassConfig
                0x08004dbc       0x10 build/usbd_core.o
                0x08004dbc                USBD_ClrClassConfig
 .text.USBD_LL_SetupStage
                0x08004dcc       0x6c build/usbd_core.o
                0x08004dcc                USBD_LL_SetupStage
 .text.USBD_LL_DataOutStage
                0x08004e38       0x78 build/usbd_core.o
                0x08004e38                USBD_LL_DataOutStage
 .text.USBD_LL_DataInStage
                0x08004eb0       0xc0 build/usbd_core.o
                0x08004eb0                USBD_LL_DataInStage
 .text.USBD_LL_Reset
                0x08004f70       0x48 build/usbd_core.o
                0x08004f70                USBD_LL_Reset
 .text.USBD_LL_SetSpeed
                0x08004fb8        0x8 build/usbd_core.o
                0x08004fb8                USBD_LL_SetSpeed
 .text.USBD_LL_Suspend
                0x08004fc0       0x14 build/usbd_core.o
                0x08004fc0                USBD_LL_Suspend
 .text.USBD_LL_Resume
                0x08004fd4       0x10 build/usbd_core.o
                0x08004fd4                USBD_LL_Resume
 .text.USBD_LL_SOF
                0x08004fe4       0x20 build/usbd_core.o
                0x08004fe4                USBD_LL_SOF
 .text.USBD_GetLen
                0x08005004       0x14 build/usbd_ctlreq.o
 .text.USBD_SetFeature
                0x08005018       0x24 build/usbd_ctlreq.o
 .text.USBD_ParseSetupRequest
                0x0800503c       0x28 build/usbd_ctlreq.o
                0x0800503c                USBD_ParseSetupRequest
 .text.USBD_CtlError
                0x08005064       0x14 build/usbd_ctlreq.o
                0x08005064                USBD_CtlError
 .text.USBD_GetDescriptor
                0x08005078      0x16c build/usbd_ctlreq.o
 .text.USBD_SetAddress
                0x080051e4       0x58 build/usbd_ctlreq.o
 .text.USBD_SetConfig
                0x0800523c       0xb0 build/usbd_ctlreq.o
 .text.USBD_GetConfig
                0x080052ec       0x40 build/usbd_ctlreq.o
 .text.USBD_GetStatus
                0x0800532c       0x34 build/usbd_ctlreq.o
 .text.USBD_ClrFeature
                0x08005360       0x38 build/usbd_ctlreq.o
 .text.USBD_StdDevReq
                0x08005398       0x48 build/usbd_ctlreq.o
                0x08005398                USBD_StdDevReq
 .text.USBD_StdItfReq
                0x080053e0       0x3c build/usbd_ctlreq.o
                0x080053e0                USBD_StdItfReq
 .text.USBD_StdEPReq
                0x0800541c      0x140 build/usbd_ctlreq.o
                0x0800541c                USBD_StdEPReq
 .text.USBD_GetString
                0x0800555c       0x3c build/usbd_ctlreq.o
                0x0800555c                USBD_GetString
 .text.USBD_CtlSendData
                0x08005598       0x20 build/usbd_ioreq.o
                0x08005598                USBD_CtlSendData
 .text.USBD_CtlContinueSendData
                0x080055b8       0x14 build/usbd_ioreq.o
                0x080055b8                USBD_CtlContinueSendData
 .text.USBD_CtlContinueRx
                0x080055cc       0x14 build/usbd_ioreq.o
                0x080055cc                USBD_CtlContinueRx
 .text.USBD_CtlSendStatus
                0x080055e0       0x18 build/usbd_ioreq.o
                0x080055e0                USBD_CtlSendStatus
 .text.USBD_CtlReceiveStatus
                0x080055f8       0x18 build/usbd_ioreq.o
                0x080055f8                USBD_CtlReceiveStatus
 .text.USBD_MIDI_DataIn
                0x08005610       0x18 build/usbd_midi.o
 .text.USBD_MIDI_GetCfgDesc
                0x08005628        0xc build/usbd_midi.o
 .text.USBD_MIDI_DataOut
                0x08005634       0x3c build/usbd_midi.o
 .text.USBD_MIDI_DeInit
                0x08005670       0x20 build/usbd_midi.o
 .text.USBD_MIDI_Init
                0x08005690       0x38 build/usbd_midi.o
 .text.USBD_MIDI_RegisterInterface
                0x080056c8       0x14 build/usbd_midi.o
                0x080056c8                USBD_MIDI_RegisterInterface
 .text.Reset_Handler
                0x080056dc       0x50 build/startup_stm32f072xb.o
                0x080056dc                Reset_Handler
 .text.Default_Handler
                0x0800572c        0x2 build/startup_stm32f072xb.o
                0x0800572c                TIM1_CC_IRQHandler
                0x0800572c                TSC_IRQHandler
                0x0800572c                ADC1_COMP_IRQHandler
                0x0800572c                I2C1_IRQHandler
                0x0800572c                RCC_CRS_IRQHandler
                0x0800572c                SPI1_IRQHandler
                0x0800572c                TIM6_DAC_IRQHandler
                0x0800572c                USART3_4_IRQHandler
                0x0800572c                EXTI2_3_IRQHandler
                0x0800572c                I2C2_IRQHandler
                0x0800572c                CEC_CAN_IRQHandler
                0x0800572c                RTC_IRQHandler
                0x0800572c                PVD_VDDIO2_IRQHandler
                0x0800572c                DMA1_Channel4_5_6_7_IRQHandler
                0x0800572c                TIM16_IRQHandler
                0x0800572c                TIM3_IRQHandler
                0x0800572c                EXTI4_15_IRQHandler
                0x0800572c                DMA1_Channel1_IRQHandler
                0x0800572c                Default_Handler
                0x0800572c                TIM14_IRQHandler
                0x0800572c                TIM7_IRQHandler
                0x0800572c                TIM15_IRQHandler
                0x0800572c                EXTI0_1_IRQHandler
                0x0800572c                SPI2_IRQHandler
                0x0800572c                WWDG_IRQHandler
                0x0800572c                TIM2_IRQHandler
                0x0800572c                DMA1_Channel2_3_IRQHandler
                0x0800572c                USART2_IRQHandler
                0x0800572c                FLASH_IRQHandler
                0x0800572c                USART1_IRQHandler
                0x0800572c                TIM1_BRK_UP_TRG_COM_IRQHandler
 *fill*         0x0800572e        0x2 
 .text.__libc_init_array
                0x08005730       0x4c /home/niklas/Downloads/gcc-arm-none-eabi-4_8-2014q3/bin/../lib/gcc/arm-none-eabi/4.8.4/../../../../arm-none-eabi/lib/armv6-m/libc_s.a(lib_a-init.o)
                0x08005730                __libc_init_array
 .text.malloc   0x0800577c       0x14 /home/niklas/Downloads/gcc-arm-none-eabi-4_8-2014q3/bin/../lib/gcc/arm-none-eabi/4.8.4/../../../../arm-none-eabi/lib/armv6-m/libc_s.a(lib_a-malloc.o)
                0x0800577c                malloc
 .text.free     0x08005790       0x14 /home/niklas/Downloads/gcc-arm-none-eabi-4_8-2014q3/bin/../lib/gcc/arm-none-eabi/4.8.4/../../../../arm-none-eabi/lib/armv6-m/libc_s.a(lib_a-malloc.o)
                0x08005790                free
 .text.memcpy   0x080057a4       0x12 /home/niklas/Downloads/gcc-arm-none-eabi-4_8-2014q3/bin/../lib/gcc/arm-none-eabi/4.8.4/../../../../arm-none-eabi/lib/armv6-m/libc_s.a(lib_a-memcpy-stub.o)
                0x080057a4                memcpy
 *fill*         0x080057b6        0x2 
 .text._free_r  0x080057b8       0x90 /home/niklas/Downloads/gcc-arm-none-eabi-4_8-2014q3/bin/../lib/gcc/arm-none-eabi/4.8.4/../../../../arm-none-eabi/lib/armv6-m/libc_s.a(lib_a-nano-freer.o)
                0x080057b8                _free_r
 .text._malloc_r
                0x08005848       0xa8 /home/niklas/Downloads/gcc-arm-none-eabi-4_8-2014q3/bin/../lib/gcc/arm-none-eabi/4.8.4/../../../../arm-none-eabi/lib/armv6-m/libc_s.a(lib_a-nano-mallocr.o)
                0x08005848                _malloc_r
 .text._sbrk_r  0x080058f0       0x24 /home/niklas/Downloads/gcc-arm-none-eabi-4_8-2014q3/bin/../lib/gcc/arm-none-eabi/4.8.4/../../../../arm-none-eabi/lib/armv6-m/libc_s.a(lib_a-sbrkr.o)
                0x080058f0                _sbrk_r
 *fill*         0x08005914        0x4 
 .text.pow      0x08005918      0x370 /home/niklas/Downloads/gcc-arm-none-eabi-4_8-2014q3/bin/../lib/gcc/arm-none-eabi/4.8.4/../../../../arm-none-eabi/lib/armv6-m/libm.a(lib_a-w_pow.o)
                0x08005918                pow
 .text.__ieee754_pow
                0x08005c88      0xb20 /home/niklas/Downloads/gcc-arm-none-eabi-4_8-2014q3/bin/../lib/gcc/arm-none-eabi/4.8.4/../../../../arm-none-eabi/lib/armv6-m/libm.a(lib_a-e_pow.o)
                0x08005c88                __ieee754_pow
 .text.__ieee754_sqrt
                0x080067a8      0x1cc /home/niklas/Downloads/gcc-arm-none-eabi-4_8-2014q3/bin/../lib/gcc/arm-none-eabi/4.8.4/../../../../arm-none-eabi/lib/armv6-m/libm.a(lib_a-e_sqrt.o)
                0x080067a8                __ieee754_sqrt
 .text.fabs     0x08006974        0x8 /home/niklas/Downloads/gcc-arm-none-eabi-4_8-2014q3/bin/../lib/gcc/arm-none-eabi/4.8.4/../../../../arm-none-eabi/lib/armv6-m/libm.a(lib_a-s_fabs.o)
                0x08006974                fabs
 .text.finite   0x0800697c       0x10 /home/niklas/Downloads/gcc-arm-none-eabi-4_8-2014q3/bin/../lib/gcc/arm-none-eabi/4.8.4/../../../../arm-none-eabi/lib/armv6-m/libm.a(lib_a-s_finite.o)
                0x0800697c                finite
 .text.__fpclassifyd
                0x0800698c       0x60 /home/niklas/Downloads/gcc-arm-none-eabi-4_8-2014q3/bin/../lib/gcc/arm-none-eabi/4.8.4/../../../../arm-none-eabi/lib/armv6-m/libm.a(lib_a-s_fpclassify.o)
                0x0800698c                __fpclassifyd
 .text.matherr  0x080069ec        0x4 /home/niklas/Downloads/gcc-arm-none-eabi-4_8-2014q3/bin/../lib/gcc/arm-none-eabi/4.8.4/../../../../arm-none-eabi/lib/armv6-m/libm.a(lib_a-s_matherr.o)
                0x080069ec                matherr
 .text.nan      0x080069f0       0x10 /home/niklas/Downloads/gcc-arm-none-eabi-4_8-2014q3/bin/../lib/gcc/arm-none-eabi/4.8.4/../../../../arm-none-eabi/lib/armv6-m/libm.a(lib_a-s_nan.o)
                0x080069f0                nan
 .text.rint     0x08006a00      0x154 /home/niklas/Downloads/gcc-arm-none-eabi-4_8-2014q3/bin/../lib/gcc/arm-none-eabi/4.8.4/../../../../arm-none-eabi/lib/armv6-m/libm.a(lib_a-s_rint.o)
                0x08006a00                rint
 *fill*         0x08006b54        0x4 
 .text.scalbn   0x08006b58      0x110 /home/niklas/Downloads/gcc-arm-none-eabi-4_8-2014q3/bin/../lib/gcc/arm-none-eabi/4.8.4/../../../../arm-none-eabi/lib/armv6-m/libm.a(lib_a-s_scalbn.o)
                0x08006b58                scalbn
 .text.copysign
                0x08006c68       0x10 /home/niklas/Downloads/gcc-arm-none-eabi-4_8-2014q3/bin/../lib/gcc/arm-none-eabi/4.8.4/../../../../arm-none-eabi/lib/armv6-m/libm.a(lib_a-s_copysign.o)
                0x08006c68                copysign
 .text._sbrk    0x08006c78       0x34 /home/niklas/Downloads/gcc-arm-none-eabi-4_8-2014q3/bin/../lib/gcc/arm-none-eabi/4.8.4/../../../../arm-none-eabi/lib/armv6-m/libnosys.a(sbrk.o)
                0x08006c78                _sbrk
 .text.__errno  0x08006cac        0xc /home/niklas/Downloads/gcc-arm-none-eabi-4_8-2014q3/bin/../lib/gcc/arm-none-eabi/4.8.4/../../../../arm-none-eabi/lib/armv6-m/libc_s.a(lib_a-errno.o)
                0x08006cac                __errno
 *(.glue_7)
 .glue_7        0x00000000        0x0 linker stubs
 *(.glue_7t)
 .glue_7t       0x00000000        0x0 linker stubs
 *(.eh_frame)
 .eh_frame      0x08006cb8        0x0 /home/niklas/Downloads/gcc-arm-none-eabi-4_8-2014q3/bin/../lib/gcc/arm-none-eabi/4.8.4/armv6-m/crtbegin.o
 *(.init)
 .init          0x08006cb8        0x4 /home/niklas/Downloads/gcc-arm-none-eabi-4_8-2014q3/bin/../lib/gcc/arm-none-eabi/4.8.4/armv6-m/crti.o
                0x08006cb8                _init
 .init          0x08006cbc        0x8 /home/niklas/Downloads/gcc-arm-none-eabi-4_8-2014q3/bin/../lib/gcc/arm-none-eabi/4.8.4/armv6-m/crtn.o
 *(.fini)
 .fini          0x08006cc4        0x4 /home/niklas/Downloads/gcc-arm-none-eabi-4_8-2014q3/bin/../lib/gcc/arm-none-eabi/4.8.4/armv6-m/crti.o
                0x08006cc4                _fini
 .fini          0x08006cc8        0x8 /home/niklas/Downloads/gcc-arm-none-eabi-4_8-2014q3/bin/../lib/gcc/arm-none-eabi/4.8.4/armv6-m/crtn.o
                0x08006cd0                . = ALIGN (0x4)
                0x08006cd0                _etext = .

.vfp11_veneer   0x08006cd0        0x0
 .vfp11_veneer  0x00000000        0x0 linker stubs

.v4_bx          0x08006cd0        0x0
 .v4_bx         0x00000000        0x0 linker stubs

.iplt           0x08006cd0        0x0
 .iplt          0x00000000        0x0 /home/niklas/Downloads/gcc-arm-none-eabi-4_8-2014q3/bin/../lib/gcc/arm-none-eabi/4.8.4/armv6-m/crtbegin.o

.rodata         0x08006cd0      0x208
                0x08006cd0                . = ALIGN (0x4)
 *(.rodata)
 .rodata        0x08006cd0       0x20 build/stm32f0xx_hal_rcc.o
 .rodata        0x08006cf0       0x40 /home/niklas/Downloads/gcc-arm-none-eabi-4_8-2014q3/bin/../lib/gcc/arm-none-eabi/4.8.4/armv6-m/libgcc.a(divdf3.o)
 .rodata        0x08006d30       0x40 /home/niklas/Downloads/gcc-arm-none-eabi-4_8-2014q3/bin/../lib/gcc/arm-none-eabi/4.8.4/armv6-m/libgcc.a(muldf3.o)
 *(.rodata*)
 .rodata.AHBPrescTable
                0x08006d70       0x10 build/system_stm32f0xx.o
                0x08006d70                AHBPrescTable
 .rodata.str1.4
                0x08006d80        0xb build/main.o
                                  0xc (size before relaxing)
 *fill*         0x08006d8b        0x1 
 .rodata.str1.4
                0x08006d8c       0x10 build/usbd_conf.o
 .rodata.str1.4
                0x08006d9c       0x4f build/usbd_desc.o
                                 0x50 (size before relaxing)
 *fill*         0x08006deb        0x1 
 .rodata.MIDI_DataRx
                0x08006dec       0x40 build/usbd_midi_if.o
 .rodata.USBD_GetDescriptor
                0x08006e2c       0x38 build/usbd_ctlreq.o
 .rodata.USBD_StdDevReq
                0x08006e64       0x28 build/usbd_ctlreq.o
 .rodata.str1.1
                0x08006e8c        0x2 /home/niklas/Downloads/gcc-arm-none-eabi-4_8-2014q3/bin/../lib/gcc/arm-none-eabi/4.8.4/../../../../arm-none-eabi/lib/armv6-m/libc_s.a(lib_a-impure.o)
 *fill*         0x08006e8e        0x2 
 .rodata.str1.4
                0x08006e90        0x4 /home/niklas/Downloads/gcc-arm-none-eabi-4_8-2014q3/bin/../lib/gcc/arm-none-eabi/4.8.4/../../../../arm-none-eabi/lib/armv6-m/libm.a(lib_a-w_pow.o)
 *fill*         0x08006e94        0x4 
 .rodata.dp_h   0x08006e98       0x10 /home/niklas/Downloads/gcc-arm-none-eabi-4_8-2014q3/bin/../lib/gcc/arm-none-eabi/4.8.4/../../../../arm-none-eabi/lib/armv6-m/libm.a(lib_a-e_pow.o)
 .rodata.dp_l   0x08006ea8       0x10 /home/niklas/Downloads/gcc-arm-none-eabi-4_8-2014q3/bin/../lib/gcc/arm-none-eabi/4.8.4/../../../../arm-none-eabi/lib/armv6-m/libm.a(lib_a-e_pow.o)
 .rodata.bp     0x08006eb8       0x10 /home/niklas/Downloads/gcc-arm-none-eabi-4_8-2014q3/bin/../lib/gcc/arm-none-eabi/4.8.4/../../../../arm-none-eabi/lib/armv6-m/libm.a(lib_a-e_pow.o)
 .rodata.str1.4
                0x00000000        0x4 /home/niklas/Downloads/gcc-arm-none-eabi-4_8-2014q3/bin/../lib/gcc/arm-none-eabi/4.8.4/../../../../arm-none-eabi/lib/armv6-m/libm.a(lib_a-e_pow.o)
 .rodata.TWO52  0x08006ec8       0x10 /home/niklas/Downloads/gcc-arm-none-eabi-4_8-2014q3/bin/../lib/gcc/arm-none-eabi/4.8.4/../../../../arm-none-eabi/lib/armv6-m/libm.a(lib_a-s_rint.o)
                0x08006ed8                . = ALIGN (0x4)

.rel.dyn        0x08006ed8        0x0
 .rel.iplt      0x00000000        0x0 /home/niklas/Downloads/gcc-arm-none-eabi-4_8-2014q3/bin/../lib/gcc/arm-none-eabi/4.8.4/armv6-m/crtbegin.o

.ARM.extab
 *(.ARM.extab* .gnu.linkonce.armextab.*)

.ARM            0x08006ed8        0x0
                0x08006ed8                __exidx_start = .
 *(.ARM.exidx*)
                0x08006ed8                __exidx_end = .

.preinit_array  0x08006ed8        0x0
                0x08006ed8                PROVIDE (__preinit_array_start, .)
 *(.preinit_array*)
                0x08006ed8                PROVIDE (__preinit_array_end, .)

.init_array     0x08006ed8        0x4
                0x08006ed8                PROVIDE (__init_array_start, .)
 *(SORT(.init_array.*))
 *(.init_array*)
 .init_array    0x08006ed8        0x4 /home/niklas/Downloads/gcc-arm-none-eabi-4_8-2014q3/bin/../lib/gcc/arm-none-eabi/4.8.4/armv6-m/crtbegin.o
                0x08006edc                PROVIDE (__init_array_end, .)

.fini_array     0x08006edc        0x4
                0x08006edc                PROVIDE (__fini_array_start, .)
 *(SORT(.fini_array.*))
 *(.fini_array*)
 .fini_array    0x08006edc        0x4 /home/niklas/Downloads/gcc-arm-none-eabi-4_8-2014q3/bin/../lib/gcc/arm-none-eabi/4.8.4/armv6-m/crtbegin.o
                0x08006ee0                PROVIDE (__fini_array_end, .)
                0x08006ee0                _sidata = LOADADDR (.data)

.data           0x20000000      0x168 load address 0x08006ee0
                0x20000000                . = ALIGN (0x4)
                0x20000000                _sdata = .
 *(.data)
 *(.data*)
 .data.SystemCoreClock
                0x20000000        0x4 build/system_stm32f0xx.o
                0x20000000                SystemCoreClock
 .data.FS_Desc  0x20000004       0x1c build/usbd_desc.o
                0x20000004                FS_Desc
 .data.USBD_LangIDDesc
                0x20000020        0x4 build/usbd_desc.o
                0x20000020                USBD_LangIDDesc
 .data.USBD_FS_DeviceDesc
                0x20000024       0x14 build/usbd_desc.o
                0x20000024                USBD_FS_DeviceDesc
 .data.USBD_Interface_fops_FS
                0x20000038        0x8 build/usbd_midi_if.o
                0x20000038                USBD_Interface_fops_FS
 .data.USBD_MIDI_CfgDesc
                0x20000040       0x88 build/usbd_midi.o
                0x20000040                USBD_MIDI_CfgDesc
 .data.USBD_MIDI
                0x200000c8       0x38 build/usbd_midi.o
                0x200000c8                USBD_MIDI
 .data.impure_data
                0x20000100       0x60 /home/niklas/Downloads/gcc-arm-none-eabi-4_8-2014q3/bin/../lib/gcc/arm-none-eabi/4.8.4/../../../../arm-none-eabi/lib/armv6-m/libc_s.a(lib_a-impure.o)
 .data._impure_ptr
                0x20000160        0x4 /home/niklas/Downloads/gcc-arm-none-eabi-4_8-2014q3/bin/../lib/gcc/arm-none-eabi/4.8.4/../../../../arm-none-eabi/lib/armv6-m/libc_s.a(lib_a-impure.o)
                0x20000160                _impure_ptr
 .data.__fdlib_version
                0x20000164        0x1 /home/niklas/Downloads/gcc-arm-none-eabi-4_8-2014q3/bin/../lib/gcc/arm-none-eabi/4.8.4/../../../../arm-none-eabi/lib/armv6-m/libm.a(lib_a-s_lib_ver.o)
                0x20000164                __fdlib_version
                0x20000168                . = ALIGN (0x4)
 *fill*         0x20000165        0x3 
                0x20000168                _edata = .

.jcr            0x20000168        0x0 load address 0x08007048
 .jcr           0x20000168        0x0 /home/niklas/Downloads/gcc-arm-none-eabi-4_8-2014q3/bin/../lib/gcc/arm-none-eabi/4.8.4/armv6-m/crtbegin.o

.igot.plt       0x20000168        0x0 load address 0x08007048
 .igot.plt      0x00000000        0x0 /home/niklas/Downloads/gcc-arm-none-eabi-4_8-2014q3/bin/../lib/gcc/arm-none-eabi/4.8.4/armv6-m/crtbegin.o
                0x20000168                . = ALIGN (0x4)

.bss            0x20000168      0x8fc load address 0x08007048
                0x20000168                _sbss = .
                0x20000168                __bss_start__ = _sbss
 *(.bss)
 .bss           0x20000168       0x1c /home/niklas/Downloads/gcc-arm-none-eabi-4_8-2014q3/bin/../lib/gcc/arm-none-eabi/4.8.4/armv6-m/crtbegin.o
 *(.bss*)
 .bss.curTone   0x20000184        0x2 build/main.o
                0x20000184                curTone
 *fill*         0x20000186        0x2 
 .bss.noteTimeout
                0x20000188        0x4 build/main.o
                0x20000188                noteTimeout
 .bss.freqs     0x2000018c       0x20 build/main.o
                0x2000018c                freqs
 .bss.curPeriode
                0x200001ac        0x4 build/main.o
                0x200001ac                curPeriode
 .bss.lastTone  0x200001b0        0x2 build/main.o
                0x200001b0                lastTone
 .bss.curChannel
                0x200001b2        0x2 build/main.o
                0x200001b2                curChannel
 .bss.midiState
                0x200001b4        0x1 build/main.o
                0x200001b4                midiState
 .bss.cfgidx.7981
                0x200001b5        0x1 build/usbd_ctlreq.o
 *fill*         0x200001b6        0x2 
 .bss.APP_Rx_ptr_in
                0x200001b8        0x4 build/usbd_midi.o
                0x200001b8                APP_Rx_ptr_in
 .bss.USB_Tx_State
                0x200001bc        0x1 build/usbd_midi.o
                0x200001bc                USB_Tx_State
 *fill*         0x200001bd        0x3 
 .bss.pInstance
                0x200001c0        0x4 build/usbd_midi.o
                0x200001c0                pInstance
 .bss.__malloc_sbrk_start
                0x200001c4        0x4 /home/niklas/Downloads/gcc-arm-none-eabi-4_8-2014q3/bin/../lib/gcc/arm-none-eabi/4.8.4/../../../../arm-none-eabi/lib/armv6-m/libc_s.a(lib_a-nano-mallocr.o)
                0x200001c4                __malloc_sbrk_start
 .bss.__malloc_free_list
                0x200001c8        0x4 /home/niklas/Downloads/gcc-arm-none-eabi-4_8-2014q3/bin/../lib/gcc/arm-none-eabi/4.8.4/../../../../arm-none-eabi/lib/armv6-m/libc_s.a(lib_a-nano-mallocr.o)
                0x200001c8                __malloc_free_list
 .bss.heap_end.4246
                0x200001cc        0x4 /home/niklas/Downloads/gcc-arm-none-eabi-4_8-2014q3/bin/../lib/gcc/arm-none-eabi/4.8.4/../../../../arm-none-eabi/lib/armv6-m/libnosys.a(sbrk.o)
 *(COMMON)
 COMMON         0x200001d0        0x4 build/stm32f0xx_hal.o
                0x200001d0                uwTick
 COMMON         0x200001d4       0x88 build/main.o
                0x200001d4                uart_tx_dat
                0x200001d8                htim17
                0x20000218                midiBuffer
                0x2000021c                htim2
 COMMON         0x2000025c       0x19 build/led_blink.o
                0x2000025c                cnt
                0x20000270                isActivate
 *fill*         0x20000275        0x3 
 COMMON         0x20000278      0x224 build/usb_device.o
                0x20000278                hUsbDeviceFS
 COMMON         0x2000049c      0x220 build/usbd_conf.o
                0x2000049c                hpcd_USB_FS
 COMMON         0x200006bc      0x200 build/usbd_desc.o
                0x200006bc                USBD_StrDesc
 COMMON         0x200008bc       0x64 build/usbd_midi_if.o
                0x200008bc                rbuf_jack_rx
                0x200008c8                rx_midi_msg
                0x200008cc                midi_event
                0x20000910                rbuf_usb_rx
                0x2000091c                analyzed_status
 COMMON         0x20000920      0x140 build/usbd_midi.o
                0x20000920                USB_Rx_Buffer
                0x20000960                APP_Rx_Buffer
 COMMON         0x20000a60        0x4 /home/niklas/Downloads/gcc-arm-none-eabi-4_8-2014q3/bin/../lib/gcc/arm-none-eabi/4.8.4/../../../../arm-none-eabi/lib/armv6-m/libc_s.a(lib_a-reent.o)
                0x20000a60                errno
                0x20000a64                . = ALIGN (0x4)
                0x20000a64                _ebss = .
                0x20000a64                __bss_end__ = _ebss

._user_heap_stack
                0x20000a64      0x400 load address 0x08007048
                0x20000a64                . = ALIGN (0x4)
                0x20000a64                PROVIDE (end, .)
                0x20000a64                PROVIDE (_end, .)
                0x20000a64                . = (. + _Min_Heap_Size)
                0x20000e64                . = (. + _Min_Stack_Size)
 *fill*         0x20000a64      0x400 
                0x20000e64                . = ALIGN (0x4)

/DISCARD/
 libc.a(*)
 libm.a(*)
 libgcc.a(*)

.ARM.attributes
                0x00000000       0x28
 *(.ARM.attributes)
 .ARM.attributes
                0x00000000       0x1e /home/niklas/Downloads/gcc-arm-none-eabi-4_8-2014q3/bin/../lib/gcc/arm-none-eabi/4.8.4/armv6-m/crti.o
 .ARM.attributes
                0x0000001e       0x2c /home/niklas/Downloads/gcc-arm-none-eabi-4_8-2014q3/bin/../lib/gcc/arm-none-eabi/4.8.4/armv6-m/crtbegin.o
 .ARM.attributes
                0x0000004a       0x31 build/stm32f0xx_hal_gpio.o
 .ARM.attributes
                0x0000007b       0x31 build/stm32f0xx_hal_rcc.o
 .ARM.attributes
                0x000000ac       0x31 build/stm32f0xx_it.o
 .ARM.attributes
                0x000000dd       0x31 build/system_stm32f0xx.o
 .ARM.attributes
                0x0000010e       0x31 build/stm32f0xx_hal_msp.o
 .ARM.attributes
                0x0000013f       0x31 build/stm32f0xx_hal_tim_ex.o
 .ARM.attributes
                0x00000170       0x31 build/stm32f0xx_hal_pcd_ex.o
 .ARM.attributes
                0x000001a1       0x31 build/stm32f0xx_hal_pcd.o
 .ARM.attributes
                0x000001d2       0x31 build/stm32f0xx_hal_tim.o
 .ARM.attributes
                0x00000203       0x31 build/stm32f0xx_hal_cortex.o
 .ARM.attributes
                0x00000234       0x31 build/stm32f0xx_hal.o
 .ARM.attributes
                0x00000265       0x31 build/main.o
 .ARM.attributes
                0x00000296       0x31 build/led_blink.o
 .ARM.attributes
                0x000002c7       0x31 build/usb_device.o
 .ARM.attributes
                0x000002f8       0x31 build/usbd_conf.o
 .ARM.attributes
                0x00000329       0x31 build/usbd_desc.o
 .ARM.attributes
                0x0000035a       0x31 build/usbd_midi_if.o
 .ARM.attributes
                0x0000038b       0x31 build/curebuffer.o
 .ARM.attributes
                0x000003bc       0x31 build/stm32f0xx_hal_rcc_ex.o
 .ARM.attributes
                0x000003ed       0x31 build/usbd_core.o
 .ARM.attributes
                0x0000041e       0x31 build/usbd_ctlreq.o
 .ARM.attributes
                0x0000044f       0x31 build/usbd_ioreq.o
 .ARM.attributes
                0x00000480       0x31 build/usbd_midi.o
 .ARM.attributes
                0x000004b1       0x21 build/startup_stm32f072xb.o
 .ARM.attributes
                0x000004d2       0x2c /home/niklas/Downloads/gcc-arm-none-eabi-4_8-2014q3/bin/../lib/gcc/arm-none-eabi/4.8.4/../../../../arm-none-eabi/lib/armv6-m/libc_s.a(lib_a-impure.o)
 .ARM.attributes
                0x000004fe       0x2c /home/niklas/Downloads/gcc-arm-none-eabi-4_8-2014q3/bin/../lib/gcc/arm-none-eabi/4.8.4/../../../../arm-none-eabi/lib/armv6-m/libc_s.a(lib_a-init.o)
 .ARM.attributes
                0x0000052a       0x2c /home/niklas/Downloads/gcc-arm-none-eabi-4_8-2014q3/bin/../lib/gcc/arm-none-eabi/4.8.4/../../../../arm-none-eabi/lib/armv6-m/libc_s.a(lib_a-malloc.o)
 .ARM.attributes
                0x00000556       0x2c /home/niklas/Downloads/gcc-arm-none-eabi-4_8-2014q3/bin/../lib/gcc/arm-none-eabi/4.8.4/../../../../arm-none-eabi/lib/armv6-m/libc_s.a(lib_a-memcpy-stub.o)
 .ARM.attributes
                0x00000582       0x2c /home/niklas/Downloads/gcc-arm-none-eabi-4_8-2014q3/bin/../lib/gcc/arm-none-eabi/4.8.4/../../../../arm-none-eabi/lib/armv6-m/libc_s.a(lib_a-nano-freer.o)
 .ARM.attributes
                0x000005ae       0x2c /home/niklas/Downloads/gcc-arm-none-eabi-4_8-2014q3/bin/../lib/gcc/arm-none-eabi/4.8.4/../../../../arm-none-eabi/lib/armv6-m/libc_s.a(lib_a-nano-mallocr.o)
 .ARM.attributes
                0x000005da       0x2c /home/niklas/Downloads/gcc-arm-none-eabi-4_8-2014q3/bin/../lib/gcc/arm-none-eabi/4.8.4/../../../../arm-none-eabi/lib/armv6-m/libc_s.a(lib_a-sbrkr.o)
 .ARM.attributes
                0x00000606       0x2c /home/niklas/Downloads/gcc-arm-none-eabi-4_8-2014q3/bin/../lib/gcc/arm-none-eabi/4.8.4/../../../../arm-none-eabi/lib/armv6-m/libc_s.a(lib_a-reent.o)
 .ARM.attributes
                0x00000632       0x2c /home/niklas/Downloads/gcc-arm-none-eabi-4_8-2014q3/bin/../lib/gcc/arm-none-eabi/4.8.4/../../../../arm-none-eabi/lib/armv6-m/libm.a(lib_a-w_pow.o)
 .ARM.attributes
                0x0000065e       0x2c /home/niklas/Downloads/gcc-arm-none-eabi-4_8-2014q3/bin/../lib/gcc/arm-none-eabi/4.8.4/../../../../arm-none-eabi/lib/armv6-m/libm.a(lib_a-e_pow.o)
 .ARM.attributes
                0x0000068a       0x2c /home/niklas/Downloads/gcc-arm-none-eabi-4_8-2014q3/bin/../lib/gcc/arm-none-eabi/4.8.4/../../../../arm-none-eabi/lib/armv6-m/libm.a(lib_a-e_sqrt.o)
 .ARM.attributes
                0x000006b6       0x2c /home/niklas/Downloads/gcc-arm-none-eabi-4_8-2014q3/bin/../lib/gcc/arm-none-eabi/4.8.4/../../../../arm-none-eabi/lib/armv6-m/libm.a(lib_a-s_fabs.o)
 .ARM.attributes
                0x000006e2       0x2c /home/niklas/Downloads/gcc-arm-none-eabi-4_8-2014q3/bin/../lib/gcc/arm-none-eabi/4.8.4/../../../../arm-none-eabi/lib/armv6-m/libm.a(lib_a-s_finite.o)
 .ARM.attributes
                0x0000070e       0x2c /home/niklas/Downloads/gcc-arm-none-eabi-4_8-2014q3/bin/../lib/gcc/arm-none-eabi/4.8.4/../../../../arm-none-eabi/lib/armv6-m/libm.a(lib_a-s_fpclassify.o)
 .ARM.attributes
                0x0000073a       0x2c /home/niklas/Downloads/gcc-arm-none-eabi-4_8-2014q3/bin/../lib/gcc/arm-none-eabi/4.8.4/../../../../arm-none-eabi/lib/armv6-m/libm.a(lib_a-s_lib_ver.o)
 .ARM.attributes
                0x00000766       0x2c /home/niklas/Downloads/gcc-arm-none-eabi-4_8-2014q3/bin/../lib/gcc/arm-none-eabi/4.8.4/../../../../arm-none-eabi/lib/armv6-m/libm.a(lib_a-s_matherr.o)
 .ARM.attributes
                0x00000792       0x2c /home/niklas/Downloads/gcc-arm-none-eabi-4_8-2014q3/bin/../lib/gcc/arm-none-eabi/4.8.4/../../../../arm-none-eabi/lib/armv6-m/libm.a(lib_a-s_nan.o)
 .ARM.attributes
                0x000007be       0x2c /home/niklas/Downloads/gcc-arm-none-eabi-4_8-2014q3/bin/../lib/gcc/arm-none-eabi/4.8.4/../../../../arm-none-eabi/lib/armv6-m/libm.a(lib_a-s_rint.o)
 .ARM.attributes
                0x000007ea       0x2c /home/niklas/Downloads/gcc-arm-none-eabi-4_8-2014q3/bin/../lib/gcc/arm-none-eabi/4.8.4/../../../../arm-none-eabi/lib/armv6-m/libm.a(lib_a-s_scalbn.o)
 .ARM.attributes
                0x00000816       0x2c /home/niklas/Downloads/gcc-arm-none-eabi-4_8-2014q3/bin/../lib/gcc/arm-none-eabi/4.8.4/../../../../arm-none-eabi/lib/armv6-m/libm.a(lib_a-s_copysign.o)
 .ARM.attributes
                0x00000842       0x2c /home/niklas/Downloads/gcc-arm-none-eabi-4_8-2014q3/bin/../lib/gcc/arm-none-eabi/4.8.4/../../../../arm-none-eabi/lib/armv6-m/libnosys.a(sbrk.o)
 .ARM.attributes
                0x0000086e       0x1e /home/niklas/Downloads/gcc-arm-none-eabi-4_8-2014q3/bin/../lib/gcc/arm-none-eabi/4.8.4/armv6-m/libgcc.a(_udivsi3.o)
 .ARM.attributes
                0x0000088c       0x1e /home/niklas/Downloads/gcc-arm-none-eabi-4_8-2014q3/bin/../lib/gcc/arm-none-eabi/4.8.4/armv6-m/libgcc.a(_dvmd_tls.o)
 .ARM.attributes
                0x000008aa       0x1e /home/niklas/Downloads/gcc-arm-none-eabi-4_8-2014q3/bin/../lib/gcc/arm-none-eabi/4.8.4/armv6-m/libgcc.a(_arm_cmpdf2.o)
 .ARM.attributes
                0x000008c8       0x2c /home/niklas/Downloads/gcc-arm-none-eabi-4_8-2014q3/bin/../lib/gcc/arm-none-eabi/4.8.4/armv6-m/libgcc.a(_fixunsdfsi.o)
 .ARM.attributes
                0x000008f4       0x2c /home/niklas/Downloads/gcc-arm-none-eabi-4_8-2014q3/bin/../lib/gcc/arm-none-eabi/4.8.4/armv6-m/libgcc.a(adddf3.o)
 .ARM.attributes
                0x00000920       0x2c /home/niklas/Downloads/gcc-arm-none-eabi-4_8-2014q3/bin/../lib/gcc/arm-none-eabi/4.8.4/armv6-m/libgcc.a(divdf3.o)
 .ARM.attributes
                0x0000094c       0x2c /home/niklas/Downloads/gcc-arm-none-eabi-4_8-2014q3/bin/../lib/gcc/arm-none-eabi/4.8.4/armv6-m/libgcc.a(eqdf2.o)
 .ARM.attributes
                0x00000978       0x2c /home/niklas/Downloads/gcc-arm-none-eabi-4_8-2014q3/bin/../lib/gcc/arm-none-eabi/4.8.4/armv6-m/libgcc.a(gedf2.o)
 .ARM.attributes
                0x000009a4       0x2c /home/niklas/Downloads/gcc-arm-none-eabi-4_8-2014q3/bin/../lib/gcc/arm-none-eabi/4.8.4/armv6-m/libgcc.a(ledf2.o)
 .ARM.attributes
                0x000009d0       0x2c /home/niklas/Downloads/gcc-arm-none-eabi-4_8-2014q3/bin/../lib/gcc/arm-none-eabi/4.8.4/armv6-m/libgcc.a(muldf3.o)
 .ARM.attributes
                0x000009fc       0x2c /home/niklas/Downloads/gcc-arm-none-eabi-4_8-2014q3/bin/../lib/gcc/arm-none-eabi/4.8.4/armv6-m/libgcc.a(subdf3.o)
 .ARM.attributes
                0x00000a28       0x2c /home/niklas/Downloads/gcc-arm-none-eabi-4_8-2014q3/bin/../lib/gcc/arm-none-eabi/4.8.4/armv6-m/libgcc.a(fixdfsi.o)
 .ARM.attributes
                0x00000a54       0x2c /home/niklas/Downloads/gcc-arm-none-eabi-4_8-2014q3/bin/../lib/gcc/arm-none-eabi/4.8.4/armv6-m/libgcc.a(floatsidf.o)
 .ARM.attributes
                0x00000a80       0x1e /home/niklas/Downloads/gcc-arm-none-eabi-4_8-2014q3/bin/../lib/gcc/arm-none-eabi/4.8.4/armv6-m/libgcc.a(_clzsi2.o)
 .ARM.attributes
                0x00000a9e       0x2c /home/niklas/Downloads/gcc-arm-none-eabi-4_8-2014q3/bin/../lib/gcc/arm-none-eabi/4.8.4/../../../../arm-none-eabi/lib/armv6-m/libc_s.a(lib_a-errno.o)
 .ARM.attributes
                0x00000aca       0x1e /home/niklas/Downloads/gcc-arm-none-eabi-4_8-2014q3/bin/../lib/gcc/arm-none-eabi/4.8.4/armv6-m/crtn.o
OUTPUT(build/CureMIDI.elf elf32-littlearm)

.debug_info     0x00000000    0x126ae
 .debug_info    0x00000000      0x643 build/stm32f0xx_hal_gpio.o
 .debug_info    0x00000643      0xaa5 build/stm32f0xx_hal_rcc.o
 .debug_info    0x000010e8      0xb12 build/stm32f0xx_it.o
 .debug_info    0x00001bfa      0x267 build/system_stm32f0xx.o
 .debug_info    0x00001e61      0xacd build/stm32f0xx_hal_msp.o
 .debug_info    0x0000292e     0x152d build/stm32f0xx_hal_tim_ex.o
 .debug_info    0x00003e5b      0x5c0 build/stm32f0xx_hal_pcd_ex.o
 .debug_info    0x0000441b     0x1430 build/stm32f0xx_hal_pcd.o
 .debug_info    0x0000584b     0x3256 build/stm32f0xx_hal_tim.o
 .debug_info    0x00008aa1      0x7ed build/stm32f0xx_hal_cortex.o
 .debug_info    0x0000928e      0x6c9 build/stm32f0xx_hal.o
 .debug_info    0x00009957     0x19f4 build/main.o
 .debug_info    0x0000b34b      0x330 build/led_blink.o
 .debug_info    0x0000b67b      0x694 build/usb_device.o
 .debug_info    0x0000bd0f     0x1a0e build/usbd_conf.o
 .debug_info    0x0000d71d      0x4e3 build/usbd_desc.o
 .debug_info    0x0000dc00      0x969 build/usbd_midi_if.o
 .debug_info    0x0000e569      0x6ef build/curebuffer.o
 .debug_info    0x0000ec58      0x712 build/stm32f0xx_hal_rcc_ex.o
 .debug_info    0x0000f36a      0xdda build/usbd_core.o
 .debug_info    0x00010144      0xf40 build/usbd_ctlreq.o
 .debug_info    0x00011084      0x7ff build/usbd_ioreq.o
 .debug_info    0x00011883      0xdbb build/usbd_midi.o
 .debug_info    0x0001263e       0x70 build/startup_stm32f072xb.o

.debug_abbrev   0x00000000     0x2d35
 .debug_abbrev  0x00000000      0x205 build/stm32f0xx_hal_gpio.o
 .debug_abbrev  0x00000205      0x289 build/stm32f0xx_hal_rcc.o
 .debug_abbrev  0x0000048e      0x1aa build/stm32f0xx_it.o
 .debug_abbrev  0x00000638       0xf2 build/system_stm32f0xx.o
 .debug_abbrev  0x0000072a      0x194 build/stm32f0xx_hal_msp.o
 .debug_abbrev  0x000008be      0x263 build/stm32f0xx_hal_tim_ex.o
 .debug_abbrev  0x00000b21      0x122 build/stm32f0xx_hal_pcd_ex.o
 .debug_abbrev  0x00000c43      0x2b3 build/stm32f0xx_hal_pcd.o
 .debug_abbrev  0x00000ef6      0x27b build/stm32f0xx_hal_tim.o
 .debug_abbrev  0x00001171      0x218 build/stm32f0xx_hal_cortex.o
 .debug_abbrev  0x00001389      0x1de build/stm32f0xx_hal.o
 .debug_abbrev  0x00001567      0x349 build/main.o
 .debug_abbrev  0x000018b0      0x15c build/led_blink.o
 .debug_abbrev  0x00001a0c      0x16c build/usb_device.o
 .debug_abbrev  0x00001b78      0x2b6 build/usbd_conf.o
 .debug_abbrev  0x00001e2e      0x177 build/usbd_desc.o
 .debug_abbrev  0x00001fa5      0x24a build/usbd_midi_if.o
 .debug_abbrev  0x000021ef      0x14b build/curebuffer.o
 .debug_abbrev  0x0000233a      0x1ca build/stm32f0xx_hal_rcc_ex.o
 .debug_abbrev  0x00002504      0x243 build/usbd_core.o
 .debug_abbrev  0x00002747      0x273 build/usbd_ctlreq.o
 .debug_abbrev  0x000029ba      0x145 build/usbd_ioreq.o
 .debug_abbrev  0x00002aff      0x224 build/usbd_midi.o
 .debug_abbrev  0x00002d23       0x12 build/startup_stm32f072xb.o

.debug_loc      0x00000000     0xc55f
 .debug_loc     0x00000000      0x46a build/stm32f0xx_hal_gpio.o
 .debug_loc     0x0000046a      0x6df build/stm32f0xx_hal_rcc.o
 .debug_loc     0x00000b49       0x60 build/stm32f0xx_it.o
 .debug_loc     0x00000ba9      0x133 build/system_stm32f0xx.o
 .debug_loc     0x00000cdc      0x112 build/stm32f0xx_hal_msp.o
 .debug_loc     0x00000dee     0x1633 build/stm32f0xx_hal_tim_ex.o
 .debug_loc     0x00002421       0xf4 build/stm32f0xx_hal_pcd_ex.o
 .debug_loc     0x00002515     0x147d build/stm32f0xx_hal_pcd.o
 .debug_loc     0x00003992     0x4068 build/stm32f0xx_hal_tim.o
 .debug_loc     0x000079fa      0x309 build/stm32f0xx_hal_cortex.o
 .debug_loc     0x00007d03      0x108 build/stm32f0xx_hal.o
 .debug_loc     0x00007e0b      0x18e build/main.o
 .debug_loc     0x00007f99       0xfe build/led_blink.o
 .debug_loc     0x00008097       0x20 build/usb_device.o
 .debug_loc     0x000080b7      0xeba build/usbd_conf.o
 .debug_loc     0x00008f71      0x357 build/usbd_desc.o
 .debug_loc     0x000092c8      0x8ca build/usbd_midi_if.o
 .debug_loc     0x00009b92      0x6c1 build/curebuffer.o
 .debug_loc     0x0000a253      0x8b6 build/stm32f0xx_hal_rcc_ex.o
 .debug_loc     0x0000ab09      0x7fa build/usbd_core.o
 .debug_loc     0x0000b303      0xc94 build/usbd_ctlreq.o
 .debug_loc     0x0000bf97      0x31c build/usbd_ioreq.o
 .debug_loc     0x0000c2b3      0x2ac build/usbd_midi.o

.debug_aranges  0x00000000      0xe70
 .debug_aranges
                0x00000000       0x58 build/stm32f0xx_hal_gpio.o
 .debug_aranges
                0x00000058       0x80 build/stm32f0xx_hal_rcc.o
 .debug_aranges
                0x000000d8       0x50 build/stm32f0xx_it.o
 .debug_aranges
                0x00000128       0x28 build/system_stm32f0xx.o
 .debug_aranges
                0x00000150       0x38 build/stm32f0xx_hal_msp.o
 .debug_aranges
                0x00000188      0x148 build/stm32f0xx_hal_tim_ex.o
 .debug_aranges
                0x000002d0       0x20 build/stm32f0xx_hal_pcd_ex.o
 .debug_aranges
                0x000002f0      0x130 build/stm32f0xx_hal_pcd.o
 .debug_aranges
                0x00000420      0x378 build/stm32f0xx_hal_tim.o
 .debug_aranges
                0x00000798       0x78 build/stm32f0xx_hal_cortex.o
 .debug_aranges
                0x00000810       0xb8 build/stm32f0xx_hal.o
 .debug_aranges
                0x000008c8       0x50 build/main.o
 .debug_aranges
                0x00000918       0x38 build/led_blink.o
 .debug_aranges
                0x00000950       0x28 build/usb_device.o
 .debug_aranges
                0x00000978      0x108 build/usbd_conf.o
 .debug_aranges
                0x00000a80       0x50 build/usbd_desc.o
 .debug_aranges
                0x00000ad0       0x80 build/usbd_midi_if.o
 .debug_aranges
                0x00000b50       0xa0 build/curebuffer.o
 .debug_aranges
                0x00000bf0       0x78 build/stm32f0xx_hal_rcc_ex.o
 .debug_aranges
                0x00000c68       0xb8 build/usbd_core.o
 .debug_aranges
                0x00000d20       0x88 build/usbd_ctlreq.o
 .debug_aranges
                0x00000da8       0x50 build/usbd_ioreq.o
 .debug_aranges
                0x00000df8       0x50 build/usbd_midi.o
 .debug_aranges
                0x00000e48       0x28 build/startup_stm32f072xb.o

.debug_ranges   0x00000000      0xd58
 .debug_ranges  0x00000000       0x60 build/stm32f0xx_hal_gpio.o
 .debug_ranges  0x00000060       0x88 build/stm32f0xx_hal_rcc.o
 .debug_ranges  0x000000e8       0x40 build/stm32f0xx_it.o
 .debug_ranges  0x00000128       0x18 build/system_stm32f0xx.o
 .debug_ranges  0x00000140       0x28 build/stm32f0xx_hal_msp.o
 .debug_ranges  0x00000168      0x138 build/stm32f0xx_hal_tim_ex.o
 .debug_ranges  0x000002a0       0x10 build/stm32f0xx_hal_pcd_ex.o
 .debug_ranges  0x000002b0      0x120 build/stm32f0xx_hal_pcd.o
 .debug_ranges  0x000003d0      0x368 build/stm32f0xx_hal_tim.o
 .debug_ranges  0x00000738       0x68 build/stm32f0xx_hal_cortex.o
 .debug_ranges  0x000007a0       0xa8 build/stm32f0xx_hal.o
 .debug_ranges  0x00000848       0x40 build/main.o
 .debug_ranges  0x00000888       0x28 build/led_blink.o
 .debug_ranges  0x000008b0       0x18 build/usb_device.o
 .debug_ranges  0x000008c8       0xf8 build/usbd_conf.o
 .debug_ranges  0x000009c0       0x40 build/usbd_desc.o
 .debug_ranges  0x00000a00       0x88 build/usbd_midi_if.o
 .debug_ranges  0x00000a88       0x90 build/curebuffer.o
 .debug_ranges  0x00000b18       0x80 build/stm32f0xx_hal_rcc_ex.o
 .debug_ranges  0x00000b98       0xa8 build/usbd_core.o
 .debug_ranges  0x00000c40       0x78 build/usbd_ctlreq.o
 .debug_ranges  0x00000cb8       0x40 build/usbd_ioreq.o
 .debug_ranges  0x00000cf8       0x40 build/usbd_midi.o
 .debug_ranges  0x00000d38       0x20 build/startup_stm32f072xb.o

.debug_line     0x00000000     0x5b55
 .debug_line    0x00000000      0x2ef build/stm32f0xx_hal_gpio.o
 .debug_line    0x000002ef      0x537 build/stm32f0xx_hal_rcc.o
 .debug_line    0x00000826      0x24d build/stm32f0xx_it.o
 .debug_line    0x00000a73      0x171 build/system_stm32f0xx.o
 .debug_line    0x00000be4      0x220 build/stm32f0xx_hal_msp.o
 .debug_line    0x00000e04      0x741 build/stm32f0xx_hal_tim_ex.o
 .debug_line    0x00001545      0x1b8 build/stm32f0xx_hal_pcd_ex.o
 .debug_line    0x000016fd      0x7cf build/stm32f0xx_hal_pcd.o
 .debug_line    0x00001ecc     0x1136 build/stm32f0xx_hal_tim.o
 .debug_line    0x00003002      0x2d4 build/stm32f0xx_hal_cortex.o
 .debug_line    0x000032d6      0x34c build/stm32f0xx_hal.o
 .debug_line    0x00003622      0x3f5 build/main.o
 .debug_line    0x00003a17      0x1e9 build/led_blink.o
 .debug_line    0x00003c00      0x1af build/usb_device.o
 .debug_line    0x00003daf      0x4c4 build/usbd_conf.o
 .debug_line    0x00004273      0x1c2 build/usbd_desc.o
 .debug_line    0x00004435      0x3d9 build/usbd_midi_if.o
 .debug_line    0x0000480e      0x342 build/curebuffer.o
 .debug_line    0x00004b50      0x43f build/stm32f0xx_hal_rcc_ex.o
 .debug_line    0x00004f8f      0x362 build/usbd_core.o
 .debug_line    0x000052f1      0x362 build/usbd_ctlreq.o
 .debug_line    0x00005653      0x1ee build/usbd_ioreq.o
 .debug_line    0x00005841      0x29c build/usbd_midi.o
 .debug_line    0x00005add       0x78 build/startup_stm32f072xb.o

.debug_str      0x00000000     0x3f52
 .debug_str     0x00000000      0x392 build/stm32f0xx_hal_gpio.o
                                0x401 (size before relaxing)
 .debug_str     0x00000392      0x372 build/stm32f0xx_hal_rcc.o
                                0x62a (size before relaxing)
 .debug_str     0x00000704      0x6b7 build/stm32f0xx_it.o
                                0x8bc (size before relaxing)
 .debug_str     0x00000dbb       0x57 build/system_stm32f0xx.o
                                0x265 (size before relaxing)
 .debug_str     0x00000e12      0x2ac build/stm32f0xx_hal_msp.o
                                0x8c1 (size before relaxing)
 .debug_str     0x000010be      0x704 build/stm32f0xx_hal_tim_ex.o
                                0xca8 (size before relaxing)
 .debug_str     0x000017c2       0x61 build/stm32f0xx_hal_pcd_ex.o
                                0x50c (size before relaxing)
 .debug_str     0x00001823      0x3c1 build/stm32f0xx_hal_pcd.o
                                0x89f (size before relaxing)
 .debug_str     0x00001be4      0xb65 build/stm32f0xx_hal_tim.o
                               0x137c (size before relaxing)
 .debug_str     0x00002749      0x1ab build/stm32f0xx_hal_cortex.o
                                0x63e (size before relaxing)
 .debug_str     0x000028f4      0x188 build/stm32f0xx_hal.o
                                0x640 (size before relaxing)
 .debug_str     0x00002a7c      0x559 build/main.o
                               0x11f4 (size before relaxing)
 .debug_str     0x00002fd5       0x50 build/led_blink.o
                                0x26d (size before relaxing)
 .debug_str     0x00003025       0xec build/usb_device.o
                                0x646 (size before relaxing)
 .debug_str     0x00003111      0x263 build/usbd_conf.o
                                0xfd3 (size before relaxing)
 .debug_str     0x00003374      0x11a build/usbd_desc.o
                                0x3c6 (size before relaxing)
 .debug_str     0x0000348e      0x30d build/usbd_midi_if.o
                                0x594 (size before relaxing)
 .debug_str     0x0000379b      0x1bc build/curebuffer.o
                                0x432 (size before relaxing)
 .debug_str     0x00003957      0x275 build/stm32f0xx_hal_rcc_ex.o
                                0x61a (size before relaxing)
 .debug_str     0x00003bcc      0x145 build/usbd_core.o
                                0x81f (size before relaxing)
 .debug_str     0x00003d11       0xe2 build/usbd_ctlreq.o
                                0x739 (size before relaxing)
 .debug_str     0x00003df3       0x60 build/usbd_ioreq.o
                                0x666 (size before relaxing)
 .debug_str     0x00003e53       0xff build/usbd_midi.o
                                0x9fc (size before relaxing)

.comment        0x00000000       0x70
 .comment       0x00000000       0x70 build/stm32f0xx_hal_gpio.o
                                 0x71 (size before relaxing)
 .comment       0x00000000       0x71 build/stm32f0xx_hal_rcc.o
 .comment       0x00000000       0x71 build/stm32f0xx_it.o
 .comment       0x00000000       0x71 build/system_stm32f0xx.o
 .comment       0x00000000       0x71 build/stm32f0xx_hal_msp.o
 .comment       0x00000000       0x71 build/stm32f0xx_hal_tim_ex.o
 .comment       0x00000000       0x71 build/stm32f0xx_hal_pcd_ex.o
 .comment       0x00000000       0x71 build/stm32f0xx_hal_pcd.o
 .comment       0x00000000       0x71 build/stm32f0xx_hal_tim.o
 .comment       0x00000000       0x71 build/stm32f0xx_hal_cortex.o
 .comment       0x00000000       0x71 build/stm32f0xx_hal.o
 .comment       0x00000000       0x71 build/main.o
 .comment       0x00000000       0x71 build/led_blink.o
 .comment       0x00000000       0x71 build/usb_device.o
 .comment       0x00000000       0x71 build/usbd_conf.o
 .comment       0x00000000       0x71 build/usbd_desc.o
 .comment       0x00000000       0x71 build/usbd_midi_if.o
 .comment       0x00000000       0x71 build/curebuffer.o
 .comment       0x00000000       0x71 build/stm32f0xx_hal_rcc_ex.o
 .comment       0x00000000       0x71 build/usbd_core.o
 .comment       0x00000000       0x71 build/usbd_ctlreq.o
 .comment       0x00000000       0x71 build/usbd_ioreq.o
 .comment       0x00000000       0x71 build/usbd_midi.o

.debug_frame    0x00000000     0x2da4
 .debug_frame   0x00000000       0xe8 build/stm32f0xx_hal_gpio.o
 .debug_frame   0x000000e8      0x164 build/stm32f0xx_hal_rcc.o
 .debug_frame   0x0000024c       0xa4 build/stm32f0xx_it.o
 .debug_frame   0x000002f0       0x3c build/system_stm32f0xx.o
 .debug_frame   0x0000032c       0x80 build/stm32f0xx_hal_msp.o
 .debug_frame   0x000003ac      0x418 build/stm32f0xx_hal_tim_ex.o
 .debug_frame   0x000007c4       0x2c build/stm32f0xx_hal_pcd_ex.o
 .debug_frame   0x000007f0      0x320 build/stm32f0xx_hal_pcd.o
 .debug_frame   0x00000b10      0xaf8 build/stm32f0xx_hal_tim.o
 .debug_frame   0x00001608       0xec build/stm32f0xx_hal_cortex.o
 .debug_frame   0x000016f4      0x184 build/stm32f0xx_hal.o
 .debug_frame   0x00001878       0xe4 build/main.o
 .debug_frame   0x0000195c       0x84 build/led_blink.o
 .debug_frame   0x000019e0       0x3c build/usb_device.o
 .debug_frame   0x00001a1c      0x33c build/usbd_conf.o
 .debug_frame   0x00001d58       0xbc build/usbd_desc.o
 .debug_frame   0x00001e14      0x1cc build/usbd_midi_if.o
 .debug_frame   0x00001fe0      0x1b8 build/curebuffer.o
 .debug_frame   0x00002198      0x128 build/stm32f0xx_hal_rcc_ex.o
 .debug_frame   0x000022c0      0x1ec build/usbd_core.o
 .debug_frame   0x000024ac      0x198 build/usbd_ctlreq.o
 .debug_frame   0x00002644       0xd4 build/usbd_ioreq.o
 .debug_frame   0x00002718       0xb4 build/usbd_midi.o
 .debug_frame   0x000027cc       0x2c /home/niklas/Downloads/gcc-arm-none-eabi-4_8-2014q3/bin/../lib/gcc/arm-none-eabi/4.8.4/../../../../arm-none-eabi/lib/armv6-m/libc_s.a(lib_a-init.o)
 .debug_frame   0x000027f8       0x40 /home/niklas/Downloads/gcc-arm-none-eabi-4_8-2014q3/bin/../lib/gcc/arm-none-eabi/4.8.4/../../../../arm-none-eabi/lib/armv6-m/libc_s.a(lib_a-malloc.o)
 .debug_frame   0x00002838       0x28 /home/niklas/Downloads/gcc-arm-none-eabi-4_8-2014q3/bin/../lib/gcc/arm-none-eabi/4.8.4/../../../../arm-none-eabi/lib/armv6-m/libc_s.a(lib_a-memcpy-stub.o)
 .debug_frame   0x00002860       0x2c /home/niklas/Downloads/gcc-arm-none-eabi-4_8-2014q3/bin/../lib/gcc/arm-none-eabi/4.8.4/../../../../arm-none-eabi/lib/armv6-m/libc_s.a(lib_a-nano-freer.o)
 .debug_frame   0x0000288c       0x2c /home/niklas/Downloads/gcc-arm-none-eabi-4_8-2014q3/bin/../lib/gcc/arm-none-eabi/4.8.4/../../../../arm-none-eabi/lib/armv6-m/libc_s.a(lib_a-nano-mallocr.o)
 .debug_frame   0x000028b8       0x2c /home/niklas/Downloads/gcc-arm-none-eabi-4_8-2014q3/bin/../lib/gcc/arm-none-eabi/4.8.4/../../../../arm-none-eabi/lib/armv6-m/libc_s.a(lib_a-sbrkr.o)
 .debug_frame   0x000028e4       0x48 /home/niklas/Downloads/gcc-arm-none-eabi-4_8-2014q3/bin/../lib/gcc/arm-none-eabi/4.8.4/../../../../arm-none-eabi/lib/armv6-m/libc_s.a(lib_a-reent.o)
 .debug_frame   0x0000292c       0x38 /home/niklas/Downloads/gcc-arm-none-eabi-4_8-2014q3/bin/../lib/gcc/arm-none-eabi/4.8.4/../../../../arm-none-eabi/lib/armv6-m/libm.a(lib_a-w_pow.o)
 .debug_frame   0x00002964       0x3c /home/niklas/Downloads/gcc-arm-none-eabi-4_8-2014q3/bin/../lib/gcc/arm-none-eabi/4.8.4/../../../../arm-none-eabi/lib/armv6-m/libm.a(lib_a-e_pow.o)
 .debug_frame   0x000029a0       0x3c /home/niklas/Downloads/gcc-arm-none-eabi-4_8-2014q3/bin/../lib/gcc/arm-none-eabi/4.8.4/../../../../arm-none-eabi/lib/armv6-m/libm.a(lib_a-e_sqrt.o)
 .debug_frame   0x000029dc       0x20 /home/niklas/Downloads/gcc-arm-none-eabi-4_8-2014q3/bin/../lib/gcc/arm-none-eabi/4.8.4/../../../../arm-none-eabi/lib/armv6-m/libm.a(lib_a-s_fabs.o)
 .debug_frame   0x000029fc       0x20 /home/niklas/Downloads/gcc-arm-none-eabi-4_8-2014q3/bin/../lib/gcc/arm-none-eabi/4.8.4/../../../../arm-none-eabi/lib/armv6-m/libm.a(lib_a-s_finite.o)
 .debug_frame   0x00002a1c       0x2c /home/niklas/Downloads/gcc-arm-none-eabi-4_8-2014q3/bin/../lib/gcc/arm-none-eabi/4.8.4/../../../../arm-none-eabi/lib/armv6-m/libm.a(lib_a-s_fpclassify.o)
 .debug_frame   0x00002a48       0x20 /home/niklas/Downloads/gcc-arm-none-eabi-4_8-2014q3/bin/../lib/gcc/arm-none-eabi/4.8.4/../../../../arm-none-eabi/lib/armv6-m/libm.a(lib_a-s_matherr.o)
 .debug_frame   0x00002a68       0x20 /home/niklas/Downloads/gcc-arm-none-eabi-4_8-2014q3/bin/../lib/gcc/arm-none-eabi/4.8.4/../../../../arm-none-eabi/lib/armv6-m/libm.a(lib_a-s_nan.o)
 .debug_frame   0x00002a88       0x38 /home/niklas/Downloads/gcc-arm-none-eabi-4_8-2014q3/bin/../lib/gcc/arm-none-eabi/4.8.4/../../../../arm-none-eabi/lib/armv6-m/libm.a(lib_a-s_rint.o)
 .debug_frame   0x00002ac0       0x30 /home/niklas/Downloads/gcc-arm-none-eabi-4_8-2014q3/bin/../lib/gcc/arm-none-eabi/4.8.4/../../../../arm-none-eabi/lib/armv6-m/libm.a(lib_a-s_scalbn.o)
 .debug_frame   0x00002af0       0x2c /home/niklas/Downloads/gcc-arm-none-eabi-4_8-2014q3/bin/../lib/gcc/arm-none-eabi/4.8.4/../../../../arm-none-eabi/lib/armv6-m/libm.a(lib_a-s_copysign.o)
 .debug_frame   0x00002b1c       0x20 /home/niklas/Downloads/gcc-arm-none-eabi-4_8-2014q3/bin/../lib/gcc/arm-none-eabi/4.8.4/../../../../arm-none-eabi/lib/armv6-m/libnosys.a(sbrk.o)
 .debug_frame   0x00002b3c       0x20 /home/niklas/Downloads/gcc-arm-none-eabi-4_8-2014q3/bin/../lib/gcc/arm-none-eabi/4.8.4/armv6-m/libgcc.a(_udivsi3.o)
 .debug_frame   0x00002b5c       0x2c /home/niklas/Downloads/gcc-arm-none-eabi-4_8-2014q3/bin/../lib/gcc/arm-none-eabi/4.8.4/armv6-m/libgcc.a(_fixunsdfsi.o)
 .debug_frame   0x00002b88       0x3c /home/niklas/Downloads/gcc-arm-none-eabi-4_8-2014q3/bin/../lib/gcc/arm-none-eabi/4.8.4/armv6-m/libgcc.a(adddf3.o)
 .debug_frame   0x00002bc4       0x3c /home/niklas/Downloads/gcc-arm-none-eabi-4_8-2014q3/bin/../lib/gcc/arm-none-eabi/4.8.4/armv6-m/libgcc.a(divdf3.o)
 .debug_frame   0x00002c00       0x3c /home/niklas/Downloads/gcc-arm-none-eabi-4_8-2014q3/bin/../lib/gcc/arm-none-eabi/4.8.4/armv6-m/libgcc.a(eqdf2.o)
 .debug_frame   0x00002c3c       0x38 /home/niklas/Downloads/gcc-arm-none-eabi-4_8-2014q3/bin/../lib/gcc/arm-none-eabi/4.8.4/armv6-m/libgcc.a(gedf2.o)
 .debug_frame   0x00002c74       0x3c /home/niklas/Downloads/gcc-arm-none-eabi-4_8-2014q3/bin/../lib/gcc/arm-none-eabi/4.8.4/armv6-m/libgcc.a(ledf2.o)
 .debug_frame   0x00002cb0       0x3c /home/niklas/Downloads/gcc-arm-none-eabi-4_8-2014q3/bin/../lib/gcc/arm-none-eabi/4.8.4/armv6-m/libgcc.a(muldf3.o)
 .debug_frame   0x00002cec       0x3c /home/niklas/Downloads/gcc-arm-none-eabi-4_8-2014q3/bin/../lib/gcc/arm-none-eabi/4.8.4/armv6-m/libgcc.a(subdf3.o)
 .debug_frame   0x00002d28       0x2c /home/niklas/Downloads/gcc-arm-none-eabi-4_8-2014q3/bin/../lib/gcc/arm-none-eabi/4.8.4/armv6-m/libgcc.a(fixdfsi.o)
 .debug_frame   0x00002d54       0x30 /home/niklas/Downloads/gcc-arm-none-eabi-4_8-2014q3/bin/../lib/gcc/arm-none-eabi/4.8.4/armv6-m/libgcc.a(floatsidf.o)
 .debug_frame   0x00002d84       0x20 /home/niklas/Downloads/gcc-arm-none-eabi-4_8-2014q3/bin/../lib/gcc/arm-none-eabi/4.8.4/../../../../arm-none-eabi/lib/armv6-m/libc_s.a(lib_a-errno.o)

Cross Reference Table

Symbol                                            File
ADC1_COMP_IRQHandler                              build/startup_stm32f072xb.o
AHBPrescTable                                     build/system_stm32f0xx.o
                                                  build/stm32f0xx_hal_rcc.o
APBPrescTable                                     build/system_stm32f0xx.o
                                                  build/stm32f0xx_hal_rcc.o
APP_Rx_Buffer                                     build/usbd_midi.o
                                                  build/usbd_midi_if.o
APP_Rx_length                                     build/usbd_midi.o
APP_Rx_ptr_in                                     build/usbd_midi.o
                                                  build/usbd_midi_if.o
APP_Rx_ptr_out                                    build/usbd_midi.o
CEC_CAN_IRQHandler                                build/startup_stm32f072xb.o
DMA1_Channel1_IRQHandler                          build/startup_stm32f072xb.o
DMA1_Channel2_3_IRQHandler                        build/startup_stm32f072xb.o
DMA1_Channel4_5_6_7_IRQHandler                    build/startup_stm32f072xb.o
Default_Handler                                   build/startup_stm32f072xb.o
EXTI0_1_IRQHandler                                build/startup_stm32f072xb.o
EXTI2_3_IRQHandler                                build/startup_stm32f072xb.o
EXTI4_15_IRQHandler                               build/startup_stm32f072xb.o
FLASH_IRQHandler                                  build/startup_stm32f072xb.o
FLASH_PageErase                                   build/stm32f0xx_hal_flash_ex.o
                                                  build/stm32f0xx_hal_flash.o
FLASH_WaitForLastOperation                        build/stm32f0xx_hal_flash.o
                                                  build/stm32f0xx_hal_flash_ex.o
FS_Desc                                           build/usbd_desc.o
                                                  build/usb_device.o
HAL_DBGMCU_DisableDBGStandbyMode                  build/stm32f0xx_hal.o
HAL_DBGMCU_DisableDBGStopMode                     build/stm32f0xx_hal.o
HAL_DBGMCU_EnableDBGStandbyMode                   build/stm32f0xx_hal.o
HAL_DBGMCU_EnableDBGStopMode                      build/stm32f0xx_hal.o
HAL_DMA_Abort                                     build/stm32f0xx_hal_dma.o
                                                  build/stm32f0xx_hal_tim.o
HAL_DMA_Abort_IT                                  build/stm32f0xx_hal_dma.o
                                                  build/stm32f0xx_hal_i2c.o
HAL_DMA_DeInit                                    build/stm32f0xx_hal_dma.o
HAL_DMA_GetError                                  build/stm32f0xx_hal_dma.o
HAL_DMA_GetState                                  build/stm32f0xx_hal_dma.o
HAL_DMA_IRQHandler                                build/stm32f0xx_hal_dma.o
HAL_DMA_Init                                      build/stm32f0xx_hal_dma.o
HAL_DMA_PollForTransfer                           build/stm32f0xx_hal_dma.o
HAL_DMA_RegisterCallback                          build/stm32f0xx_hal_dma.o
HAL_DMA_Start                                     build/stm32f0xx_hal_dma.o
HAL_DMA_Start_IT                                  build/stm32f0xx_hal_dma.o
                                                  build/stm32f0xx_hal_tim.o
                                                  build/stm32f0xx_hal_i2c.o
                                                  build/stm32f0xx_hal_tim_ex.o
HAL_DMA_UnRegisterCallback                        build/stm32f0xx_hal_dma.o
HAL_DeInit                                        build/stm32f0xx_hal.o
HAL_Delay                                         build/stm32f0xx_hal.o
                                                  build/usbd_conf.o
                                                  build/main.o
HAL_FLASHEx_Erase                                 build/stm32f0xx_hal_flash_ex.o
HAL_FLASHEx_Erase_IT                              build/stm32f0xx_hal_flash_ex.o
HAL_FLASHEx_OBErase                               build/stm32f0xx_hal_flash_ex.o
HAL_FLASHEx_OBGetConfig                           build/stm32f0xx_hal_flash_ex.o
HAL_FLASHEx_OBGetUserData                         build/stm32f0xx_hal_flash_ex.o
HAL_FLASHEx_OBProgram                             build/stm32f0xx_hal_flash_ex.o
HAL_FLASH_EndOfOperationCallback                  build/stm32f0xx_hal_flash.o
HAL_FLASH_GetError                                build/stm32f0xx_hal_flash.o
HAL_FLASH_IRQHandler                              build/stm32f0xx_hal_flash.o
HAL_FLASH_Lock                                    build/stm32f0xx_hal_flash.o
HAL_FLASH_OB_Launch                               build/stm32f0xx_hal_flash.o
HAL_FLASH_OB_Lock                                 build/stm32f0xx_hal_flash.o
HAL_FLASH_OB_Unlock                               build/stm32f0xx_hal_flash.o
HAL_FLASH_OperationErrorCallback                  build/stm32f0xx_hal_flash.o
HAL_FLASH_Program                                 build/stm32f0xx_hal_flash.o
HAL_FLASH_Program_IT                              build/stm32f0xx_hal_flash.o
HAL_FLASH_Unlock                                  build/stm32f0xx_hal_flash.o
HAL_GPIO_DeInit                                   build/stm32f0xx_hal_gpio.o
HAL_GPIO_EXTI_Callback                            build/stm32f0xx_hal_gpio.o
HAL_GPIO_EXTI_IRQHandler                          build/stm32f0xx_hal_gpio.o
HAL_GPIO_Init                                     build/stm32f0xx_hal_gpio.o
                                                  build/main.o
                                                  build/stm32f0xx_hal_msp.o
                                                  build/stm32f0xx_hal_rcc.o
HAL_GPIO_LockPin                                  build/stm32f0xx_hal_gpio.o
HAL_GPIO_ReadPin                                  build/stm32f0xx_hal_gpio.o
HAL_GPIO_TogglePin                                build/stm32f0xx_hal_gpio.o
HAL_GPIO_WritePin                                 build/stm32f0xx_hal_gpio.o
                                                  build/led_blink.o
                                                  build/main.o
HAL_GetDEVID                                      build/stm32f0xx_hal.o
HAL_GetHalVersion                                 build/stm32f0xx_hal.o
HAL_GetREVID                                      build/stm32f0xx_hal.o
HAL_GetTick                                       build/stm32f0xx_hal.o
                                                  build/stm32f0xx_hal_rcc_ex.o
                                                  build/main.o
                                                  build/stm32f0xx_hal_i2c.o
                                                  build/stm32f0xx_hal_dma.o
                                                  build/stm32f0xx_hal_rcc.o
                                                  build/stm32f0xx_hal_flash.o
HAL_GetUIDw0                                      build/stm32f0xx_hal.o
HAL_GetUIDw1                                      build/stm32f0xx_hal.o
HAL_GetUIDw2                                      build/stm32f0xx_hal.o
HAL_I2CEx_ConfigAnalogFilter                      build/stm32f0xx_hal_i2c_ex.o
HAL_I2CEx_ConfigDigitalFilter                     build/stm32f0xx_hal_i2c_ex.o
HAL_I2CEx_DisableFastModePlus                     build/stm32f0xx_hal_i2c_ex.o
HAL_I2CEx_DisableWakeUp                           build/stm32f0xx_hal_i2c_ex.o
HAL_I2CEx_EnableFastModePlus                      build/stm32f0xx_hal_i2c_ex.o
HAL_I2CEx_EnableWakeUp                            build/stm32f0xx_hal_i2c_ex.o
HAL_I2C_AbortCpltCallback                         build/stm32f0xx_hal_i2c.o
HAL_I2C_AddrCallback                              build/stm32f0xx_hal_i2c.o
HAL_I2C_DeInit                                    build/stm32f0xx_hal_i2c.o
HAL_I2C_DisableListen_IT                          build/stm32f0xx_hal_i2c.o
HAL_I2C_ER_IRQHandler                             build/stm32f0xx_hal_i2c.o
HAL_I2C_EV_IRQHandler                             build/stm32f0xx_hal_i2c.o
HAL_I2C_EnableListen_IT                           build/stm32f0xx_hal_i2c.o
HAL_I2C_ErrorCallback                             build/stm32f0xx_hal_i2c.o
HAL_I2C_GetError                                  build/stm32f0xx_hal_i2c.o
HAL_I2C_GetMode                                   build/stm32f0xx_hal_i2c.o
HAL_I2C_GetState                                  build/stm32f0xx_hal_i2c.o
HAL_I2C_Init                                      build/stm32f0xx_hal_i2c.o
HAL_I2C_IsDeviceReady                             build/stm32f0xx_hal_i2c.o
HAL_I2C_ListenCpltCallback                        build/stm32f0xx_hal_i2c.o
HAL_I2C_MasterRxCpltCallback                      build/stm32f0xx_hal_i2c.o
HAL_I2C_MasterTxCpltCallback                      build/stm32f0xx_hal_i2c.o
HAL_I2C_Master_Abort_IT                           build/stm32f0xx_hal_i2c.o
HAL_I2C_Master_Receive                            build/stm32f0xx_hal_i2c.o
HAL_I2C_Master_Receive_DMA                        build/stm32f0xx_hal_i2c.o
HAL_I2C_Master_Receive_IT                         build/stm32f0xx_hal_i2c.o
HAL_I2C_Master_Sequential_Receive_IT              build/stm32f0xx_hal_i2c.o
HAL_I2C_Master_Sequential_Transmit_IT             build/stm32f0xx_hal_i2c.o
HAL_I2C_Master_Transmit                           build/stm32f0xx_hal_i2c.o
HAL_I2C_Master_Transmit_DMA                       build/stm32f0xx_hal_i2c.o
HAL_I2C_Master_Transmit_IT                        build/stm32f0xx_hal_i2c.o
HAL_I2C_MemRxCpltCallback                         build/stm32f0xx_hal_i2c.o
HAL_I2C_MemTxCpltCallback                         build/stm32f0xx_hal_i2c.o
HAL_I2C_Mem_Read                                  build/stm32f0xx_hal_i2c.o
HAL_I2C_Mem_Read_DMA                              build/stm32f0xx_hal_i2c.o
HAL_I2C_Mem_Read_IT                               build/stm32f0xx_hal_i2c.o
HAL_I2C_Mem_Write                                 build/stm32f0xx_hal_i2c.o
HAL_I2C_Mem_Write_DMA                             build/stm32f0xx_hal_i2c.o
HAL_I2C_Mem_Write_IT                              build/stm32f0xx_hal_i2c.o
HAL_I2C_MspDeInit                                 build/stm32f0xx_hal_i2c.o
HAL_I2C_MspInit                                   build/stm32f0xx_hal_i2c.o
HAL_I2C_SlaveRxCpltCallback                       build/stm32f0xx_hal_i2c.o
HAL_I2C_SlaveTxCpltCallback                       build/stm32f0xx_hal_i2c.o
HAL_I2C_Slave_Receive                             build/stm32f0xx_hal_i2c.o
HAL_I2C_Slave_Receive_DMA                         build/stm32f0xx_hal_i2c.o
HAL_I2C_Slave_Receive_IT                          build/stm32f0xx_hal_i2c.o
HAL_I2C_Slave_Sequential_Receive_IT               build/stm32f0xx_hal_i2c.o
HAL_I2C_Slave_Sequential_Transmit_IT              build/stm32f0xx_hal_i2c.o
HAL_I2C_Slave_Transmit                            build/stm32f0xx_hal_i2c.o
HAL_I2C_Slave_Transmit_DMA                        build/stm32f0xx_hal_i2c.o
HAL_I2C_Slave_Transmit_IT                         build/stm32f0xx_hal_i2c.o
HAL_IncTick                                       build/stm32f0xx_hal.o
                                                  build/stm32f0xx_it.o
HAL_Init                                          build/stm32f0xx_hal.o
                                                  build/main.o
HAL_InitTick                                      build/stm32f0xx_hal.o
                                                  build/stm32f0xx_hal_rcc.o
HAL_MspDeInit                                     build/stm32f0xx_hal.o
HAL_MspInit                                       build/stm32f0xx_hal_msp.o
HAL_NVIC_ClearPendingIRQ                          build/stm32f0xx_hal_cortex.o
HAL_NVIC_DisableIRQ                               build/stm32f0xx_hal_cortex.o
                                                  build/usbd_conf.o
                                                  build/stm32f0xx_hal_msp.o
HAL_NVIC_EnableIRQ                                build/stm32f0xx_hal_cortex.o
                                                  build/usbd_conf.o
                                                  build/stm32f0xx_hal_msp.o
HAL_NVIC_GetPendingIRQ                            build/stm32f0xx_hal_cortex.o
HAL_NVIC_GetPriority                              build/stm32f0xx_hal_cortex.o
HAL_NVIC_SetPendingIRQ                            build/stm32f0xx_hal_cortex.o
HAL_NVIC_SetPriority                              build/stm32f0xx_hal_cortex.o
                                                  build/usbd_conf.o
                                                  build/main.o
                                                  build/stm32f0xx_hal.o
                                                  build/stm32f0xx_hal_msp.o
HAL_NVIC_SystemReset                              build/stm32f0xx_hal_cortex.o
HAL_PCDEx_PMAConfig                               build/stm32f0xx_hal_pcd_ex.o
                                                  build/usbd_conf.o
HAL_PCDEx_SetConnectionState                      build/usbd_conf.o
HAL_PCD_ActivateRemoteWakeup                      build/stm32f0xx_hal_pcd.o
HAL_PCD_ConnectCallback                           build/usbd_conf.o
                                                  build/stm32f0xx_hal_pcd.o
HAL_PCD_DataInStageCallback                       build/usbd_conf.o
                                                  build/stm32f0xx_hal_pcd.o
HAL_PCD_DataOutStageCallback                      build/usbd_conf.o
                                                  build/stm32f0xx_hal_pcd.o
HAL_PCD_DeActivateRemoteWakeup                    build/stm32f0xx_hal_pcd.o
HAL_PCD_DeInit                                    build/stm32f0xx_hal_pcd.o
                                                  build/usbd_conf.o
HAL_PCD_DevConnect                                build/stm32f0xx_hal_pcd.o
HAL_PCD_DevDisconnect                             build/stm32f0xx_hal_pcd.o
HAL_PCD_DisconnectCallback                        build/usbd_conf.o
                                                  build/stm32f0xx_hal_pcd.o
HAL_PCD_EP_Close                                  build/stm32f0xx_hal_pcd.o
                                                  build/usbd_conf.o
HAL_PCD_EP_ClrStall                               build/stm32f0xx_hal_pcd.o
                                                  build/usbd_conf.o
HAL_PCD_EP_Flush                                  build/stm32f0xx_hal_pcd.o
                                                  build/usbd_conf.o
HAL_PCD_EP_GetRxCount                             build/stm32f0xx_hal_pcd.o
                                                  build/usbd_conf.o
HAL_PCD_EP_Open                                   build/stm32f0xx_hal_pcd.o
                                                  build/usbd_conf.o
HAL_PCD_EP_Receive                                build/stm32f0xx_hal_pcd.o
                                                  build/usbd_conf.o
HAL_PCD_EP_SetStall                               build/stm32f0xx_hal_pcd.o
                                                  build/usbd_conf.o
HAL_PCD_EP_Transmit                               build/stm32f0xx_hal_pcd.o
                                                  build/usbd_conf.o
HAL_PCD_GetState                                  build/stm32f0xx_hal_pcd.o
HAL_PCD_IRQHandler                                build/stm32f0xx_hal_pcd.o
                                                  build/stm32f0xx_it.o
HAL_PCD_ISOINIncompleteCallback                   build/usbd_conf.o
                                                  build/stm32f0xx_hal_pcd.o
HAL_PCD_ISOOUTIncompleteCallback                  build/usbd_conf.o
                                                  build/stm32f0xx_hal_pcd.o
HAL_PCD_Init                                      build/stm32f0xx_hal_pcd.o
                                                  build/usbd_conf.o
HAL_PCD_MspDeInit                                 build/usbd_conf.o
                                                  build/stm32f0xx_hal_pcd.o
HAL_PCD_MspInit                                   build/usbd_conf.o
                                                  build/stm32f0xx_hal_pcd.o
HAL_PCD_ResetCallback                             build/usbd_conf.o
                                                  build/stm32f0xx_hal_pcd.o
HAL_PCD_ResumeCallback                            build/usbd_conf.o
                                                  build/stm32f0xx_hal_pcd.o
HAL_PCD_SOFCallback                               build/usbd_conf.o
                                                  build/stm32f0xx_hal_pcd.o
HAL_PCD_SetAddress                                build/stm32f0xx_hal_pcd.o
                                                  build/usbd_conf.o
HAL_PCD_SetupStageCallback                        build/usbd_conf.o
                                                  build/stm32f0xx_hal_pcd.o
HAL_PCD_Start                                     build/stm32f0xx_hal_pcd.o
                                                  build/usbd_conf.o
HAL_PCD_Stop                                      build/stm32f0xx_hal_pcd.o
                                                  build/usbd_conf.o
HAL_PCD_SuspendCallback                           build/usbd_conf.o
                                                  build/stm32f0xx_hal_pcd.o
HAL_PWREx_DisableVddio2Monitor                    build/stm32f0xx_hal_pwr_ex.o
HAL_PWREx_EnableVddio2Monitor                     build/stm32f0xx_hal_pwr_ex.o
HAL_PWREx_Vddio2MonitorCallback                   build/stm32f0xx_hal_pwr_ex.o
HAL_PWREx_Vddio2Monitor_IRQHandler                build/stm32f0xx_hal_pwr_ex.o
HAL_PWR_ConfigPVD                                 build/stm32f0xx_hal_pwr_ex.o
HAL_PWR_DeInit                                    build/stm32f0xx_hal_pwr.o
HAL_PWR_DisableBkUpAccess                         build/stm32f0xx_hal_pwr.o
HAL_PWR_DisablePVD                                build/stm32f0xx_hal_pwr_ex.o
HAL_PWR_DisableSEVOnPend                          build/stm32f0xx_hal_pwr.o
HAL_PWR_DisableSleepOnExit                        build/stm32f0xx_hal_pwr.o