Archive member included to satisfy reference by file (symbol)

/usr/lib/gcc/arm-none-eabi/8.3.0/../../../../arm-none-eabi/lib/thumb/v6-m/nofp/libc_nano.a(lib_a-atexit.o)
                              /usr/lib/gcc/arm-none-eabi/8.3.0/../../../../arm-none-eabi/lib/thumb/v6-m/nofp/crt0.o (atexit)
/usr/lib/gcc/arm-none-eabi/8.3.0/../../../../arm-none-eabi/lib/thumb/v6-m/nofp/libc_nano.a(lib_a-exit.o)
                              /usr/lib/gcc/arm-none-eabi/8.3.0/../../../../arm-none-eabi/lib/thumb/v6-m/nofp/crt0.o (exit)
/usr/lib/gcc/arm-none-eabi/8.3.0/../../../../arm-none-eabi/lib/thumb/v6-m/nofp/libc_nano.a(lib_a-fini.o)
                              /usr/lib/gcc/arm-none-eabi/8.3.0/../../../../arm-none-eabi/lib/thumb/v6-m/nofp/crt0.o (__libc_fini_array)
/usr/lib/gcc/arm-none-eabi/8.3.0/../../../../arm-none-eabi/lib/thumb/v6-m/nofp/libc_nano.a(lib_a-impure.o)
                              /usr/lib/gcc/arm-none-eabi/8.3.0/../../../../arm-none-eabi/lib/thumb/v6-m/nofp/libc_nano.a(lib_a-exit.o) (_global_impure_ptr)
/usr/lib/gcc/arm-none-eabi/8.3.0/../../../../arm-none-eabi/lib/thumb/v6-m/nofp/libc_nano.a(lib_a-init.o)
                              /usr/lib/gcc/arm-none-eabi/8.3.0/../../../../arm-none-eabi/lib/thumb/v6-m/nofp/crt0.o (__libc_init_array)
/usr/lib/gcc/arm-none-eabi/8.3.0/../../../../arm-none-eabi/lib/thumb/v6-m/nofp/libc_nano.a(lib_a-malloc.o)
                              build/curebuffer.o (malloc)
/usr/lib/gcc/arm-none-eabi/8.3.0/../../../../arm-none-eabi/lib/thumb/v6-m/nofp/libc_nano.a(lib_a-memcpy-stub.o)
                              build/main.o (memcpy)
/usr/lib/gcc/arm-none-eabi/8.3.0/../../../../arm-none-eabi/lib/thumb/v6-m/nofp/libc_nano.a(lib_a-memset.o)
                              /usr/lib/gcc/arm-none-eabi/8.3.0/../../../../arm-none-eabi/lib/thumb/v6-m/nofp/crt0.o (memset)
/usr/lib/gcc/arm-none-eabi/8.3.0/../../../../arm-none-eabi/lib/thumb/v6-m/nofp/libc_nano.a(lib_a-nano-freer.o)
                              /usr/lib/gcc/arm-none-eabi/8.3.0/../../../../arm-none-eabi/lib/thumb/v6-m/nofp/libc_nano.a(lib_a-malloc.o) (_free_r)
/usr/lib/gcc/arm-none-eabi/8.3.0/../../../../arm-none-eabi/lib/thumb/v6-m/nofp/libc_nano.a(lib_a-nano-mallocr.o)
                              /usr/lib/gcc/arm-none-eabi/8.3.0/../../../../arm-none-eabi/lib/thumb/v6-m/nofp/libc_nano.a(lib_a-malloc.o) (_malloc_r)
/usr/lib/gcc/arm-none-eabi/8.3.0/../../../../arm-none-eabi/lib/thumb/v6-m/nofp/libc_nano.a(lib_a-sbrkr.o)
                              /usr/lib/gcc/arm-none-eabi/8.3.0/../../../../arm-none-eabi/lib/thumb/v6-m/nofp/libc_nano.a(lib_a-nano-mallocr.o) (_sbrk_r)
/usr/lib/gcc/arm-none-eabi/8.3.0/../../../../arm-none-eabi/lib/thumb/v6-m/nofp/libc_nano.a(lib_a-__atexit.o)
                              /usr/lib/gcc/arm-none-eabi/8.3.0/../../../../arm-none-eabi/lib/thumb/v6-m/nofp/libc_nano.a(lib_a-atexit.o) (__register_exitproc)
/usr/lib/gcc/arm-none-eabi/8.3.0/../../../../arm-none-eabi/lib/thumb/v6-m/nofp/libc_nano.a(lib_a-__call_atexit.o)
                              /usr/lib/gcc/arm-none-eabi/8.3.0/../../../../arm-none-eabi/lib/thumb/v6-m/nofp/libc_nano.a(lib_a-__atexit.o) (__call_exitprocs)
/usr/lib/gcc/arm-none-eabi/8.3.0/../../../../arm-none-eabi/lib/thumb/v6-m/nofp/libc_nano.a(lib_a-mlock.o)
                              /usr/lib/gcc/arm-none-eabi/8.3.0/../../../../arm-none-eabi/lib/thumb/v6-m/nofp/libc_nano.a(lib_a-nano-freer.o) (__malloc_lock)
/usr/lib/gcc/arm-none-eabi/8.3.0/../../../../arm-none-eabi/lib/thumb/v6-m/nofp/libc_nano.a(lib_a-reent.o)
                              /usr/lib/gcc/arm-none-eabi/8.3.0/../../../../arm-none-eabi/lib/thumb/v6-m/nofp/libc_nano.a(lib_a-sbrkr.o) (errno)
/usr/lib/gcc/arm-none-eabi/8.3.0/../../../../arm-none-eabi/lib/thumb/v6-m/nofp/libnosys.a(sbrk.o)
                              /usr/lib/gcc/arm-none-eabi/8.3.0/../../../../arm-none-eabi/lib/thumb/v6-m/nofp/libc_nano.a(lib_a-sbrkr.o) (_sbrk)
/usr/lib/gcc/arm-none-eabi/8.3.0/../../../../arm-none-eabi/lib/thumb/v6-m/nofp/libnosys.a(_exit.o)
                              /usr/lib/gcc/arm-none-eabi/8.3.0/../../../../arm-none-eabi/lib/thumb/v6-m/nofp/libc_nano.a(lib_a-exit.o) (_exit)
/usr/lib/gcc/arm-none-eabi/8.3.0/thumb/v6-m/nofp/libgcc.a(_udivsi3.o)
                              build/stm32f0xx_hal_rcc.o (__aeabi_uidiv)
/usr/lib/gcc/arm-none-eabi/8.3.0/thumb/v6-m/nofp/libgcc.a(_dvmd_tls.o)
                              /usr/lib/gcc/arm-none-eabi/8.3.0/thumb/v6-m/nofp/libgcc.a(_udivsi3.o) (__aeabi_idiv0)

Allocating common symbols
Common symbol       size              file

rbuf_jack_rx        0x0               build/usbd_midi_if.o
hUsbDeviceFS        0x224             build/usb_device.o
uart_tx_dat         0x1               build/main.o
errno               0x4               /usr/lib/gcc/arm-none-eabi/8.3.0/../../../../arm-none-eabi/lib/thumb/v6-m/nofp/libc_nano.a(lib_a-reent.o)
rx_midi_msg         0x0               build/usbd_midi_if.o
htim15              0x40              build/main.o
[...]
Memory Configuration

Name             Origin             Length             Attributes
FLASH            0x0000000008000000 0x0000000000020000 xr
RAM              0x0000000020000000 0x0000000000004000 xrw
*default*        0x0000000000000000 0xffffffffffffffff

Linker script and memory map

LOAD /usr/lib/gcc/arm-none-eabi/8.3.0/thumb/v6-m/nofp/crti.o
LOAD /usr/lib/gcc/arm-none-eabi/8.3.0/thumb/v6-m/nofp/crtbegin.o
LOAD /usr/lib/gcc/arm-none-eabi/8.3.0/../../../../arm-none-eabi/lib/thumb/v6-m/nofp/crt0.o
LOAD build/stm32f0xx_hal_flash.o
LOAD build/stm32f0xx_hal_gpio.o
LOAD build/stm32f0xx_hal_rcc.o
LOAD build/stm32f0xx_hal_dac.o
LOAD build/stm32f0xx_hal_dma.o
LOAD build/stm32f0xx_hal_adc_ex.o
LOAD build/stm32f0xx_hal_i2c_ex.o
LOAD build/stm32f0xx_it.o
LOAD build/system_stm32f0xx.o
LOAD build/stm32f0xx_hal_msp.o
LOAD build/stm32f0xx_hal_tim_ex.o
LOAD build/stm32f0xx_hal_pcd_ex.o
LOAD build/stm32f0xx_hal_i2c.o
LOAD build/stm32f0xx_hal_pwr.o
LOAD build/stm32f0xx_hal_pcd.o
LOAD build/stm32f0xx_hal_tim.o
LOAD build/stm32f0xx_hal_flash_ex.o
LOAD build/stm32f0xx_hal_adc.o
LOAD build/stm32f0xx_hal_cortex.o
LOAD build/stm32f0xx_hal.o
LOAD build/main.o
LOAD build/usb_device.o
LOAD build/usbd_conf.o
LOAD build/usbd_cdc_if.o
LOAD build/usbd_desc.o
LOAD build/usbd_midi_if.o
LOAD build/curebuffer.o
LOAD build/stm32f0xx_hal_rcc_ex.o
LOAD build/stm32f0xx_hal_pwr_ex.o
LOAD build/stm32f0xx_hal_dac_ex.o
LOAD build/usbd_core.o
LOAD build/usbd_ctlreq.o
LOAD build/usbd_ioreq.o
LOAD build/usbd_cdc.o
LOAD build/usbd_midi.o
LOAD build/startup_stm32f072xb.o
LOAD /usr/lib/gcc/arm-none-eabi/8.3.0/../../../../arm-none-eabi/lib/thumb/v6-m/nofp/libc_nano.a
LOAD /usr/lib/gcc/arm-none-eabi/8.3.0/../../../../arm-none-eabi/lib/thumb/v6-m/nofp/libm.a
LOAD /usr/lib/gcc/arm-none-eabi/8.3.0/../../../../arm-none-eabi/lib/thumb/v6-m/nofp/libnosys.a
START GROUP
LOAD /usr/lib/gcc/arm-none-eabi/8.3.0/thumb/v6-m/nofp/libgcc.a
LOAD /usr/lib/gcc/arm-none-eabi/8.3.0/../../../../arm-none-eabi/lib/thumb/v6-m/nofp/libc_nano.a
END GROUP
START GROUP
LOAD /usr/lib/gcc/arm-none-eabi/8.3.0/thumb/v6-m/nofp/libgcc.a
LOAD /usr/lib/gcc/arm-none-eabi/8.3.0/../../../../arm-none-eabi/lib/thumb/v6-m/nofp/libc_nano.a
END GROUP
LOAD /usr/lib/gcc/arm-none-eabi/8.3.0/thumb/v6-m/nofp/crtend.o
LOAD /usr/lib/gcc/arm-none-eabi/8.3.0/thumb/v6-m/nofp/crtn.o
                0x0000000020003fff                _estack = 0x20003fff
                0x0000000000000000                _Min_Heap_Size = 0x0
                0x0000000000000400                _Min_Stack_Size = 0x400

.isr_vector     0x0000000008000000       0xc0
                0x0000000008000000                . = ALIGN (0x4)
 *(.isr_vector)
 .isr_vector    0x0000000008000000       0xc0 build/startup_stm32f072xb.o
                0x0000000008000000                g_pfnVectors
                0x00000000080000c0                . = ALIGN (0x4)

.text           0x00000000080000c0     0x3ed8
                0x00000000080000c0                . = ALIGN (0x4)
 *(.text)
 .text          0x00000000080000c0       0x8c /usr/lib/gcc/arm-none-eabi/8.3.0/thumb/v6-m/nofp/libgcc.a(_udivsi3.o)
                0x00000000080000c0                __udivsi3
                0x00000000080000c0                __aeabi_uidiv
                0x0000000008000138                __aeabi_uidivmod
 .text          0x000000000800014c        0x4 /usr/lib/gcc/arm-none-eabi/8.3.0/thumb/v6-m/nofp/libgcc.a(_dvmd_tls.o)
                0x000000000800014c                __aeabi_ldiv0
                0x000000000800014c                __aeabi_idiv0
 *(.text*)
 .text.__do_global_dtors_aux
                0x0000000008000150       0x28 /usr/lib/gcc/arm-none-eabi/8.3.0/thumb/v6-m/nofp/crtbegin.o
 .text.frame_dummy
                0x0000000008000178       0x20 /usr/lib/gcc/arm-none-eabi/8.3.0/thumb/v6-m/nofp/crtbegin.o
 .text.HAL_GPIO_Init
                0x0000000008000198      0x198 build/stm32f0xx_hal_gpio.o
                0x0000000008000198                HAL_GPIO_Init
 .text.HAL_GPIO_ReadPin
                0x0000000008000330        0xe build/stm32f0xx_hal_gpio.o
                0x0000000008000330                HAL_GPIO_ReadPin
 .text.HAL_GPIO_WritePin
                0x000000000800033e        0xc build/stm32f0xx_hal_gpio.o
                0x000000000800033e                HAL_GPIO_WritePin
 *fill*         0x000000000800034a        0x2 
 .text.HAL_RCC_OscConfig
                0x000000000800034c      0x4fc build/stm32f0xx_hal_rcc.o
                0x000000000800034c                HAL_RCC_OscConfig
 .text.HAL_RCC_GetSysClockFreq
                0x0000000008000848       0x94 build/stm32f0xx_hal_rcc.o
                0x0000000008000848                HAL_RCC_GetSysClockFreq
 .text.HAL_RCC_ClockConfig
                0x00000000080008dc      0x188 build/stm32f0xx_hal_rcc.o
                0x00000000080008dc                HAL_RCC_ClockConfig
 .text.HAL_RCC_GetHCLKFreq
                0x0000000008000a64        0xc build/stm32f0xx_hal_rcc.o
                0x0000000008000a64                HAL_RCC_GetHCLKFreq
 .text.HAL_DAC_MspInit
                0x0000000008000a70        0x2 build/stm32f0xx_hal_dac.o
                0x0000000008000a70                HAL_DAC_MspInit
 .text.HAL_DAC_Init
                0x0000000008000a72       0x28 build/stm32f0xx_hal_dac.o
                0x0000000008000a72                HAL_DAC_Init
 .text.HAL_DAC_SetValue
                0x0000000008000a9a       0x2c build/stm32f0xx_hal_dac.o
                0x0000000008000a9a                HAL_DAC_SetValue
 .text.NMI_Handler
                0x0000000008000ac6        0x2 build/stm32f0xx_it.o
                0x0000000008000ac6                NMI_Handler
 .text.HardFault_Handler
                0x0000000008000ac8        0x2 build/stm32f0xx_it.o
                0x0000000008000ac8                HardFault_Handler
 .text.SVC_Handler
                0x0000000008000aca        0x2 build/stm32f0xx_it.o
                0x0000000008000aca                SVC_Handler
 .text.PendSV_Handler
                0x0000000008000acc        0x2 build/stm32f0xx_it.o
                0x0000000008000acc                PendSV_Handler
 .text.SysTick_Handler
                0x0000000008000ace        0xc build/stm32f0xx_it.o
                0x0000000008000ace                SysTick_Handler
 *fill*         0x0000000008000ada        0x2 
 .text.TIM14_IRQHandler
                0x0000000008000adc       0x10 build/stm32f0xx_it.o
                0x0000000008000adc                TIM14_IRQHandler
 .text.TIM15_IRQHandler
                0x0000000008000aec       0x10 build/stm32f0xx_it.o
                0x0000000008000aec                TIM15_IRQHandler
 .text.TIM2_IRQHandler
                0x0000000008000afc       0x10 build/stm32f0xx_it.o
                0x0000000008000afc                TIM2_IRQHandler
 .text.USB_IRQHandler
                0x0000000008000b0c       0x10 build/stm32f0xx_it.o
                0x0000000008000b0c                USB_IRQHandler
 .text.SystemInit
                0x0000000008000b1c       0xa0 build/system_stm32f0xx.o
                0x0000000008000b1c                SystemInit
 .text.HAL_MspInit
                0x0000000008000bbc       0x54 build/stm32f0xx_hal_msp.o
                0x0000000008000bbc                HAL_MspInit
 .text.HAL_TIM_Base_MspInit
                0x0000000008000c10       0xc4 build/stm32f0xx_hal_msp.o
                0x0000000008000c10                HAL_TIM_Base_MspInit
 .text.HAL_TIM_MspPostInit
                0x0000000008000cd4       0x40 build/stm32f0xx_hal_msp.o
                0x0000000008000cd4                HAL_TIM_MspPostInit
 .text.HAL_TIMEx_MasterConfigSynchronization
                0x0000000008000d14       0x4c build/stm32f0xx_hal_tim_ex.o
                0x0000000008000d14                HAL_TIMEx_MasterConfigSynchronization
 .text.HAL_TIMEx_CommutationCallback
                0x0000000008000d60        0x2 build/stm32f0xx_hal_tim_ex.o
                0x0000000008000d60                HAL_TIMEx_CommutationCallback
 .text.HAL_TIMEx_BreakCallback
                0x0000000008000d62        0x2 build/stm32f0xx_hal_tim_ex.o
                0x0000000008000d62                HAL_TIMEx_BreakCallback
 .text.HAL_PCDEx_PMAConfig
                0x0000000008000d64       0x3a build/stm32f0xx_hal_pcd_ex.o
                0x0000000008000d64                HAL_PCDEx_PMAConfig
 *fill*         0x0000000008000d9e        0x2 
 .text.HAL_PCD_Init
                0x0000000008000da0       0xc0 build/stm32f0xx_hal_pcd.o
                0x0000000008000da0                HAL_PCD_Init
 .text.HAL_PCD_Start
                0x0000000008000e60       0x18 build/stm32f0xx_hal_pcd.o
                0x0000000008000e60                HAL_PCD_Start
 .text.HAL_PCD_SetAddress
                0x0000000008000e78       0x36 build/stm32f0xx_hal_pcd.o
                0x0000000008000e78                HAL_PCD_SetAddress
 *fill*         0x0000000008000eae        0x2 
 .text.HAL_PCD_EP_Open
                0x0000000008000eb0      0x354 build/stm32f0xx_hal_pcd.o
                0x0000000008000eb0                HAL_PCD_EP_Open
 .text.HAL_PCD_EP_Close
                0x0000000008001204      0x1d0 build/stm32f0xx_hal_pcd.o
                0x0000000008001204                HAL_PCD_EP_Close
 .text.HAL_PCD_EP_Receive
                0x00000000080013d4      0x234 build/stm32f0xx_hal_pcd.o
                0x00000000080013d4                HAL_PCD_EP_Receive
 .text.HAL_PCD_EP_GetRxCount
                0x0000000008001608       0x14 build/stm32f0xx_hal_pcd.o
                0x0000000008001608                HAL_PCD_EP_GetRxCount
 .text.HAL_PCD_EP_SetStall
                0x000000000800161c       0xc0 build/stm32f0xx_hal_pcd.o
                0x000000000800161c                HAL_PCD_EP_SetStall
 .text.HAL_PCD_EP_ClrStall
                0x00000000080016dc       0xe0 build/stm32f0xx_hal_pcd.o
                0x00000000080016dc                HAL_PCD_EP_ClrStall
 .text.PCD_WritePMA
                0x00000000080017bc       0x28 build/stm32f0xx_hal_pcd.o
                0x00000000080017bc                PCD_WritePMA
 .text.HAL_PCD_EP_Transmit
                0x00000000080017e4      0x24c build/stm32f0xx_hal_pcd.o
                0x00000000080017e4                HAL_PCD_EP_Transmit
 .text.PCD_ReadPMA
                0x0000000008001a30       0x2c build/stm32f0xx_hal_pcd.o
                0x0000000008001a30                PCD_ReadPMA
 .text.PCD_EP_ISR_Handler
                0x0000000008001a5c      0x4bc build/stm32f0xx_hal_pcd.o
 .text.HAL_PCD_IRQHandler
                0x0000000008001f18      0x11c build/stm32f0xx_hal_pcd.o
                0x0000000008001f18                HAL_PCD_IRQHandler
 .text.TIM_OC1_SetConfig
                0x0000000008002034       0x88 build/stm32f0xx_hal_tim.o
 .text.TIM_OC3_SetConfig
                0x00000000080020bc       0x90 build/stm32f0xx_hal_tim.o
 .text.TIM_OC4_SetConfig
                0x000000000800214c       0x74 build/stm32f0xx_hal_tim.o
 .text.HAL_TIM_Base_Start
                0x00000000080021c0       0x18 build/stm32f0xx_hal_tim.o
                0x00000000080021c0                HAL_TIM_Base_Start
 .text.HAL_TIM_Base_Start_IT
                0x00000000080021d8       0x16 build/stm32f0xx_hal_tim.o
                0x00000000080021d8                HAL_TIM_Base_Start_IT
 .text.HAL_TIM_OnePulse_MspInit
                0x00000000080021ee        0x2 build/stm32f0xx_hal_tim.o
                0x00000000080021ee                HAL_TIM_OnePulse_MspInit
 .text.HAL_TIM_OC_DelayElapsedCallback
                0x00000000080021f0        0x2 build/stm32f0xx_hal_tim.o
                0x00000000080021f0                HAL_TIM_OC_DelayElapsedCallback
 .text.HAL_TIM_IC_CaptureCallback
                0x00000000080021f2        0x2 build/stm32f0xx_hal_tim.o
                0x00000000080021f2                HAL_TIM_IC_CaptureCallback
 .text.HAL_TIM_PWM_PulseFinishedCallback
                0x00000000080021f4        0x2 build/stm32f0xx_hal_tim.o
                0x00000000080021f4                HAL_TIM_PWM_PulseFinishedCallback
 .text.HAL_TIM_TriggerCallback
                0x00000000080021f6        0x2 build/stm32f0xx_hal_tim.o
                0x00000000080021f6                HAL_TIM_TriggerCallback
 .text.HAL_TIM_IRQHandler
                0x00000000080021f8      0x15a build/stm32f0xx_hal_tim.o
                0x00000000080021f8                HAL_TIM_IRQHandler
 *fill*         0x0000000008002352        0x2 
 .text.TIM_Base_SetConfig
                0x0000000008002354       0xa4 build/stm32f0xx_hal_tim.o
                0x0000000008002354                TIM_Base_SetConfig
 .text.HAL_TIM_Base_Init
                0x00000000080023f8       0x34 build/stm32f0xx_hal_tim.o
                0x00000000080023f8                HAL_TIM_Base_Init
 .text.HAL_TIM_OnePulse_Init
                0x000000000800242c       0x4a build/stm32f0xx_hal_tim.o
                0x000000000800242c                HAL_TIM_OnePulse_Init
 *fill*         0x0000000008002476        0x2 
 .text.TIM_OC2_SetConfig
                0x0000000008002478       0x88 build/stm32f0xx_hal_tim.o
                0x0000000008002478                TIM_OC2_SetConfig
 .text.HAL_TIM_PWM_ConfigChannel
                0x0000000008002500       0xec build/stm32f0xx_hal_tim.o
                0x0000000008002500                HAL_TIM_PWM_ConfigChannel
 .text.TIM_CCxChannelCmd
                0x00000000080025ec       0x16 build/stm32f0xx_hal_tim.o
                0x00000000080025ec                TIM_CCxChannelCmd
 *fill*         0x0000000008002602        0x2 
 .text.HAL_TIM_OnePulse_Start
                0x0000000008002604       0x50 build/stm32f0xx_hal_tim.o
                0x0000000008002604                HAL_TIM_OnePulse_Start
 .text.HAL_NVIC_SetPriority
                0x0000000008002654       0x64 build/stm32f0xx_hal_cortex.o
                0x0000000008002654                HAL_NVIC_SetPriority
 .text.HAL_NVIC_EnableIRQ
                0x00000000080026b8       0x14 build/stm32f0xx_hal_cortex.o
                0x00000000080026b8                HAL_NVIC_EnableIRQ
 .text.HAL_SYSTICK_Config
                0x00000000080026cc       0x38 build/stm32f0xx_hal_cortex.o
                0x00000000080026cc                HAL_SYSTICK_Config
 .text.HAL_SYSTICK_CLKSourceConfig
                0x0000000008002704       0x20 build/stm32f0xx_hal_cortex.o
                0x0000000008002704                HAL_SYSTICK_CLKSourceConfig
 .text.HAL_SYSTICK_Callback
                0x0000000008002724        0x2 build/stm32f0xx_hal_cortex.o
                0x0000000008002724                HAL_SYSTICK_Callback
 .text.HAL_SYSTICK_IRQHandler
                0x0000000008002726        0x8 build/stm32f0xx_hal_cortex.o
                0x0000000008002726                HAL_SYSTICK_IRQHandler
 .text.HAL_InitTick
                0x000000000800272e       0x24 build/stm32f0xx_hal.o
                0x000000000800272e                HAL_InitTick
 *fill*         0x0000000008002752        0x2 
 .text.HAL_Init
                0x0000000008002754       0x20 build/stm32f0xx_hal.o
                0x0000000008002754                HAL_Init
 .text.HAL_IncTick
                0x0000000008002774       0x10 build/stm32f0xx_hal.o
                0x0000000008002774                HAL_IncTick
 .text.HAL_GetTick
                0x0000000008002784        0xc build/stm32f0xx_hal.o
                0x0000000008002784                HAL_GetTick
 .text.HAL_Delay
                0x0000000008002790       0x22 build/stm32f0xx_hal.o
                0x0000000008002790                HAL_Delay
 *fill*         0x00000000080027b2        0x2 
 .text.MX_GPIO_Init
                0x00000000080027b4       0x6c build/main.o
 .text.USER_TIM2_Init
                0x0000000008002820       0x74 build/main.o
 .text.dfu_otter_bootloader
                0x0000000008002894       0x28 build/main.o
                0x0000000008002894                dfu_otter_bootloader
 .text.HAL_TIM_PeriodElapsedCallback
                0x00000000080028bc       0x70 build/main.o
                0x00000000080028bc                HAL_TIM_PeriodElapsedCallback
 .text._Error_Handler
                0x000000000800292c        0x2 build/main.o
                0x000000000800292c                _Error_Handler
 *fill*         0x000000000800292e        0x2 
 .text.MX_DAC_Init
                0x0000000008002930       0x4c build/main.o
 .text.MX_TIM14_Init
                0x000000000800297c       0x40 build/main.o
 .text.MX_TIM15_Init
                0x00000000080029bc       0x40 build/main.o
 .text.SystemClock_Config
                0x00000000080029fc       0x98 build/main.o
                0x00000000080029fc                SystemClock_Config
 .text.main     0x0000000008002a94      0x22c build/main.o
                0x0000000008002a94                main
 .text.MX_USB_DEVICE_Init
                0x0000000008002cc0       0x38 build/usb_device.o
                0x0000000008002cc0                MX_USB_DEVICE_Init
 .text.HAL_PCD_MspInit
                0x0000000008002cf8       0x40 build/usbd_conf.o
                0x0000000008002cf8                HAL_PCD_MspInit
 .text.HAL_PCD_SetupStageCallback
                0x0000000008002d38       0x14 build/usbd_conf.o
                0x0000000008002d38                HAL_PCD_SetupStageCallback
 .text.HAL_PCD_DataOutStageCallback
                0x0000000008002d4c       0x1e build/usbd_conf.o
                0x0000000008002d4c                HAL_PCD_DataOutStageCallback
 .text.HAL_PCD_DataInStageCallback
                0x0000000008002d6a       0x1a build/usbd_conf.o
                0x0000000008002d6a                HAL_PCD_DataInStageCallback
 .text.HAL_PCD_SOFCallback
                0x0000000008002d84        0xe build/usbd_conf.o
                0x0000000008002d84                HAL_PCD_SOFCallback
 .text.HAL_PCD_ResetCallback
                0x0000000008002d92       0x18 build/usbd_conf.o
                0x0000000008002d92                HAL_PCD_ResetCallback
 *fill*         0x0000000008002daa        0x2 
 .text.HAL_PCD_SuspendCallback
                0x0000000008002dac       0x24 build/usbd_conf.o
                0x0000000008002dac                HAL_PCD_SuspendCallback
 .text.HAL_PCD_ResumeCallback
                0x0000000008002dd0        0xe build/usbd_conf.o
                0x0000000008002dd0                HAL_PCD_ResumeCallback
 *fill*         0x0000000008002dde        0x2 
 .text.USBD_LL_Init
                0x0000000008002de0       0x90 build/usbd_conf.o
                0x0000000008002de0                USBD_LL_Init
 .text.USBD_LL_Start
                0x0000000008002e70       0x26 build/usbd_conf.o
                0x0000000008002e70                USBD_LL_Start
 .text.USBD_LL_OpenEP
                0x0000000008002e96       0x2c build/usbd_conf.o
                0x0000000008002e96                USBD_LL_OpenEP
 .text.USBD_LL_CloseEP
                0x0000000008002ec2       0x26 build/usbd_conf.o
                0x0000000008002ec2                USBD_LL_CloseEP
 .text.USBD_LL_StallEP
                0x0000000008002ee8       0x26 build/usbd_conf.o
                0x0000000008002ee8                USBD_LL_StallEP
 .text.USBD_LL_ClearStallEP
                0x0000000008002f0e       0x26 build/usbd_conf.o
                0x0000000008002f0e                USBD_LL_ClearStallEP
 .text.USBD_LL_IsStallEP
                0x0000000008002f34       0x32 build/usbd_conf.o
                0x0000000008002f34                USBD_LL_IsStallEP
 .text.USBD_LL_SetUSBAddress
                0x0000000008002f66       0x26 build/usbd_conf.o
                0x0000000008002f66                USBD_LL_SetUSBAddress
 .text.USBD_LL_Transmit
                0x0000000008002f8c       0x26 build/usbd_conf.o
                0x0000000008002f8c                USBD_LL_Transmit
 .text.USBD_LL_PrepareReceive
                0x0000000008002fb2       0x26 build/usbd_conf.o
                0x0000000008002fb2                USBD_LL_PrepareReceive
 .text.USBD_LL_GetRxDataSize
                0x0000000008002fd8        0xe build/usbd_conf.o
                0x0000000008002fd8                USBD_LL_GetRxDataSize
 *fill*         0x0000000008002fe6        0x2 
 .text.USBD_static_malloc
                0x0000000008002fe8        0x8 build/usbd_conf.o
                0x0000000008002fe8                USBD_static_malloc
 .text.USBD_static_free
                0x0000000008002ff0        0x2 build/usbd_conf.o
                0x0000000008002ff0                USBD_static_free
 .text.CDC_DeInit_FS
                0x0000000008002ff2        0x4 build/usbd_cdc_if.o
 .text.CDC_Control_FS
                0x0000000008002ff6        0x4 build/usbd_cdc_if.o
 *fill*         0x0000000008002ffa        0x2 
 .text.CDC_Receive_FS
                0x0000000008002ffc       0x1c build/usbd_cdc_if.o
 .text.CDC_Init_FS
                0x0000000008003018       0x28 build/usbd_cdc_if.o
 .text.CDC_Transmit_FS
                0x0000000008003040       0x30 build/usbd_cdc_if.o
                0x0000000008003040                CDC_Transmit_FS
 .text.USBD_FS_DeviceDescriptor
                0x0000000008003070        0xc build/usbd_desc.o
                0x0000000008003070                USBD_FS_DeviceDescriptor
 .text.USBD_FS_LangIDStrDescriptor
                0x000000000800307c        0xc build/usbd_desc.o
                0x000000000800307c                USBD_FS_LangIDStrDescriptor
 .text.USBD_FS_ProductStrDescriptor
                0x0000000008003088       0x28 build/usbd_desc.o
                0x0000000008003088                USBD_FS_ProductStrDescriptor
 .text.USBD_FS_ManufacturerStrDescriptor
                0x00000000080030b0       0x1c build/usbd_desc.o
                0x00000000080030b0                USBD_FS_ManufacturerStrDescriptor
 .text.USBD_FS_SerialStrDescriptor
                0x00000000080030cc       0x28 build/usbd_desc.o
                0x00000000080030cc                USBD_FS_SerialStrDescriptor
 .text.USBD_FS_ConfigStrDescriptor
                0x00000000080030f4       0x28 build/usbd_desc.o
                0x00000000080030f4                USBD_FS_ConfigStrDescriptor
 .text.USBD_FS_InterfaceStrDescriptor
                0x000000000800311c       0x28 build/usbd_desc.o
                0x000000000800311c                USBD_FS_InterfaceStrDescriptor
 .text.HAL_RCCEx_PeriphCLKConfig
                0x0000000008003144      0x158 build/stm32f0xx_hal_rcc_ex.o
                0x0000000008003144                HAL_RCCEx_PeriphCLKConfig
 .text.HAL_DAC_ConfigChannel
                0x000000000800329c       0x3c build/stm32f0xx_hal_dac_ex.o
                0x000000000800329c                HAL_DAC_ConfigChannel
 .text.HAL_DAC_Start
                0x00000000080032d8       0x5c build/stm32f0xx_hal_dac_ex.o
                0x00000000080032d8                HAL_DAC_Start
 .text.USBD_Init
                0x0000000008003334       0x38 build/usbd_core.o
                0x0000000008003334                USBD_Init
 .text.USBD_RegisterClass
                0x000000000800336c       0x12 build/usbd_core.o
                0x000000000800336c                USBD_RegisterClass
 .text.USBD_Start
                0x000000000800337e        0xa build/usbd_core.o
                0x000000000800337e                USBD_Start
 .text.USBD_SetClassConfig
                0x0000000008003388       0x1e build/usbd_core.o
                0x0000000008003388                USBD_SetClassConfig
 .text.USBD_ClrClassConfig
                0x00000000080033a6       0x10 build/usbd_core.o
                0x00000000080033a6                USBD_ClrClassConfig
 *fill*         0x00000000080033b6        0x2 
 .text.USBD_LL_SetupStage
                0x00000000080033b8       0x68 build/usbd_core.o
                0x00000000080033b8                USBD_LL_SetupStage
 .text.USBD_LL_DataOutStage
                0x0000000008003420       0x7a build/usbd_core.o
                0x0000000008003420                USBD_LL_DataOutStage
 .text.USBD_LL_DataInStage
                0x000000000800349a       0xc4 build/usbd_core.o
                0x000000000800349a                USBD_LL_DataInStage
 .text.USBD_LL_Reset
                0x000000000800355e       0x46 build/usbd_core.o
                0x000000000800355e                USBD_LL_Reset
 .text.USBD_LL_SetSpeed
                0x00000000080035a4        0x6 build/usbd_core.o
                0x00000000080035a4                USBD_LL_SetSpeed
 .text.USBD_LL_Suspend
                0x00000000080035aa       0x16 build/usbd_core.o
                0x00000000080035aa                USBD_LL_Suspend
 .text.USBD_LL_Resume
                0x00000000080035c0        0xe build/usbd_core.o
                0x00000000080035c0                USBD_LL_Resume
 .text.USBD_LL_SOF
                0x00000000080035ce       0x20 build/usbd_core.o
                0x00000000080035ce                USBD_LL_SOF
 .text.USBD_GetLen
                0x00000000080035ee       0x14 build/usbd_ctlreq.o
 .text.USBD_SetFeature
                0x0000000008003602       0x24 build/usbd_ctlreq.o
 .text.USBD_ParseSetupRequest
                0x0000000008003626       0x28 build/usbd_ctlreq.o
                0x0000000008003626                USBD_ParseSetupRequest
 .text.USBD_CtlError
                0x000000000800364e       0x14 build/usbd_ctlreq.o
                0x000000000800364e                USBD_CtlError
 *fill*         0x0000000008003662        0x2 
 .text.USBD_GetDescriptor
                0x0000000008003664      0x15c build/usbd_ctlreq.o
 .text.USBD_SetAddress
                0x00000000080037c0       0x58 build/usbd_ctlreq.o
 .text.USBD_SetConfig
                0x0000000008003818       0xb0 build/usbd_ctlreq.o
 .text.USBD_GetConfig
                0x00000000080038c8       0x3c build/usbd_ctlreq.o
 .text.USBD_GetStatus
                0x0000000008003904       0x32 build/usbd_ctlreq.o
 .text.USBD_ClrFeature
                0x0000000008003936       0x34 build/usbd_ctlreq.o
 *fill*         0x000000000800396a        0x2 
 .text.USBD_StdDevReq
                0x000000000800396c       0x48 build/usbd_ctlreq.o
                0x000000000800396c                USBD_StdDevReq
 .text.USBD_StdItfReq
                0x00000000080039b4       0x3c build/usbd_ctlreq.o
                0x00000000080039b4                USBD_StdItfReq
 .text.USBD_StdEPReq
                0x00000000080039f0      0x13a build/usbd_ctlreq.o
                0x00000000080039f0                USBD_StdEPReq
 .text.USBD_GetString
                0x0000000008003b2a       0x3c build/usbd_ctlreq.o
                0x0000000008003b2a                USBD_GetString
 .text.USBD_CtlSendData
                0x0000000008003b66       0x1c build/usbd_ioreq.o
                0x0000000008003b66                USBD_CtlSendData
 .text.USBD_CtlContinueSendData
                0x0000000008003b82       0x10 build/usbd_ioreq.o
                0x0000000008003b82                USBD_CtlContinueSendData
 .text.USBD_CtlPrepareRx
                0x0000000008003b92       0x20 build/usbd_ioreq.o
                0x0000000008003b92                USBD_CtlPrepareRx
 .text.USBD_CtlContinueRx
                0x0000000008003bb2       0x10 build/usbd_ioreq.o
                0x0000000008003bb2                USBD_CtlContinueRx
 .text.USBD_CtlSendStatus
                0x0000000008003bc2       0x18 build/usbd_ioreq.o
                0x0000000008003bc2                USBD_CtlSendStatus
 .text.USBD_CtlReceiveStatus
                0x0000000008003bda       0x18 build/usbd_ioreq.o
                0x0000000008003bda                USBD_CtlReceiveStatus
 .text.USBD_CDC_DataIn
                0x0000000008003bf2       0x1a build/usbd_cdc.o
 .text.USBD_CDC_EP0_RxReady
                0x0000000008003c0c       0x34 build/usbd_cdc.o
 .text.USBD_CDC_GetFSCfgDesc
                0x0000000008003c40        0xc build/usbd_cdc.o
 .text.USBD_CDC_GetHSCfgDesc
                0x0000000008003c4c        0xc build/usbd_cdc.o
 .text.USBD_CDC_GetOtherSpeedCfgDesc
                0x0000000008003c58        0xc build/usbd_cdc.o
 .text.USBD_CDC_GetDeviceQualifierDescriptor
                0x0000000008003c64        0xc build/usbd_cdc.o
                0x0000000008003c64                USBD_CDC_GetDeviceQualifierDescriptor
 .text.USBD_CDC_DataOut
                0x0000000008003c70       0x36 build/usbd_cdc.o
 *fill*         0x0000000008003ca6        0x2 
 .text.USBD_CDC_Setup
                0x0000000008003ca8       0x88 build/usbd_cdc.o
 .text.USBD_CDC_DeInit
                0x0000000008003d30       0x40 build/usbd_cdc.o
 .text.USBD_CDC_Init
                0x0000000008003d70       0xa4 build/usbd_cdc.o
 .text.USBD_CDC_RegisterInterface
                0x0000000008003e14       0x12 build/usbd_cdc.o
                0x0000000008003e14                USBD_CDC_RegisterInterface
 .text.USBD_CDC_SetTxBuffer
                0x0000000008003e26       0x16 build/usbd_cdc.o
                0x0000000008003e26                USBD_CDC_SetTxBuffer
 .text.USBD_CDC_SetRxBuffer
                0x0000000008003e3c        0xe build/usbd_cdc.o
                0x0000000008003e3c                USBD_CDC_SetRxBuffer
 .text.USBD_CDC_TransmitPacket
                0x0000000008003e4a       0x3a build/usbd_cdc.o
                0x0000000008003e4a                USBD_CDC_TransmitPacket
 .text.USBD_CDC_ReceivePacket
                0x0000000008003e84       0x3c build/usbd_cdc.o
                0x0000000008003e84                USBD_CDC_ReceivePacket
 .text.Reset_Handler
                0x0000000008003ec0       0x50 build/startup_stm32f072xb.o
                0x0000000008003ec0                Reset_Handler
 .text.Default_Handler
                0x0000000008003f10        0x2 build/startup_stm32f072xb.o
                0x0000000008003f10                TIM1_CC_IRQHandler
                0x0000000008003f10                TSC_IRQHandler
                0x0000000008003f10                ADC1_COMP_IRQHandler
                0x0000000008003f10                I2C1_IRQHandler
                0x0000000008003f10                RCC_CRS_IRQHandler
                0x0000000008003f10                SPI1_IRQHandler
                0x0000000008003f10                TIM6_DAC_IRQHandler
                0x0000000008003f10                USART3_4_IRQHandler
                0x0000000008003f10                EXTI2_3_IRQHandler
                0x0000000008003f10                I2C2_IRQHandler
                0x0000000008003f10                TIM17_IRQHandler
                0x0000000008003f10                CEC_CAN_IRQHandler
                0x0000000008003f10                RTC_IRQHandler
                0x0000000008003f10                PVD_VDDIO2_IRQHandler
                0x0000000008003f10                DMA1_Channel4_5_6_7_IRQHandler
                0x0000000008003f10                TIM16_IRQHandler
                0x0000000008003f10                TIM3_IRQHandler
                0x0000000008003f10                EXTI4_15_IRQHandler
                0x0000000008003f10                DMA1_Channel1_IRQHandler
                0x0000000008003f10                Default_Handler
                0x0000000008003f10                TIM7_IRQHandler
                0x0000000008003f10                EXTI0_1_IRQHandler
                0x0000000008003f10                SPI2_IRQHandler
                0x0000000008003f10                WWDG_IRQHandler
                0x0000000008003f10                DMA1_Channel2_3_IRQHandler
                0x0000000008003f10                USART2_IRQHandler
                0x0000000008003f10                FLASH_IRQHandler
                0x0000000008003f10                USART1_IRQHandler
                0x0000000008003f10                TIM1_BRK_UP_TRG_COM_IRQHandler
 *fill*         0x0000000008003f12        0x2 
 .text.__libc_init_array
                0x0000000008003f14       0x48 /usr/lib/gcc/arm-none-eabi/8.3.0/../../../../arm-none-eabi/lib/thumb/v6-m/nofp/libc_nano.a(lib_a-init.o)
                0x0000000008003f14                __libc_init_array
 .text.memcpy   0x0000000008003f5c       0x12 /usr/lib/gcc/arm-none-eabi/8.3.0/../../../../arm-none-eabi/lib/thumb/v6-m/nofp/libc_nano.a(lib_a-memcpy-stub.o)
                0x0000000008003f5c                memcpy
 .text.memset   0x0000000008003f6e       0x10 /usr/lib/gcc/arm-none-eabi/8.3.0/../../../../arm-none-eabi/lib/thumb/v6-m/nofp/libc_nano.a(lib_a-memset.o)
                0x0000000008003f6e                memset
 *(.glue_7)
 .glue_7        0x0000000008003f7e        0x0 linker stubs
 *(.glue_7t)
 .glue_7t       0x0000000008003f7e        0x0 linker stubs
 *(.eh_frame)
 *fill*         0x0000000008003f7e        0x2 
 .eh_frame      0x0000000008003f80        0x0 /usr/lib/gcc/arm-none-eabi/8.3.0/thumb/v6-m/nofp/crtbegin.o
 *(.init)
 .init          0x0000000008003f80        0x4 /usr/lib/gcc/arm-none-eabi/8.3.0/thumb/v6-m/nofp/crti.o
                0x0000000008003f80                _init
 .init          0x0000000008003f84        0x8 /usr/lib/gcc/arm-none-eabi/8.3.0/thumb/v6-m/nofp/crtn.o
 *(.fini)
 .fini          0x0000000008003f8c        0x4 /usr/lib/gcc/arm-none-eabi/8.3.0/thumb/v6-m/nofp/crti.o
                0x0000000008003f8c                _fini
 .fini          0x0000000008003f90        0x8 /usr/lib/gcc/arm-none-eabi/8.3.0/thumb/v6-m/nofp/crtn.o
                0x0000000008003f98                . = ALIGN (0x4)
                0x0000000008003f98                _etext = .

.vfp11_veneer   0x0000000008003f98        0x0
 .vfp11_veneer  0x0000000008003f98        0x0 linker stubs

.v4_bx          0x0000000008003f98        0x0
 .v4_bx         0x0000000008003f98        0x0 linker stubs

.iplt           0x0000000008003f98        0x0
 .iplt          0x0000000008003f98        0x0 /usr/lib/gcc/arm-none-eabi/8.3.0/thumb/v6-m/nofp/crtbegin.o

.rodata         0x0000000008003f98      0x10c
                0x0000000008003f98                . = ALIGN (0x4)
 *(.rodata)
 .rodata        0x0000000008003f98       0x20 build/stm32f0xx_hal_rcc.o
 *(.rodata*)
 .rodata.AHBPrescTable
                0x0000000008003fb8       0x10 build/system_stm32f0xx.o
                0x0000000008003fb8                AHBPrescTable
 .rodata.MX_DAC_Init.str1.4
                0x0000000008003fc8        0xb build/main.o
 *fill*         0x0000000008003fd3        0x1 
 .rodata.main.str1.4
                0x0000000008003fd4        0x9 build/main.o
 *fill*         0x0000000008003fdd        0x3 
 .rodata.USBD_LL_Init.str1.4
                0x0000000008003fe0       0x10 build/usbd_conf.o
 .rodata.USBD_FS_ConfigStrDescriptor.str1.4
                0x0000000008003ff0        0xc build/usbd_desc.o
 .rodata.USBD_FS_InterfaceStrDescriptor.str1.4
                0x0000000008003ffc        0xf build/usbd_desc.o
 *fill*         0x000000000800400b        0x1 
 .rodata.USBD_FS_ManufacturerStrDescriptor.str1.4
                0x000000000800400c       0x11 build/usbd_desc.o
 *fill*         0x000000000800401d        0x3 
 .rodata.USBD_FS_ProductStrDescriptor.str1.4
                0x0000000008004020       0x14 build/usbd_desc.o
 .rodata.USBD_FS_SerialStrDescriptor.str1.4
                0x0000000008004034       0x10 build/usbd_desc.o
                                          0xd (size before relaxing)
 .rodata.USBD_GetDescriptor
                0x0000000008004044       0x38 build/usbd_ctlreq.o
 .rodata.USBD_StdDevReq
                0x000000000800407c       0x28 build/usbd_ctlreq.o
                0x00000000080040a4                . = ALIGN (0x4)

.rel.dyn        0x00000000080040a4        0x0
 .rel.iplt      0x00000000080040a4        0x0 /usr/lib/gcc/arm-none-eabi/8.3.0/thumb/v6-m/nofp/crtbegin.o

.ARM.extab
 *(.ARM.extab* .gnu.linkonce.armextab.*)

.ARM            0x00000000080040a4        0x0
                0x00000000080040a4                __exidx_start = .
 *(.ARM.exidx*)
                0x00000000080040a4                __exidx_end = .

.preinit_array  0x00000000080040a4        0x0
                0x00000000080040a4                PROVIDE (__preinit_array_start = .)
 *(.preinit_array*)
                0x00000000080040a4                PROVIDE (__preinit_array_end = .)

.init_array     0x00000000080040a4        0x4
                0x00000000080040a4                PROVIDE (__init_array_start = .)
 *(SORT_BY_NAME(.init_array.*))
 *(.init_array*)
 .init_array    0x00000000080040a4        0x4 /usr/lib/gcc/arm-none-eabi/8.3.0/thumb/v6-m/nofp/crtbegin.o
                0x00000000080040a8                PROVIDE (__init_array_end = .)

.fini_array     0x00000000080040a8        0x4
                0x00000000080040a8                PROVIDE (__fini_array_start = .)
 *(SORT_BY_NAME(.fini_array.*))
 *(.fini_array*)
 .fini_array    0x00000000080040a8        0x4 /usr/lib/gcc/arm-none-eabi/8.3.0/thumb/v6-m/nofp/crtbegin.o
                0x00000000080040ac                PROVIDE (__fini_array_end = .)
                0x00000000080040ac                _sidata = LOADADDR (.data)

.data           0x0000000020000000      0x158 load address 0x00000000080040ac
                0x0000000020000000                . = ALIGN (0x4)
                0x0000000020000000                _sdata = .
 *(.data)
 *(.data*)
 .data.SystemCoreClock
                0x0000000020000000        0x4 build/system_stm32f0xx.o
                0x0000000020000000                SystemCoreClock
 .data.USBD_Interface_fops_FS_CDC
                0x0000000020000004       0x10 build/usbd_cdc_if.o
                0x0000000020000004                USBD_Interface_fops_FS_CDC
 .data.FS_Desc  0x0000000020000014       0x1c build/usbd_desc.o
                0x0000000020000014                FS_Desc
 .data.USBD_FS_DeviceDesc
                0x0000000020000030       0x12 build/usbd_desc.o
                0x0000000020000030                USBD_FS_DeviceDesc
 *fill*         0x0000000020000042        0x2 
 .data.USBD_LangIDDesc
                0x0000000020000044        0x4 build/usbd_desc.o
                0x0000000020000044                USBD_LangIDDesc
 .data.USBD_CDC
                0x0000000020000048       0x38 build/usbd_cdc.o
                0x0000000020000048                USBD_CDC
 .data.USBD_CDC_CfgFSDesc
                0x0000000020000080       0x43 build/usbd_cdc.o
                0x0000000020000080                USBD_CDC_CfgFSDesc
 *fill*         0x00000000200000c3        0x1 
 .data.USBD_CDC_CfgHSDesc
                0x00000000200000c4       0x43 build/usbd_cdc.o
                0x00000000200000c4                USBD_CDC_CfgHSDesc
 *fill*         0x0000000020000107        0x1 
 .data.USBD_CDC_DeviceQualifierDesc
                0x0000000020000108        0xa build/usbd_cdc.o
 *fill*         0x0000000020000112        0x2 
 .data.USBD_CDC_OtherSpeedCfgDesc
                0x0000000020000114       0x43 build/usbd_cdc.o
                0x0000000020000114                USBD_CDC_OtherSpeedCfgDesc
                0x0000000020000158                . = ALIGN (0x4)
 *fill*         0x0000000020000157        0x1 
                0x0000000020000158                _edata = .

.igot.plt       0x0000000020000158        0x0 load address 0x0000000008004204
 .igot.plt      0x0000000020000158        0x0 /usr/lib/gcc/arm-none-eabi/8.3.0/thumb/v6-m/nofp/crtbegin.o
                0x0000000020000158                . = ALIGN (0x4)

.bss            0x0000000020000158      0xdb4 load address 0x0000000008004204
                0x0000000020000158                _sbss = .
                0x0000000020000158                __bss_start__ = _sbss
 *(.bss)
 *(.bss*)
 .bss.completed.8859
                0x0000000020000158        0x1 /usr/lib/gcc/arm-none-eabi/8.3.0/thumb/v6-m/nofp/crtbegin.o
 *fill*         0x0000000020000159        0x3 
 .bss.object.8864
                0x000000002000015c       0x18 /usr/lib/gcc/arm-none-eabi/8.3.0/thumb/v6-m/nofp/crtbegin.o
 .bss.curPeriode0
                0x0000000020000174        0x4 build/main.o
                0x0000000020000174                curPeriode0
 .bss.curPeriode1
                0x0000000020000178        0x4 build/main.o
                0x0000000020000178                curPeriode1
 .bss.curTone0  0x000000002000017c        0x2 build/main.o
                0x000000002000017c                curTone0
 .bss.curTone1  0x000000002000017e        0x2 build/main.o
                0x000000002000017e                curTone1
 .bss.freqs     0x0000000020000180       0x20 build/main.o
                0x0000000020000180                freqs
 .bss.lastTone0
                0x00000000200001a0        0x2 build/main.o
                0x00000000200001a0                lastTone0
 .bss.lastTone1
                0x00000000200001a2        0x2 build/main.o
                0x00000000200001a2                lastTone1
 .bss.noteTimeout
                0x00000000200001a4        0x4 build/main.o
                0x00000000200001a4                noteTimeout
 .bss.mem.8459  0x00000000200001a8      0x228 build/usbd_conf.o
 .bss.cfgidx.8348
                0x00000000200003d0        0x1 build/usbd_ctlreq.o
 .bss.ifalt.8343
                0x00000000200003d1        0x1 build/usbd_cdc.o
 *(COMMON)
 *fill*         0x00000000200003d2        0x2 
 COMMON         0x00000000200003d4        0x4 build/system_stm32f0xx.o
                0x00000000200003d4                SysMemBootJump
 COMMON         0x00000000200003d8        0x4 build/stm32f0xx_hal.o
                0x00000000200003d8                uwTick
 COMMON         0x00000000200003dc      0x104 build/main.o
                0x00000000200003dc                uart_tx_dat
                0x00000000200003e0                htim15
                0x0000000020000420                midiBuffer
                0x0000000020000424                hdac
                0x0000000020000438                htim2
                0x0000000020000478                str
                0x00000000200004a0                htim14
 COMMON         0x00000000200004e0      0x224 build/usb_device.o
                0x00000000200004e0                hUsbDeviceFS
 COMMON         0x0000000020000704      0x220 build/usbd_conf.o
                0x0000000020000704                hpcd_USB_FS
 COMMON         0x0000000020000924      0x3e8 build/usbd_cdc_if.o
                0x0000000020000924                UserRxBufferFS
                0x0000000020000b18                UserTxBufferFS
 COMMON         0x0000000020000d0c      0x200 build/usbd_desc.o
                0x0000000020000d0c                USBD_StrDesc
                0x0000000020000f0c                . = ALIGN (0x4)
                0x0000000020000f0c                _ebss = .
                0x0000000020000f0c                __bss_end__ = _ebss

._user_heap_stack
                0x0000000020000f0c      0x400 load address 0x0000000008004204
                0x0000000020000f0c                . = ALIGN (0x4)
                0x0000000020000f0c                PROVIDE (end = .)
                [!provide]                        PROVIDE (_end = .)
                0x0000000020000f0c                . = (. + _Min_Heap_Size)
                0x000000002000130c                . = (. + _Min_Stack_Size)
 *fill*         0x0000000020000f0c      0x400 
                0x000000002000130c                . = ALIGN (0x4)

/DISCARD/
 libc.a(*)
 libm.a(*)
 libgcc.a(*)

.ARM.attributes
                0x0000000000000000       0x28
 *(.ARM.attributes)
 .ARM.attributes
                0x0000000000000000       0x1e /usr/lib/gcc/arm-none-eabi/8.3.0/thumb/v6-m/nofp/crti.o
 .ARM.attributes
                0x000000000000001e       0x2c /usr/lib/gcc/arm-none-eabi/8.3.0/thumb/v6-m/nofp/crtbegin.o
 .ARM.attributes
                0x000000000000004a       0x2c build/stm32f0xx_hal_gpio.o
 .ARM.attributes
                0x0000000000000076       0x2c build/stm32f0xx_hal_rcc.o
 .ARM.attributes
                0x00000000000000a2       0x2c build/stm32f0xx_hal_dac.o
 .ARM.attributes
                0x00000000000000ce       0x2c build/stm32f0xx_it.o
 .ARM.attributes
                0x00000000000000fa       0x2c build/system_stm32f0xx.o
 .ARM.attributes
                0x0000000000000126       0x2c build/stm32f0xx_hal_msp.o
 .ARM.attributes
                0x0000000000000152       0x2c build/stm32f0xx_hal_tim_ex.o
 .ARM.attributes
                0x000000000000017e       0x2c build/stm32f0xx_hal_pcd_ex.o
 .ARM.attributes
                0x00000000000001aa       0x2c build/stm32f0xx_hal_pcd.o
 .ARM.attributes
                0x00000000000001d6       0x2c build/stm32f0xx_hal_tim.o
 .ARM.attributes
                0x0000000000000202       0x2c build/stm32f0xx_hal_cortex.o
 .ARM.attributes
                0x000000000000022e       0x2c build/stm32f0xx_hal.o
 .ARM.attributes
                0x000000000000025a       0x2c build/main.o
 .ARM.attributes
                0x0000000000000286       0x2c build/usb_device.o
 .ARM.attributes
                0x00000000000002b2       0x2c build/usbd_conf.o
 .ARM.attributes
                0x00000000000002de       0x2c build/usbd_cdc_if.o
 .ARM.attributes
                0x000000000000030a       0x2c build/usbd_desc.o
 .ARM.attributes
                0x0000000000000336       0x2c build/stm32f0xx_hal_rcc_ex.o
 .ARM.attributes
                0x0000000000000362       0x2c build/stm32f0xx_hal_dac_ex.o
 .ARM.attributes
                0x000000000000038e       0x2c build/usbd_core.o
 .ARM.attributes
                0x00000000000003ba       0x2c build/usbd_ctlreq.o
 .ARM.attributes
                0x00000000000003e6       0x2c build/usbd_ioreq.o
 .ARM.attributes
                0x0000000000000412       0x2c build/usbd_cdc.o
 .ARM.attributes
                0x000000000000043e       0x21 build/startup_stm32f072xb.o
 .ARM.attributes
                0x000000000000045f       0x2c /usr/lib/gcc/arm-none-eabi/8.3.0/../../../../arm-none-eabi/lib/thumb/v6-m/nofp/libc_nano.a(lib_a-init.o)
 .ARM.attributes
                0x000000000000048b       0x2c /usr/lib/gcc/arm-none-eabi/8.3.0/../../../../arm-none-eabi/lib/thumb/v6-m/nofp/libc_nano.a(lib_a-memcpy-stub.o)
 .ARM.attributes
                0x00000000000004b7       0x2c /usr/lib/gcc/arm-none-eabi/8.3.0/../../../../arm-none-eabi/lib/thumb/v6-m/nofp/libc_nano.a(lib_a-memset.o)
 .ARM.attributes
                0x00000000000004e3       0x1e /usr/lib/gcc/arm-none-eabi/8.3.0/thumb/v6-m/nofp/libgcc.a(_udivsi3.o)
 .ARM.attributes
                0x0000000000000501       0x1e /usr/lib/gcc/arm-none-eabi/8.3.0/thumb/v6-m/nofp/libgcc.a(_dvmd_tls.o)
 .ARM.attributes
                0x000000000000051f       0x1e /usr/lib/gcc/arm-none-eabi/8.3.0/thumb/v6-m/nofp/crtn.o
OUTPUT(build/pcbtcMIDI.elf elf32-littlearm)

.debug_info     0x0000000000000000    0x22b34
 .debug_info    0x0000000000000000     0x10bb build/stm32f0xx_hal_gpio.o
 .debug_info    0x00000000000010bb     0x1443 build/stm32f0xx_hal_rcc.o
 .debug_info    0x00000000000024fe     0x13b2 build/stm32f0xx_hal_dac.o
 .debug_info    0x00000000000038b0     0x15e5 build/stm32f0xx_it.o
 .debug_info    0x0000000000004e95      0xc6f build/system_stm32f0xx.o
 .debug_info    0x0000000000005b04     0x15e1 build/stm32f0xx_hal_msp.o
 .debug_info    0x00000000000070e5     0x203c build/stm32f0xx_hal_tim_ex.o
 .debug_info    0x0000000000009121      0xff8 build/stm32f0xx_hal_pcd_ex.o
 .debug_info    0x000000000000a119     0x2049 build/stm32f0xx_hal_pcd.o
 .debug_info    0x000000000000c162     0x4047 build/stm32f0xx_hal_tim.o
 .debug_info    0x00000000000101a9     0x12a4 build/stm32f0xx_hal_cortex.o
 .debug_info    0x000000000001144d     0x10e0 build/stm32f0xx_hal.o
 .debug_info    0x000000000001252d     0x29b3 build/main.o
 .debug_info    0x0000000000014ee0     0x11e6 build/usb_device.o
 .debug_info    0x00000000000160c6     0x24bf build/usbd_conf.o
 .debug_info    0x0000000000018585     0x1313 build/usbd_cdc_if.o
 .debug_info    0x0000000000019898      0xf27 build/usbd_desc.o
 .debug_info    0x000000000001a7bf     0x117c build/stm32f0xx_hal_rcc_ex.o
 .debug_info    0x000000000001b93b     0x1595 build/stm32f0xx_hal_dac_ex.o
 .debug_info    0x000000000001ced0     0x17c6 build/usbd_core.o
 .debug_info    0x000000000001e696     0x198d build/usbd_ctlreq.o
 .debug_info    0x0000000000020023     0x123b build/usbd_ioreq.o
 .debug_info    0x000000000002125e     0x18b4 build/usbd_cdc.o
 .debug_info    0x0000000000022b12       0x22 build/startup_stm32f072xb.o

.debug_abbrev   0x0000000000000000     0x45d1
 .debug_abbrev  0x0000000000000000      0x30a build/stm32f0xx_hal_gpio.o
 .debug_abbrev  0x000000000000030a      0x32a build/stm32f0xx_hal_rcc.o
 .debug_abbrev  0x0000000000000634      0x2a1 build/stm32f0xx_hal_dac.o
 .debug_abbrev  0x00000000000008d5      0x254 build/stm32f0xx_it.o
 .debug_abbrev  0x0000000000000b29      0x271 build/system_stm32f0xx.o
 .debug_abbrev  0x0000000000000d9a      0x27d build/stm32f0xx_hal_msp.o
 .debug_abbrev  0x0000000000001017      0x346 build/stm32f0xx_hal_tim_ex.o
 .debug_abbrev  0x000000000000135d      0x21e build/stm32f0xx_hal_pcd_ex.o
 .debug_abbrev  0x000000000000157b      0x3e1 build/stm32f0xx_hal_pcd.o
 .debug_abbrev  0x000000000000195c      0x360 build/stm32f0xx_hal_tim.o
 .debug_abbrev  0x0000000000001cbc      0x395 build/stm32f0xx_hal_cortex.o
 .debug_abbrev  0x0000000000002051      0x320 build/stm32f0xx_hal.o
 .debug_abbrev  0x0000000000002371      0x41e build/main.o
 .debug_abbrev  0x000000000000278f      0x21d build/usb_device.o
 .debug_abbrev  0x00000000000029ac      0x377 build/usbd_conf.o
 .debug_abbrev  0x0000000000002d23      0x30c build/usbd_cdc_if.o
 .debug_abbrev  0x000000000000302f      0x2bb build/usbd_desc.o
 .debug_abbrev  0x00000000000032ea      0x321 build/stm32f0xx_hal_rcc_ex.o
 .debug_abbrev  0x000000000000360b      0x35c build/stm32f0xx_hal_dac_ex.o
 .debug_abbrev  0x0000000000003967      0x32d build/usbd_core.o
 .debug_abbrev  0x0000000000003c94      0x380 build/usbd_ctlreq.o
 .debug_abbrev  0x0000000000004014      0x222 build/usbd_ioreq.o
 .debug_abbrev  0x0000000000004236      0x389 build/usbd_cdc.o
 .debug_abbrev  0x00000000000045bf       0x12 build/startup_stm32f072xb.o

.debug_loc      0x0000000000000000     0xdfeb
 .debug_loc     0x0000000000000000      0x418 build/stm32f0xx_hal_gpio.o
 .debug_loc     0x0000000000000418      0x759 build/stm32f0xx_hal_rcc.o
 .debug_loc     0x0000000000000b71      0x3b9 build/stm32f0xx_hal_dac.o
 .debug_loc     0x0000000000000f2a       0xa0 build/stm32f0xx_it.o
 .debug_loc     0x0000000000000fca      0x1bd build/system_stm32f0xx.o
 .debug_loc     0x0000000000001187      0x174 build/stm32f0xx_hal_msp.o
 .debug_loc     0x00000000000012fb     0x182a build/stm32f0xx_hal_tim_ex.o
 .debug_loc     0x0000000000002b25      0x14a build/stm32f0xx_hal_pcd_ex.o
 .debug_loc     0x0000000000002c6f     0x1852 build/stm32f0xx_hal_pcd.o
 .debug_loc     0x00000000000044c1     0x46e9 build/stm32f0xx_hal_tim.o
 .debug_loc     0x0000000000008baa      0x449 build/stm32f0xx_hal_cortex.o
 .debug_loc     0x0000000000008ff3      0x118 build/stm32f0xx_hal.o
 .debug_loc     0x000000000000910b      0x1ed build/main.o
 .debug_loc     0x00000000000092f8       0x40 build/usb_device.o
 .debug_loc     0x0000000000009338     0x111d build/usbd_conf.o
 .debug_loc     0x000000000000a455      0x1cf build/usbd_cdc_if.o
 .debug_loc     0x000000000000a624      0x3b9 build/usbd_desc.o
 .debug_loc     0x000000000000a9dd      0x929 build/stm32f0xx_hal_rcc_ex.o
 .debug_loc     0x000000000000b306      0x99e build/stm32f0xx_hal_dac_ex.o
 .debug_loc     0x000000000000bca4      0xa02 build/usbd_core.o
 .debug_loc     0x000000000000c6a6      0xe7f build/usbd_ctlreq.o
 .debug_loc     0x000000000000d525      0x364 build/usbd_ioreq.o
 .debug_loc     0x000000000000d889      0x762 build/usbd_cdc.o

.debug_aranges  0x0000000000000000      0xf20
 .debug_aranges
                0x0000000000000000       0x58 build/stm32f0xx_hal_gpio.o
 .debug_aranges
                0x0000000000000058       0x80 build/stm32f0xx_hal_rcc.o
 .debug_aranges
                0x00000000000000d8       0xa8 build/stm32f0xx_hal_dac.o
 .debug_aranges
                0x0000000000000180       0x60 build/stm32f0xx_it.o
 .debug_aranges
                0x00000000000001e0       0x28 build/system_stm32f0xx.o
 .debug_aranges
                0x0000000000000208       0x38 build/stm32f0xx_hal_msp.o
 .debug_aranges
                0x0000000000000240      0x148 build/stm32f0xx_hal_tim_ex.o
 .debug_aranges
                0x0000000000000388       0x20 build/stm32f0xx_hal_pcd_ex.o
 .debug_aranges
                0x00000000000003a8      0x130 build/stm32f0xx_hal_pcd.o
 .debug_aranges
                0x00000000000004d8      0x378 build/stm32f0xx_hal_tim.o
 .debug_aranges
                0x0000000000000850       0x78 build/stm32f0xx_hal_cortex.o
 .debug_aranges
                0x00000000000008c8       0xb8 build/stm32f0xx_hal.o
 .debug_aranges
                0x0000000000000980       0x68 build/main.o
 .debug_aranges
                0x00000000000009e8       0x28 build/usb_device.o
 .debug_aranges
                0x0000000000000a10      0x110 build/usbd_conf.o
 .debug_aranges
                0x0000000000000b20       0x40 build/usbd_cdc_if.o
 .debug_aranges
                0x0000000000000b60       0x50 build/usbd_desc.o
 .debug_aranges
                0x0000000000000bb0       0x78 build/stm32f0xx_hal_rcc_ex.o
 .debug_aranges
                0x0000000000000c28       0xb0 build/stm32f0xx_hal_dac_ex.o
 .debug_aranges
                0x0000000000000cd8       0xb8 build/usbd_core.o
 .debug_aranges
                0x0000000000000d90       0x88 build/usbd_ctlreq.o
 .debug_aranges
                0x0000000000000e18       0x50 build/usbd_ioreq.o
 .debug_aranges
                0x0000000000000e68       0x90 build/usbd_cdc.o
 .debug_aranges
                0x0000000000000ef8       0x28 build/startup_stm32f072xb.o

.debug_ranges   0x0000000000000000      0xf28
 .debug_ranges  0x0000000000000000       0x48 build/stm32f0xx_hal_gpio.o
 .debug_ranges  0x0000000000000048       0x88 build/stm32f0xx_hal_rcc.o
 .debug_ranges  0x00000000000000d0       0x98 build/stm32f0xx_hal_dac.o
 .debug_ranges  0x0000000000000168       0x50 build/stm32f0xx_it.o
 .debug_ranges  0x00000000000001b8       0x18 build/system_stm32f0xx.o
 .debug_ranges  0x00000000000001d0       0x28 build/stm32f0xx_hal_msp.o
 .debug_ranges  0x00000000000001f8      0x138 build/stm32f0xx_hal_tim_ex.o
 .debug_ranges  0x0000000000000330       0x10 build/stm32f0xx_hal_pcd_ex.o
 .debug_ranges  0x0000000000000340      0x210 build/stm32f0xx_hal_pcd.o
 .debug_ranges  0x0000000000000550      0x368 build/stm32f0xx_hal_tim.o
 .debug_ranges  0x00000000000008b8       0xb0 build/stm32f0xx_hal_cortex.o
 .debug_ranges  0x0000000000000968       0xa8 build/stm32f0xx_hal.o
 .debug_ranges  0x0000000000000a10       0x70 build/main.o
 .debug_ranges  0x0000000000000a80       0x18 build/usb_device.o
 .debug_ranges  0x0000000000000a98      0x100 build/usbd_conf.o
 .debug_ranges  0x0000000000000b98       0x30 build/usbd_cdc_if.o
 .debug_ranges  0x0000000000000bc8       0x40 build/usbd_desc.o
 .debug_ranges  0x0000000000000c08       0x80 build/stm32f0xx_hal_rcc_ex.o
 .debug_ranges  0x0000000000000c88       0xa0 build/stm32f0xx_hal_dac_ex.o
 .debug_ranges  0x0000000000000d28       0xa8 build/usbd_core.o
 .debug_ranges  0x0000000000000dd0       0x78 build/usbd_ctlreq.o
 .debug_ranges  0x0000000000000e48       0x40 build/usbd_ioreq.o
 .debug_ranges  0x0000000000000e88       0x80 build/usbd_cdc.o
 .debug_ranges  0x0000000000000f08       0x20 build/startup_stm32f072xb.o

.debug_line     0x0000000000000000     0xc071
 .debug_line    0x0000000000000000      0x535 build/stm32f0xx_hal_gpio.o
 .debug_line    0x0000000000000535      0xb54 build/stm32f0xx_hal_rcc.o
 .debug_line    0x0000000000001089      0x4c0 build/stm32f0xx_hal_dac.o
 .debug_line    0x0000000000001549      0x2bb build/stm32f0xx_it.o
 .debug_line    0x0000000000001804      0x2d9 build/system_stm32f0xx.o
 .debug_line    0x0000000000001add      0x2f1 build/stm32f0xx_hal_msp.o
 .debug_line    0x0000000000001dce     0x109c build/stm32f0xx_hal_tim_ex.o
 .debug_line    0x0000000000002e6a      0x226 build/stm32f0xx_hal_pcd_ex.o
 .debug_line    0x0000000000003090     0x13a4 build/stm32f0xx_hal_pcd.o
 .debug_line    0x0000000000004434     0x2fa8 build/stm32f0xx_hal_tim.o
 .debug_line    0x00000000000073dc      0x4b0 build/stm32f0xx_hal_cortex.o
 .debug_line    0x000000000000788c      0x442 build/stm32f0xx_hal.o
 .debug_line    0x0000000000007cce      0x92e build/main.o
 .debug_line    0x00000000000085fc      0x288 build/usb_device.o
 .debug_line    0x0000000000008884      0x862 build/usbd_conf.o
 .debug_line    0x00000000000090e6      0x2a0 build/usbd_cdc_if.o
 .debug_line    0x0000000000009386      0x2dc build/usbd_desc.o
 .debug_line    0x0000000000009662      0x909 build/stm32f0xx_hal_rcc_ex.o
 .debug_line    0x0000000000009f6b      0x7c1 build/stm32f0xx_hal_dac_ex.o
 .debug_line    0x000000000000a72c      0x6cf build/usbd_core.o
 .debug_line    0x000000000000adfb      0x8dc build/usbd_ctlreq.o
 .debug_line    0x000000000000b6d7      0x2ea build/usbd_ioreq.o
 .debug_line    0x000000000000b9c1      0x638 build/usbd_cdc.o
 .debug_line    0x000000000000bff9       0x78 build/startup_stm32f072xb.o

.debug_str      0x0000000000000000     0x456d
 .debug_str     0x0000000000000000      0x758 build/stm32f0xx_hal_gpio.o
                                        0x7ee (size before relaxing)
 .debug_str     0x0000000000000758      0x33a build/stm32f0xx_hal_rcc.o
                                        0x9d2 (size before relaxing)
 .debug_str     0x0000000000000a92      0x488 build/stm32f0xx_hal_dac.o
                                        0xa8c (size before relaxing)
 .debug_str     0x0000000000000f1a      0x547 build/stm32f0xx_it.o
                                        0xcc5 (size before relaxing)
 .debug_str     0x0000000000001461       0x7f build/system_stm32f0xx.o
                                        0x63c (size before relaxing)
 .debug_str     0x00000000000014e0      0x2c0 build/stm32f0xx_hal_msp.o
                                        0xcb0 (size before relaxing)
 .debug_str     0x00000000000017a0      0x704 build/stm32f0xx_hal_tim_ex.o
                                       0x1095 (size before relaxing)
 .debug_str     0x0000000000001ea4       0x61 build/stm32f0xx_hal_pcd_ex.o
                                        0x8e7 (size before relaxing)
 .debug_str     0x0000000000001f05      0x3c1 build/stm32f0xx_hal_pcd.o
                                        0xc7a (size before relaxing)
 .debug_str     0x00000000000022c6      0xb57 build/stm32f0xx_hal_tim.o
                                       0x1769 (size before relaxing)
 .debug_str     0x0000000000002e1d      0x1b5 build/stm32f0xx_hal_cortex.o
                                        0xa2b (size before relaxing)
 .debug_str     0x0000000000002fd2      0x188 build/stm32f0xx_hal.o
                                        0xa23 (size before relaxing)
 .debug_str     0x000000000000315a      0x67a build/main.o
                                       0x191c (size before relaxing)
 .debug_str     0x00000000000037d4       0x81 build/usb_device.o
                                        0xac3 (size before relaxing)
 .debug_str     0x0000000000003855      0x2a5 build/usbd_conf.o
                                       0x13c1 (size before relaxing)
 .debug_str     0x0000000000003afa      0x113 build/usbd_cdc_if.o
                                        0xae2 (size before relaxing)
 .debug_str     0x0000000000003c0d      0x11a build/usbd_desc.o
                                        0x7bf (size before relaxing)
 .debug_str     0x0000000000003d27      0x26f build/stm32f0xx_hal_rcc_ex.o
                                        0x9f5 (size before relaxing)
 .debug_str     0x0000000000003f96      0x1ab build/stm32f0xx_hal_dac_ex.o
                                        0xb87 (size before relaxing)
 .debug_str     0x0000000000004141      0x145 build/usbd_core.o
                                        0xc04 (size before relaxing)
 .debug_str     0x0000000000004286       0xe2 build/usbd_ctlreq.o
                                        0xb1e (size before relaxing)
 .debug_str     0x0000000000004368       0x60 build/usbd_ioreq.o
                                        0xa4b (size before relaxing)
 .debug_str     0x00000000000043c8      0x183 build/usbd_cdc.o
                                        0xc92 (size before relaxing)
 .debug_str     0x000000000000454b       0x22 build/startup_stm32f072xb.o
                                         0x4b (size before relaxing)

.comment        0x0000000000000000       0x1d
 .comment       0x0000000000000000       0x1d build/stm32f0xx_hal_gpio.o
                                         0x1e (size before relaxing)
 .comment       0x000000000000001d       0x1e build/stm32f0xx_hal_rcc.o
 .comment       0x000000000000001d       0x1e build/stm32f0xx_hal_dac.o
 .comment       0x000000000000001d       0x1e build/stm32f0xx_it.o
 .comment       0x000000000000001d       0x1e build/system_stm32f0xx.o
 .comment       0x000000000000001d       0x1e build/stm32f0xx_hal_msp.o
 .comment       0x000000000000001d       0x1e build/stm32f0xx_hal_tim_ex.o
 .comment       0x000000000000001d       0x1e build/stm32f0xx_hal_pcd_ex.o
 .comment       0x000000000000001d       0x1e build/stm32f0xx_hal_pcd.o
 .comment       0x000000000000001d       0x1e build/stm32f0xx_hal_tim.o
 .comment       0x000000000000001d       0x1e build/stm32f0xx_hal_cortex.o
 .comment       0x000000000000001d       0x1e build/stm32f0xx_hal.o
 .comment       0x000000000000001d       0x1e build/main.o
 .comment       0x000000000000001d       0x1e build/usb_device.o
 .comment       0x000000000000001d       0x1e build/usbd_conf.o
 .comment       0x000000000000001d       0x1e build/usbd_cdc_if.o
 .comment       0x000000000000001d       0x1e build/usbd_desc.o
 .comment       0x000000000000001d       0x1e build/stm32f0xx_hal_rcc_ex.o
 .comment       0x000000000000001d       0x1e build/stm32f0xx_hal_dac_ex.o
 .comment       0x000000000000001d       0x1e build/usbd_core.o
 .comment       0x000000000000001d       0x1e build/usbd_ctlreq.o
 .comment       0x000000000000001d       0x1e build/usbd_ioreq.o
 .comment       0x000000000000001d       0x1e build/usbd_cdc.o

.debug_frame    0x0000000000000000     0x2930
 .debug_frame   0x0000000000000000       0xdc build/stm32f0xx_hal_gpio.o
 .debug_frame   0x00000000000000dc      0x14c build/stm32f0xx_hal_rcc.o
 .debug_frame   0x0000000000000228      0x16c build/stm32f0xx_hal_dac.o
 .debug_frame   0x0000000000000394       0xdc build/stm32f0xx_it.o
 .debug_frame   0x0000000000000470       0x48 build/system_stm32f0xx.o
 .debug_frame   0x00000000000004b8       0x80 build/stm32f0xx_hal_msp.o
 .debug_frame   0x0000000000000538      0x418 build/stm32f0xx_hal_tim_ex.o
 .debug_frame   0x0000000000000950       0x2c build/stm32f0xx_hal_pcd_ex.o
 .debug_frame   0x000000000000097c      0x324 build/stm32f0xx_hal_pcd.o
 .debug_frame   0x0000000000000ca0      0xaec build/stm32f0xx_hal_tim.o
 .debug_frame   0x000000000000178c       0xec build/stm32f0xx_hal_cortex.o
 .debug_frame   0x0000000000001878      0x184 build/stm32f0xx_hal.o
 .debug_frame   0x00000000000019fc      0x11c build/main.o
 .debug_frame   0x0000000000001b18       0x48 build/usb_device.o
 .debug_frame   0x0000000000001b60      0x34c build/usbd_conf.o
 .debug_frame   0x0000000000001eac       0x84 build/usbd_cdc_if.o
 .debug_frame   0x0000000000001f30       0xbc build/usbd_desc.o
 .debug_frame   0x0000000000001fec      0x10c build/stm32f0xx_hal_rcc_ex.o
 .debug_frame   0x00000000000020f8      0x1e8 build/stm32f0xx_hal_dac_ex.o
 .debug_frame   0x00000000000022e0      0x1ec build/usbd_core.o
 .debug_frame   0x00000000000024cc      0x198 build/usbd_ctlreq.o
 .debug_frame   0x0000000000002664       0xd4 build/usbd_ioreq.o
 .debug_frame   0x0000000000002738      0x164 build/usbd_cdc.o
 .debug_frame   0x000000000000289c       0x2c /usr/lib/gcc/arm-none-eabi/8.3.0/../../../../arm-none-eabi/lib/thumb/v6-m/nofp/libc_nano.a(lib_a-init.o)
 .debug_frame   0x00000000000028c8       0x28 /usr/lib/gcc/arm-none-eabi/8.3.0/../../../../arm-none-eabi/lib/thumb/v6-m/nofp/libc_nano.a(lib_a-memcpy-stub.o)
 .debug_frame   0x00000000000028f0       0x20 /usr/lib/gcc/arm-none-eabi/8.3.0/../../../../arm-none-eabi/lib/thumb/v6-m/nofp/libc_nano.a(lib_a-memset.o)
 .debug_frame   0x0000000000002910       0x20 /usr/lib/gcc/arm-none-eabi/8.3.0/thumb/v6-m/nofp/libgcc.a(_udivsi3.o)

Cross Reference Table

Symbol                                            File
ADC1_COMP_IRQHandler                              build/startup_stm32f072xb.o
AHBPrescTable                                     build/system_stm32f0xx.o
                                                  build/stm32f0xx_hal_rcc.o
APBPrescTable                                     build/system_stm32f0xx.o
                                                  build/stm32f0xx_hal_rcc.o
APP_Rx_Buffer                                     build/usbd_midi.o
                                                  build/usbd_midi_if.o
APP_Rx_length                                     build/usbd_midi.o
APP_Rx_ptr_in                                     build/usbd_midi.o
                                                  build/usbd_midi_if.o
APP_Rx_ptr_out                                    build/usbd_midi.o
CDC_Transmit_FS                                   build/usbd_cdc_if.o
                                                  build/main.o
CEC_CAN_IRQHandler                                build/startup_stm32f072xb.o
DAC_DMAConvCpltCh2                                build/stm32f0xx_hal_dac_ex.o
DAC_DMAErrorCh2                                   build/stm32f0xx_hal_dac_ex.o
DAC_DMAHalfConvCpltCh2                            build/stm32f0xx_hal_dac_ex.o
DMA1_Channel1_IRQHandler                          build/startup_stm32f072xb.o
DMA1_Channel2_3_IRQHandler                        build/startup_stm32f072xb.o
DMA1_Channel4_5_6_7_IRQHandler                    build/startup_stm32f072xb.o
Default_Handler                                   build/startup_stm32f072xb.o
EXTI0_1_IRQHandler                                build/startup_stm32f072xb.o
EXTI2_3_IRQHandler                                build/startup_stm32f072xb.o
EXTI4_15_IRQHandler                               build/startup_stm32f072xb.o
FLASH_IRQHandler                                  build/startup_stm32f072xb.o
FLASH_PageErase                                   build/stm32f0xx_hal_flash_ex.o
                                                  build/stm32f0xx_hal_flash.o
FLASH_WaitForLastOperation                        build/stm32f0xx_hal_flash.o
                                                  build/stm32f0xx_hal_flash_ex.o
FS_Desc                                           build/usbd_desc.o
                                                  build/usb_device.o
HAL_DACEx_ConvCpltCallbackCh2                     build/stm32f0xx_hal_dac_ex.o
HAL_DACEx_ConvHalfCpltCallbackCh2                 build/stm32f0xx_hal_dac_ex.o
HAL_DACEx_DMAUnderrunCallbackCh2                  build/stm32f0xx_hal_dac_ex.o
HAL_DACEx_DualGetValue                            build/stm32f0xx_hal_dac_ex.o
HAL_DACEx_DualSetValue                            build/stm32f0xx_hal_dac_ex.o
HAL_DACEx_ErrorCallbackCh2                        build/stm32f0xx_hal_dac_ex.o
HAL_DACEx_NoiseWaveGenerate                       build/stm32f0xx_hal_dac_ex.o
HAL_DACEx_TriangleWaveGenerate                    build/stm32f0xx_hal_dac_ex.o
HAL_DAC_ConfigChannel                             build/stm32f0xx_hal_dac_ex.o
                                                  build/stm32f0xx_hal_dac.o
                                                  build/main.o
HAL_DAC_ConvCpltCallbackCh1                       build/stm32f0xx_hal_dac.o
                                                  build/stm32f0xx_hal_dac_ex.o
HAL_DAC_ConvHalfCpltCallbackCh1                   build/stm32f0xx_hal_dac.o
                                                  build/stm32f0xx_hal_dac_ex.o
HAL_DAC_DMAUnderrunCallbackCh1                    build/stm32f0xx_hal_dac.o
                                                  build/stm32f0xx_hal_dac_ex.o
HAL_DAC_DeInit                                    build/stm32f0xx_hal_dac.o
HAL_DAC_ErrorCallbackCh1                          build/stm32f0xx_hal_dac.o
                                                  build/stm32f0xx_hal_dac_ex.o
HAL_DAC_GetError                                  build/stm32f0xx_hal_dac.o
HAL_DAC_GetState                                  build/stm32f0xx_hal_dac.o
HAL_DAC_GetValue                                  build/stm32f0xx_hal_dac_ex.o
                                                  build/stm32f0xx_hal_dac.o
HAL_DAC_IRQHandler                                build/stm32f0xx_hal_dac_ex.o
                                                  build/stm32f0xx_hal_dac.o
HAL_DAC_Init                                      build/stm32f0xx_hal_dac.o
                                                  build/main.o
HAL_DAC_MspDeInit                                 build/stm32f0xx_hal_dac.o
HAL_DAC_MspInit                                   build/stm32f0xx_hal_dac.o
HAL_DAC_SetValue                                  build/stm32f0xx_hal_dac.o
                                                  build/main.o
HAL_DAC_Start                                     build/stm32f0xx_hal_dac_ex.o
                                                  build/stm32f0xx_hal_dac.o
                                                  build/main.o
HAL_DAC_Start_DMA                                 build/stm32f0xx_hal_dac_ex.o
                                                  build/stm32f0xx_hal_dac.o
HAL_DAC_Stop                                      build/stm32f0xx_hal_dac.o
HAL_DAC_Stop_DMA                                  build/stm32f0xx_hal_dac.o
HAL_DBGMCU_DisableDBGStandbyMode                  build/stm32f0xx_hal.o
HAL_DBGMCU_DisableDBGStopMode                     build/stm32f0xx_hal.o
HAL_DBGMCU_EnableDBGStandbyMode                   build/stm32f0xx_hal.o
HAL_DBGMCU_EnableDBGStopMode                      build/stm32f0xx_hal.o
HAL_DMA_Abort                                     build/stm32f0xx_hal_dma.o
                                                  build/stm32f0xx_hal_tim.o
                                                  build/stm32f0xx_hal_dac.o
HAL_DMA_Abort_IT                                  build/stm32f0xx_hal_dma.o
                                                  build/stm32f0xx_hal_i2c.o
HAL_DMA_DeInit                                    build/stm32f0xx_hal_dma.o
HAL_DMA_GetError                                  build/stm32f0xx_hal_dma.o
HAL_DMA_GetState                                  build/stm32f0xx_hal_dma.o
HAL_DMA_IRQHandler                                build/stm32f0xx_hal_dma.o
HAL_DMA_Init                                      build/stm32f0xx_hal_dma.o
HAL_DMA_PollForTransfer                           build/stm32f0xx_hal_dma.o
HAL_DMA_RegisterCallback                          build/stm32f0xx_hal_dma.o
HAL_DMA_Start                                     build/stm32f0xx_hal_dma.o
HAL_DMA_Start_IT                                  build/stm32f0xx_hal_dma.o
                                                  build/stm32f0xx_hal_dac_ex.o
                                                  build/stm32f0xx_hal_tim.o
                                                  build/stm32f0xx_hal_i2c.o
                                                  build/stm32f0xx_hal_tim_ex.o
HAL_DMA_UnRegisterCallback                        build/stm32f0xx_hal_dma.o
HAL_DeInit                                        build/stm32f0xx_hal.o
HAL_Delay                                         build/stm32f0xx_hal.o
                                                  build/usbd_conf.o
                                                  build/main.o
HAL_FLASHEx_Erase                                 build/stm32f0xx_hal_flash_ex.o
HAL_FLASHEx_Erase_IT                              build/stm32f0xx_hal_flash_ex.o
HAL_FLASHEx_OBErase                               build/stm32f0xx_hal_flash_ex.o
HAL_FLASHEx_OBGetConfig                           build/stm32f0xx_hal_flash_ex.o
HAL_FLASHEx_OBGetUserData                         build/stm32f0xx_hal_flash_ex.o
HAL_FLASHEx_OBProgram                             build/stm32f0xx_hal_flash_ex.o
HAL_FLASH_EndOfOperationCallback                  build/stm32f0xx_hal_flash.o
HAL_FLASH_GetError                                build/stm32f0xx_hal_flash.o
HAL_FLASH_IRQHandler                              build/stm32f0xx_hal_flash.o
HAL_FLASH_Lock                                    build/stm32f0xx_hal_flash.o
HAL_FLASH_OB_Launch                               build/stm32f0xx_hal_flash.o
HAL_FLASH_OB_Lock                                 build/stm32f0xx_hal_flash.o
HAL_FLASH_OB_Unlock                               build/stm32f0xx_hal_flash.o
HAL_FLASH_OperationErrorCallback                  build/stm32f0xx_hal_flash.o
HAL_FLASH_Program                                 build/stm32f0xx_hal_flash.o
HAL_FLASH_Program_IT                              build/stm32f0xx_hal_flash.o
HAL_FLASH_Unlock                                  build/stm32f0xx_hal_flash.o
HAL_GPIO_DeInit                                   build/stm32f0xx_hal_gpio.o
HAL_GPIO_EXTI_Callback                            build/stm32f0xx_hal_gpio.o
HAL_GPIO_EXTI_IRQHandler                          build/stm32f0xx_hal_gpio.o
HAL_GPIO_Init                                     build/stm32f0xx_hal_gpio.o
                                                  build/main.o
                                                  build/stm32f0xx_hal_msp.o
                                                  build/stm32f0xx_hal_rcc.o
HAL_GPIO_LockPin                                  build/stm32f0xx_hal_gpio.o
HAL_GPIO_ReadPin                                  build/stm32f0xx_hal_gpio.o
                                                  build/main.o
HAL_GPIO_TogglePin                                build/stm32f0xx_hal_gpio.o
HAL_GPIO_WritePin                                 build/stm32f0xx_hal_gpio.o
                                                  build/main.o
HAL_GetDEVID                                      build/stm32f0xx_hal.o
HAL_GetHalVersion                                 build/stm32f0xx_hal.o
HAL_GetREVID                                      build/stm32f0xx_hal.o
HAL_GetTick                                       build/stm32f0xx_hal.o
                                                  build/stm32f0xx_hal_rcc_ex.o
                                                  build/main.o
                                                  build/stm32f0xx_hal_i2c.o
                                                  build/stm32f0xx_hal_dma.o
                                                  build/stm32f0xx_hal_rcc.o
                                                  build/stm32f0xx_hal_flash.o
HAL_GetUIDw0                                      build/stm32f0xx_hal.o
HAL_GetUIDw1                                      build/stm32f0xx_hal.o
HAL_GetUIDw2                                      build/stm32f0xx_hal.o
HAL_I2CEx_ConfigAnalogFilter                      build/stm32f0xx_hal_i2c_ex.o
HAL_I2CEx_ConfigDigitalFilter                     build/stm32f0xx_hal_i2c_ex.o
HAL_I2CEx_DisableFastModePlus                     build/stm32f0xx_hal_i2c_ex.o
HAL_I2CEx_DisableWakeUp                           build/stm32f0xx_hal_i2c_ex.o
HAL_I2CEx_EnableFastModePlus                      build/stm32f0xx_hal_i2c_ex.o
HAL_I2CEx_EnableWakeUp                            build/stm32f0xx_hal_i2c_ex.o
HAL_I2C_AbortCpltCallback                         build/stm32f0xx_hal_i2c.o
HAL_I2C_AddrCallback                              build/stm32f0xx_hal_i2c.o
HAL_I2C_DeInit                                    build/stm32f0xx_hal_i2c.o
HAL_I2C_DisableListen_IT                          build/stm32f0xx_hal_i2c.o
HAL_I2C_ER_IRQHandler                             build/stm32f0xx_hal_i2c.o
HAL_I2C_EV_IRQHandler                             build/stm32f0xx_hal_i2c.o
HAL_I2C_EnableListen_IT                           build/stm32f0xx_hal_i2c.o
HAL_I2C_ErrorCallback                             build/stm32f0xx_hal_i2c.o
HAL_I2C_GetError                                  build/stm32f0xx_hal_i2c.o
HAL_I2C_GetMode                                   build/stm32f0xx_hal_i2c.o
HAL_I2C_GetState                                  build/stm32f0xx_hal_i2c.o
HAL_I2C_Init                                      build/stm32f0xx_hal_i2c.o
HAL_I2C_IsDeviceReady                             build/stm32f0xx_hal_i2c.o
HAL_I2C_ListenCpltCallback                        build/stm32f0xx_hal_i2c.o
HAL_I2C_MasterRxCpltCallback                      build/stm32f0xx_hal_i2c.o
HAL_I2C_MasterTxCpltCallback                      build/stm32f0xx_hal_i2c.o
HAL_I2C_Master_Abort_IT                           build/stm32f0xx_hal_i2c.o
HAL_I2C_Master_Receive                            build/stm32f0xx_hal_i2c.o
HAL_I2C_Master_Receive_DMA                        build/stm32f0xx_hal_i2c.o
HAL_I2C_Master_Receive_IT                         build/stm32f0xx_hal_i2c.o
HAL_I2C_Master_Sequential_Receive_IT              build/stm32f0xx_hal_i2c.o
HAL_I2C_Master_Sequential_Transmit_IT             build/stm32f0xx_hal_i2c.o
HAL_I2C_Master_Transmit                           build/stm32f0xx_hal_i2c.o
HAL_I2C_Master_Transmit_DMA                       build/stm32f0xx_hal_i2c.o
HAL_I2C_Master_Transmit_IT                        build/stm32f0xx_hal_i2c.o
HAL_I2C_MemRxCpltCallback                         build/stm32f0xx_hal_i2c.o
HAL_I2C_MemTxCpltCallback                         build/stm32f0xx_hal_i2c.o
HAL_I2C_Mem_Read                                  build/stm32f0xx_hal_i2c.o
HAL_I2C_Mem_Read_DMA                              build/stm32f0xx_hal_i2c.o
HAL_I2C_Mem_Read_IT                               build/stm32f0xx_hal_i2c.o
HAL_I2C_Mem_Write                                 build/stm32f0xx_hal_i2c.o
HAL_I2C_Mem_Write_DMA                             build/stm32f0xx_hal_i2c.o
HAL_I2C_Mem_Write_IT                              build/stm32f0xx_hal_i2c.o
HAL_I2C_MspDeInit                                 build/stm32f0xx_hal_i2c.o
HAL_I2C_MspInit                                   build/stm32f0xx_hal_i2c.o
HAL_I2C_SlaveRxCpltCallback                       build/stm32f0xx_hal_i2c.o
HAL_I2C_SlaveTxCpltCallback                       build/stm32f0xx_hal_i2c.o
HAL_I2C_Slave_Receive                             build/stm32f0xx_hal_i2c.o
HAL_I2C_Slave_Receive_DMA                         build/stm32f0xx_hal_i2c.o
HAL_I2C_Slave_Receive_IT                          build/stm32f0xx_hal_i2c.o
HAL_I2C_Slave_Sequential_Receive_IT               build/stm32f0xx_hal_i2c.o
HAL_I2C_Slave_Sequential_Transmit_IT              build/stm32f0xx_hal_i2c.o
HAL_I2C_Slave_Transmit                            build/stm32f0xx_hal_i2c.o
HAL_I2C_Slave_Transmit_DMA                        build/stm32f0xx_hal_i2c.o
HAL_I2C_Slave_Transmit_IT                         build/stm32f0xx_hal_i2c.o
HAL_IncTick                                       build/stm32f0xx_hal.o
                                                  build/stm32f0xx_it.o
HAL_Init                                          build/stm32f0xx_hal.o
                                                  build/main.o
HAL_InitTick                                      build/stm32f0xx_hal.o
                                                  build/stm32f0xx_hal_rcc.o
HAL_MspDeInit                                     build/stm32f0xx_hal.o
HAL_MspInit                                       build/stm32f0xx_hal_msp.o
HAL_NVIC_ClearPendingIRQ                          build/stm32f0xx_hal_cortex.o
HAL_NVIC_DisableIRQ                               build/stm32f0xx_hal_cortex.o
                                                  build/usbd_conf.o
                                                  build/stm32f0xx_hal_msp.o
HAL_NVIC_EnableIRQ                                build/stm32f0xx_hal_cortex.o
                                                  build/usbd_conf.o
                                                  build/stm32f0xx_hal_msp.o
HAL_NVIC_GetPendingIRQ                            build/stm32f0xx_hal_cortex.o
HAL_NVIC_GetPriority                              build/stm32f0xx_hal_cortex.o
HAL_NVIC_SetPendingIRQ                            build/stm32f0xx_hal_cortex.o
HAL_NVIC_SetPriority                              build/stm32f0xx_hal_cortex.o
                                                  build/usbd_conf.o
                                                  build/main.o
                                                  build/stm32f0xx_hal.o
                                                  build/stm32f0xx_hal_msp.o
HAL_NVIC_SystemReset                              build/stm32f0xx_hal_cortex.o
HAL_PCDEx_PMAConfig                               build/stm32f0xx_hal_pcd_ex.o
                                                  build/usbd_conf.o
HAL_PCDEx_SetConnectionState                      build/usbd_conf.o
HAL_PCD_ActivateRemoteWakeup                      build/stm32f0xx_hal_pcd.o
HAL_PCD_ConnectCallback                           build/usbd_conf.o
                                                  build/stm32f0xx_hal_pcd.o
HAL_PCD_DataInStageCallback                       build/usbd_conf.o
                                                  build/stm32f0xx_hal_pcd.o
HAL_PCD_DataOutStageCallback                      build/usbd_conf.o
                                                  build/stm32f0xx_hal_pcd.o
HAL_PCD_DeActivateRemoteWakeup                    build/stm32f0xx_hal_pcd.o
HAL_PCD_DeInit                                    build/stm32f0xx_hal_pcd.o
                                                  build/usbd_conf.o
HAL_PCD_DevConnect                                build/stm32f0xx_hal_pcd.o
HAL_PCD_DevDisconnect                             build/stm32f0xx_hal_pcd.o
HAL_PCD_DisconnectCallback                        build/usbd_conf.o
                                                  build/stm32f0xx_hal_pcd.o
HAL_PCD_EP_Close                                  build/stm32f0xx_hal_pcd.o
                                                  build/usbd_conf.o
HAL_PCD_EP_ClrStall                               build/stm32f0xx_hal_pcd.o
                                                  build/usbd_conf.o
HAL_PCD_EP_Flush                                  build/stm32f0xx_hal_pcd.o
                                                  build/usbd_conf.o
HAL_PCD_EP_GetRxCount                             build/stm32f0xx_hal_pcd.o
                                                  build/usbd_conf.o
HAL_PCD_EP_Open                                   build/stm32f0xx_hal_pcd.o
                                                  build/usbd_conf.o
HAL_PCD_EP_Receive                                build/stm32f0xx_hal_pcd.o
                                                  build/usbd_conf.o
HAL_PCD_EP_SetStall                               build/stm32f0xx_hal_pcd.o
                                                  build/usbd_conf.o
HAL_PCD_EP_Transmit                               build/stm32f0xx_hal_pcd.o
                                                  build/usbd_conf.o
HAL_PCD_GetState                                  build/stm32f0xx_hal_pcd.o
HAL_PCD_IRQHandler                                build/stm32f0xx_hal_pcd.o
                                                  build/stm32f0xx_it.o
HAL_PCD_ISOINIncompleteCallback                   build/usbd_conf.o
                                                  build/stm32f0xx_hal_pcd.o
HAL_PCD_ISOOUTIncompleteCallback                  build/usbd_conf.o
                                                  build/stm32f0xx_hal_pcd.o
HAL_PCD_Init                                      build/stm32f0xx_hal_pcd.o
                                                  build/usbd_conf.o
HAL_PCD_MspDeInit                                 build/usbd_conf.o
                                                  build/stm32f0xx_hal_pcd.o
HAL_PCD_MspInit                                   build/usbd_conf.o
                                                  build/stm32f0xx_hal_pcd.o
HAL_PCD_ResetCallback                             build/usbd_conf.o
                                                  build/stm32f0xx_hal_pcd.o
HAL_PCD_ResumeCallback                            build/usbd_conf.o
                                                  build/stm32f0xx_hal_pcd.o
HAL_PCD_SOFCallback                               build/usbd_conf.o
                                                  build/stm32f0xx_hal_pcd.o
HAL_PCD_SetAddress                                build/stm32f0xx_hal_pcd.o
                                                  build/usbd_conf.o
HAL_PCD_SetupStageCallback                        build/usbd_conf.o
                                                  build/stm32f0xx_hal_pcd.o
HAL_PCD_Start                                     build/stm32f0xx_hal_pcd.o
                                                  build/usbd_conf.o
HAL_PCD_Stop                                      build/stm32f0xx_hal_pcd.o
                                                  build/usbd_conf.o
HAL_PCD_SuspendCallback                           build/usbd_conf.o
                                                  build/stm32f0xx_hal_pcd.o
HAL_PWREx_DisableVddio2Monitor                    build/stm32f0xx_hal_pwr_ex.o
HAL_PWREx_EnableVddio2Monitor                     build/stm32f0xx_hal_pwr_ex.o
HAL_PWREx_Vddio2MonitorCallback                   build/stm32f0xx_hal_pwr_ex.o
HAL_PWREx_Vddio2Monitor_IRQHandler                build/stm32f0xx_hal_pwr_ex.o
HAL_PWR_ConfigPVD                                 build/stm32f0xx_hal_pwr_ex.o
HAL_PWR_DeInit                                    build/stm32f0xx_hal_pwr.o
HAL_PWR_DisableBkUpAccess                         build/stm32f0xx_hal_pwr.o
HAL_PWR_DisablePVD                                build/stm32f0xx_hal_pwr_ex.o
HAL_PWR_DisableSEVOnPend                          build/stm32f0xx_hal_pwr.o
HAL_PWR_DisableSleepOnExit                        build/stm32f0xx_hal_pwr.o
HAL_PWR_DisableWakeUpPin                          build/stm32f0xx_hal_pwr.o
HAL_PWR_EnableBkUpAccess                          build/stm32f0xx_hal_pwr.o
HAL_PWR_EnablePVD                                 build/stm32f0xx_hal_pwr_ex.o
HAL_PWR_EnableSEVOnPend                           build/stm32f0xx_hal_pwr.o
HAL_PWR_EnableSleepOnExit                         build/stm32f0xx_hal_pwr.o
HAL_PWR_EnableWakeUpPin                           build/stm32f0xx_hal_pwr.o
HAL_PWR_EnterSLEEPMode                            build/stm32f0xx_hal_pwr.o
HAL_PWR_EnterSTANDBYMode                          build/stm32f0xx_hal_pwr.o
HAL_PWR_EnterSTOPMode                             build/stm32f0xx_hal_pwr.o
HAL_PWR_PVDCallback                               build/stm32f0xx_hal_pwr_ex.o
HAL_PWR_PVD_IRQHandler                            build/stm32f0xx_hal_pwr_ex.o
HAL_RCCEx_CRSConfig                               build/stm32f0xx_hal_rcc_ex.o
HAL_RCCEx_CRSGetSynchronizationInfo               build/stm32f0xx_hal_rcc_ex.o
HAL_RCCEx_CRSSoftwareSynchronizationGenerate      build/stm32f0xx_hal_rcc_ex.o
HAL_RCCEx_CRSWaitSynchronization                  build/stm32f0xx_hal_rcc_ex.o
HAL_RCCEx_CRS_ErrorCallback                       build/stm32f0xx_hal_rcc_ex.o
HAL_RCCEx_CRS_ExpectedSyncCallback                build/stm32f0xx_hal_rcc_ex.o
HAL_RCCEx_CRS_IRQHandler                          build/stm32f0xx_hal_rcc_ex.o
HAL_RCCEx_CRS_SyncOkCallback                      build/stm32f0xx_hal_rcc_ex.o
HAL_RCCEx_CRS_SyncWarnCallback                    build/stm32f0xx_hal_rcc_ex.o
HAL_RCCEx_GetPeriphCLKConfig                      build/stm32f0xx_hal_rcc_ex.o
HAL_RCCEx_GetPeriphCLKFreq                        build/stm32f0xx_hal_rcc_ex.o
HAL_RCCEx_PeriphCLKConfig                         build/stm32f0xx_hal_rcc_ex.o
                                                  build/main.o
HAL_RCC_CSSCallback                               build/stm32f0xx_hal_rcc.o
HAL_RCC_ClockConfig                               build/stm32f0xx_hal_rcc.o
                                                  build/main.o
HAL_RCC_DeInit                                    build/stm32f0xx_hal_rcc.o
HAL_RCC_DisableCSS                                build/stm32f0xx_hal_rcc.o
HAL_RCC_EnableCSS                                 build/stm32f0xx_hal_rcc.o
HAL_RCC_GetClockConfig                            build/stm32f0xx_hal_rcc.o
HAL_RCC_GetHCLKFreq                               build/stm32f0xx_hal_rcc.o
                                                  build/main.o
                                                  build/stm32f0xx_hal.o
HAL_RCC_GetOscConfig                              build/stm32f0xx_hal_rcc.o
HAL_RCC_GetPCLK1Freq                              build/stm32f0xx_hal_rcc.o
                                                  build/stm32f0xx_hal_rcc_ex.o
HAL_RCC_GetSysClockFreq                           build/stm32f0xx_hal_rcc.o
                                                  build/stm32f0xx_hal_rcc_ex.o
HAL_RCC_MCOConfig                                 build/stm32f0xx_hal_rcc.o
HAL_RCC_NMI_IRQHandler                            build/stm32f0xx_hal_rcc.o
HAL_RCC_OscConfig                                 build/stm32f0xx_hal_rcc.o
                                                  build/main.o
HAL_ResumeTick                                    build/stm32f0xx_hal.o
HAL_SYSTICK_CLKSourceConfig                       build/stm32f0xx_hal_cortex.o
                                                  build/main.o
HAL_SYSTICK_Callback                              build/stm32f0xx_hal_cortex.o
HAL_SYSTICK_Config                                build/stm32f0xx_hal_cortex.o
                                                  build/main.o
                                                  build/stm32f0xx_hal.o
HAL_SYSTICK_IRQHandler                            build/stm32f0xx_hal_cortex.o
                                                  build/stm32f0xx_it.o
HAL_SuspendTick                                   build/stm32f0xx_hal.o
HAL_TIMEx_BreakCallback                           build/stm32f0xx_hal_tim_ex.o
                                                  build/stm32f0xx_hal_tim.o
HAL_TIMEx_CommutationCallback                     build/stm32f0xx_hal_tim_ex.o
                                                  build/stm32f0xx_hal_tim.o
HAL_TIMEx_ConfigBreakDeadTime                     build/stm32f0xx_hal_tim_ex.o
HAL_TIMEx_ConfigCommutationEvent                  build/stm32f0xx_hal_tim_ex.o
HAL_TIMEx_ConfigCommutationEvent_DMA              build/stm32f0xx_hal_tim_ex.o
HAL_TIMEx_ConfigCommutationEvent_IT               build/stm32f0xx_hal_tim_ex.o
HAL_TIMEx_HallSensor_DeInit                       build/stm32f0xx_hal_tim_ex.o
HAL_TIMEx_HallSensor_GetState                     build/stm32f0xx_hal_tim_ex.o
HAL_TIMEx_HallSensor_Init                         build/stm32f0xx_hal_tim_ex.o
HAL_TIMEx_HallSensor_MspDeInit                    build/stm32f0xx_hal_tim_ex.o
HAL_TIMEx_HallSensor_MspInit                      build/stm32f0xx_hal_tim_ex.o
HAL_TIMEx_HallSensor_Start                        build/stm32f0xx_hal_tim_ex.o
HAL_TIMEx_HallSensor_Start_DMA                    build/stm32f0xx_hal_tim_ex.o
HAL_TIMEx_HallSensor_Start_IT                     build/stm32f0xx_hal_tim_ex.o
HAL_TIMEx_HallSensor_Stop                         build/stm32f0xx_hal_tim_ex.o
HAL_TIMEx_HallSensor_Stop_DMA                     build/stm32f0xx_hal_tim_ex.o
HAL_TIMEx_HallSensor_Stop_IT                      build/stm32f0xx_hal_tim_ex.o
HAL_TIMEx_MasterConfigSynchronization             build/stm32f0xx_hal_tim_ex.o
                                                  build/main.o
HAL_TIMEx_OCN_Start                               build/stm32f0xx_hal_tim_ex.o
HAL_TIMEx_OCN_Start_DMA                           build/stm32f0xx_hal_tim_ex.o
HAL_TIMEx_OCN_Start_IT                            build/stm32f0xx_hal_tim_ex.o
HAL_TIMEx_OCN_Stop                                build/stm32f0xx_hal_tim_ex.o
HAL_TIMEx_OCN_Stop_DMA                            build/stm32f0xx_hal_tim_ex.o
HAL_TIMEx_OCN_Stop_IT                             build/stm32f0xx_hal_tim_ex.o
HAL_TIMEx_OnePulseN_Start                         build/stm32f0xx_hal_tim_ex.o
HAL_TIMEx_OnePulseN_Start_IT                      build/stm32f0xx_hal_tim_ex.o
HAL_TIMEx_OnePulseN_Stop                          build/stm32f0xx_hal_tim_ex.o
HAL_TIMEx_OnePulseN_Stop_IT                       build/stm32f0xx_hal_tim_ex.o
HAL_TIMEx_PWMN_Start                              build/stm32f0xx_hal_tim_ex.o
HAL_TIMEx_PWMN_Start_DMA                          build/stm32f0xx_hal_tim_ex.o
HAL_TIMEx_PWMN_Start_IT                           build/stm32f0xx_hal_tim_ex.o
HAL_TIMEx_PWMN_Stop                               build/stm32f0xx_hal_tim_ex.o
HAL_TIMEx_PWMN_Stop_DMA                           build/stm32f0xx_hal_tim_ex.o
HAL_TIMEx_PWMN_Stop_IT                            build/stm32f0xx_hal_tim_ex.o
HAL_TIMEx_RemapConfig                             build/stm32f0xx_hal_tim_ex.o
HAL_TIM_Base_DeInit                               build/stm32f0xx_hal_tim.o
HAL_TIM_Base_GetState                             build/stm32f0xx_hal_tim.o
HAL_TIM_Base_Init                                 build/stm32f0xx_hal_tim.o
                                                  build/main.o
HAL_TIM_Base_MspDeInit                            build/stm32f0xx_hal_msp.o
HAL_TIM_Base_MspInit                              build/stm32f0xx_hal_msp.o
HAL_TIM_Base_Start                                build/stm32f0xx_hal_tim.o
                                                  build/main.o
HAL_TIM_Base_Start_DMA                            build/stm32f0xx_hal_tim.o
HAL_TIM_Base_Start_IT                             build/stm32f0xx_hal_tim.o
                                                  build/main.o
HAL_TIM_Base_Stop                                 build/stm32f0xx_hal_tim.o
HAL_TIM_Base_Stop_DMA                             build/stm32f0xx_hal_tim.o
HAL_TIM_Base_Stop_IT                              build/stm32f0xx_hal_tim.o
HAL_TIM_ConfigClockSource                         build/stm32f0xx_hal_tim.o
HAL_TIM_ConfigOCrefClear                          build/stm32f0xx_hal_tim_ex.o
HAL_TIM_ConfigTI1Input                            build/stm32f0xx_hal_tim.o
HAL_TIM_DMABurst_MultiReadStart                   build/stm32f0xx_hal_tim.o
HAL_TIM_DMABurst_MultiWriteStart                  build/stm32f0xx_hal_tim.o
HAL_TIM_DMABurst_ReadStart                        build/stm32f0xx_hal_tim.o
HAL_TIM_DMABurst_ReadStop                         build/stm32f0xx_hal_tim.o
HAL_TIM_DMABurst_WriteStart                       build/stm32f0xx_hal_tim.o
HAL_TIM_DMABurst_WriteStop                        build/stm32f0xx_hal_tim.o
HAL_TIM_Encoder_DeInit                            build/stm32f0xx_hal_tim.o
HAL_TIM_Encoder_GetState                          build/stm32f0xx_hal_tim.o
HAL_TIM_Encoder_Init                              build/stm32f0xx_hal_tim.o
HAL_TIM_Encoder_MspDeInit                         build/stm32f0xx_hal_tim.o